<?xml version="1.0" encoding="ISO-8859-1" ?>
<link_info>
   <banner>TI ARM Linker PC v20.2.7.LTS</banner>
   <copyright>Copyright (c) 1996-2018 Texas Instruments Incorporated</copyright>
   <link_time>0x6568299b</link_time>
   <link_errors>0x0</link_errors>
   <output_file>SL_Lib.out</output_file>
   <entry_point>
      <name>_c_int00</name>
      <address>0xf184</address>
   </entry_point>
   <input_file_list>
      <input_file id="fl-2">
         <path>.\SL_Lib\source\</path>
         <kind>object</kind>
         <file>SFC5500Device.obj</file>
         <name>SFC5500Device.obj</name>
      </input_file>
      <input_file id="fl-3">
         <path>.\SL_Lib\source\</path>
         <kind>object</kind>
         <file>SmartLungGasSensing.obj</file>
         <name>SmartLungGasSensing.obj</name>
      </input_file>
      <input_file id="fl-4">
         <path>.\SL_Lib\source\</path>
         <kind>object</kind>
         <file>adc.obj</file>
         <name>adc.obj</name>
      </input_file>
      <input_file id="fl-5">
         <path>.\SL_Lib\source\</path>
         <kind>object</kind>
         <file>can.obj</file>
         <name>can.obj</name>
      </input_file>
      <input_file id="fl-6">
         <path>.\SL_Lib\source\</path>
         <kind>object</kind>
         <file>crc.obj</file>
         <name>crc.obj</name>
      </input_file>
      <input_file id="fl-7">
         <path>.\SL_Lib\source\</path>
         <kind>object</kind>
         <file>dabort.obj</file>
         <name>dabort.obj</name>
      </input_file>
      <input_file id="fl-8">
         <path>.\SL_Lib\source\</path>
         <kind>object</kind>
         <file>dcc.obj</file>
         <name>dcc.obj</name>
      </input_file>
      <input_file id="fl-9">
         <path>.\SL_Lib\source\</path>
         <kind>object</kind>
         <file>ecap.obj</file>
         <name>ecap.obj</name>
      </input_file>
      <input_file id="fl-a">
         <path>.\SL_Lib\source\</path>
         <kind>object</kind>
         <file>emac.obj</file>
         <name>emac.obj</name>
      </input_file>
      <input_file id="fl-b">
         <path>.\SL_Lib\source\</path>
         <kind>object</kind>
         <file>eqep.obj</file>
         <name>eqep.obj</name>
      </input_file>
      <input_file id="fl-c">
         <path>.\SL_Lib\source\</path>
         <kind>object</kind>
         <file>errata_SSWF021_45.obj</file>
         <name>errata_SSWF021_45.obj</name>
      </input_file>
      <input_file id="fl-d">
         <path>.\SL_Lib\source\</path>
         <kind>object</kind>
         <file>esm.obj</file>
         <name>esm.obj</name>
      </input_file>
      <input_file id="fl-e">
         <path>.\SL_Lib\source\</path>
         <kind>object</kind>
         <file>etpwm.obj</file>
         <name>etpwm.obj</name>
      </input_file>
      <input_file id="fl-f">
         <path>.\SL_Lib\source\</path>
         <kind>object</kind>
         <file>gio.obj</file>
         <name>gio.obj</name>
      </input_file>
      <input_file id="fl-10">
         <path>.\SL_Lib\source\</path>
         <kind>object</kind>
         <file>het.obj</file>
         <name>het.obj</name>
      </input_file>
      <input_file id="fl-11">
         <path>.\SL_Lib\source\</path>
         <kind>object</kind>
         <file>i2c.obj</file>
         <name>i2c.obj</name>
      </input_file>
      <input_file id="fl-12">
         <path>.\SL_Lib\source\</path>
         <kind>object</kind>
         <file>lin.obj</file>
         <name>lin.obj</name>
      </input_file>
      <input_file id="fl-13">
         <path>.\SL_Lib\source\</path>
         <kind>object</kind>
         <file>mdio.obj</file>
         <name>mdio.obj</name>
      </input_file>
      <input_file id="fl-14">
         <path>.\SL_Lib\source\</path>
         <kind>object</kind>
         <file>mibspi.obj</file>
         <name>mibspi.obj</name>
      </input_file>
      <input_file id="fl-15">
         <path>.\SL_Lib\source\</path>
         <kind>object</kind>
         <file>notification.obj</file>
         <name>notification.obj</name>
      </input_file>
      <input_file id="fl-16">
         <path>.\SL_Lib\source\</path>
         <kind>object</kind>
         <file>phy_dp83640.obj</file>
         <name>phy_dp83640.obj</name>
      </input_file>
      <input_file id="fl-17">
         <path>.\SL_Lib\source\</path>
         <kind>object</kind>
         <file>pinmux.obj</file>
         <name>pinmux.obj</name>
      </input_file>
      <input_file id="fl-18">
         <path>.\SL_Lib\source\</path>
         <kind>object</kind>
         <file>pom.obj</file>
         <name>pom.obj</name>
      </input_file>
      <input_file id="fl-19">
         <path>.\SL_Lib\source\</path>
         <kind>object</kind>
         <file>rti.obj</file>
         <name>rti.obj</name>
      </input_file>
      <input_file id="fl-1a">
         <path>.\SL_Lib\source\</path>
         <kind>object</kind>
         <file>sci.obj</file>
         <name>sci.obj</name>
      </input_file>
      <input_file id="fl-1b">
         <path>.\SL_Lib\source\</path>
         <kind>object</kind>
         <file>serial.obj</file>
         <name>serial.obj</name>
      </input_file>
      <input_file id="fl-1c">
         <path>.\SL_Lib\source\</path>
         <kind>object</kind>
         <file>servo_functions.obj</file>
         <name>servo_functions.obj</name>
      </input_file>
      <input_file id="fl-1d">
         <path>.\SL_Lib\source\</path>
         <kind>object</kind>
         <file>servo_sensirion.obj</file>
         <name>servo_sensirion.obj</name>
      </input_file>
      <input_file id="fl-1e">
         <path>.\SL_Lib\source\</path>
         <kind>object</kind>
         <file>servo_ventilation.obj</file>
         <name>servo_ventilation.obj</name>
      </input_file>
      <input_file id="fl-1f">
         <path>.\SL_Lib\source\</path>
         <kind>object</kind>
         <file>sfc5500_commands.obj</file>
         <name>sfc5500_commands.obj</name>
      </input_file>
      <input_file id="fl-20">
         <path>.\SL_Lib\source\</path>
         <kind>object</kind>
         <file>sfc5500_data.obj</file>
         <name>sfc5500_data.obj</name>
      </input_file>
      <input_file id="fl-21">
         <path>.\SL_Lib\source\</path>
         <kind>object</kind>
         <file>spi.obj</file>
         <name>spi.obj</name>
      </input_file>
      <input_file id="fl-22">
         <path>.\SL_Lib\source\</path>
         <kind>object</kind>
         <file>sys_core.obj</file>
         <name>sys_core.obj</name>
      </input_file>
      <input_file id="fl-23">
         <path>.\SL_Lib\source\</path>
         <kind>object</kind>
         <file>sys_dma.obj</file>
         <name>sys_dma.obj</name>
      </input_file>
      <input_file id="fl-24">
         <path>.\SL_Lib\source\</path>
         <kind>object</kind>
         <file>sys_intvecs.obj</file>
         <name>sys_intvecs.obj</name>
      </input_file>
      <input_file id="fl-25">
         <path>.\SL_Lib\source\</path>
         <kind>object</kind>
         <file>sys_main.obj</file>
         <name>sys_main.obj</name>
      </input_file>
      <input_file id="fl-26">
         <path>.\SL_Lib\source\</path>
         <kind>object</kind>
         <file>sys_mpu.obj</file>
         <name>sys_mpu.obj</name>
      </input_file>
      <input_file id="fl-27">
         <path>.\SL_Lib\source\</path>
         <kind>object</kind>
         <file>sys_pcr.obj</file>
         <name>sys_pcr.obj</name>
      </input_file>
      <input_file id="fl-28">
         <path>.\SL_Lib\source\</path>
         <kind>object</kind>
         <file>sys_phantom.obj</file>
         <name>sys_phantom.obj</name>
      </input_file>
      <input_file id="fl-29">
         <path>.\SL_Lib\source\</path>
         <kind>object</kind>
         <file>sys_pmm.obj</file>
         <name>sys_pmm.obj</name>
      </input_file>
      <input_file id="fl-2a">
         <path>.\SL_Lib\source\</path>
         <kind>object</kind>
         <file>sys_pmu.obj</file>
         <name>sys_pmu.obj</name>
      </input_file>
      <input_file id="fl-2b">
         <path>.\SL_Lib\source\</path>
         <kind>object</kind>
         <file>sys_selftest.obj</file>
         <name>sys_selftest.obj</name>
      </input_file>
      <input_file id="fl-2c">
         <path>.\SL_Lib\source\</path>
         <kind>object</kind>
         <file>sys_startup.obj</file>
         <name>sys_startup.obj</name>
      </input_file>
      <input_file id="fl-2d">
         <path>.\SL_Lib\source\</path>
         <kind>object</kind>
         <file>sys_vim.obj</file>
         <name>sys_vim.obj</name>
      </input_file>
      <input_file id="fl-2e">
         <path>.\SL_Lib\source\</path>
         <kind>object</kind>
         <file>system.obj</file>
         <name>system.obj</name>
      </input_file>
      <input_file id="fl-32">
         <kind>object</kind>
         <file>&lt;internal&gt;</file>
         <name>&lt;internal&gt;</name>
      </input_file>
      <input_file id="fl-33">
         <path>C:\ti\ccs1230\ccs\tools\compiler\ti-cgt-arm_20.2.7.LTS\lib\</path>
         <kind>archive</kind>
         <file>rtsv7R4_T_le_v3D16_eabi.lib</file>
         <name>s_floor.c.obj</name>
      </input_file>
      <input_file id="fl-34">
         <path>C:\ti\ccs1230\ccs\tools\compiler\ti-cgt-arm_20.2.7.LTS\lib\</path>
         <kind>archive</kind>
         <file>rtsv7R4_T_le_v3D16_eabi.lib</file>
         <name>printf.c.obj</name>
      </input_file>
      <input_file id="fl-35">
         <path>C:\ti\ccs1230\ccs\tools\compiler\ti-cgt-arm_20.2.7.LTS\lib\</path>
         <kind>archive</kind>
         <file>rtsv7R4_T_le_v3D16_eabi.lib</file>
         <name>fprintf.c.obj</name>
      </input_file>
      <input_file id="fl-36">
         <path>C:\ti\ccs1230\ccs\tools\compiler\ti-cgt-arm_20.2.7.LTS\lib\</path>
         <kind>archive</kind>
         <file>rtsv7R4_T_le_v3D16_eabi.lib</file>
         <name>_printfi.c.obj</name>
      </input_file>
      <input_file id="fl-37">
         <path>C:\ti\ccs1230\ccs\tools\compiler\ti-cgt-arm_20.2.7.LTS\lib\</path>
         <kind>archive</kind>
         <file>rtsv7R4_T_le_v3D16_eabi.lib</file>
         <name>sprintf.c.obj</name>
      </input_file>
      <input_file id="fl-38">
         <path>C:\ti\ccs1230\ccs\tools\compiler\ti-cgt-arm_20.2.7.LTS\lib\</path>
         <kind>archive</kind>
         <file>rtsv7R4_T_le_v3D16_eabi.lib</file>
         <name>sscanf.c.obj</name>
      </input_file>
      <input_file id="fl-39">
         <path>C:\ti\ccs1230\ccs\tools\compiler\ti-cgt-arm_20.2.7.LTS\lib\</path>
         <kind>archive</kind>
         <file>rtsv7R4_T_le_v3D16_eabi.lib</file>
         <name>fclose.c.obj</name>
      </input_file>
      <input_file id="fl-3a">
         <path>C:\ti\ccs1230\ccs\tools\compiler\ti-cgt-arm_20.2.7.LTS\lib\</path>
         <kind>archive</kind>
         <file>rtsv7R4_T_le_v3D16_eabi.lib</file>
         <name>fflush.c.obj</name>
      </input_file>
      <input_file id="fl-3b">
         <path>C:\ti\ccs1230\ccs\tools\compiler\ti-cgt-arm_20.2.7.LTS\lib\</path>
         <kind>archive</kind>
         <file>rtsv7R4_T_le_v3D16_eabi.lib</file>
         <name>fgetc.c.obj</name>
      </input_file>
      <input_file id="fl-3c">
         <path>C:\ti\ccs1230\ccs\tools\compiler\ti-cgt-arm_20.2.7.LTS\lib\</path>
         <kind>archive</kind>
         <file>rtsv7R4_T_le_v3D16_eabi.lib</file>
         <name>fopen.c.obj</name>
      </input_file>
      <input_file id="fl-3d">
         <path>C:\ti\ccs1230\ccs\tools\compiler\ti-cgt-arm_20.2.7.LTS\lib\</path>
         <kind>archive</kind>
         <file>rtsv7R4_T_le_v3D16_eabi.lib</file>
         <name>fputc.c.obj</name>
      </input_file>
      <input_file id="fl-3e">
         <path>C:\ti\ccs1230\ccs\tools\compiler\ti-cgt-arm_20.2.7.LTS\lib\</path>
         <kind>archive</kind>
         <file>rtsv7R4_T_le_v3D16_eabi.lib</file>
         <name>fputs.c.obj</name>
      </input_file>
      <input_file id="fl-3f">
         <path>C:\ti\ccs1230\ccs\tools\compiler\ti-cgt-arm_20.2.7.LTS\lib\</path>
         <kind>archive</kind>
         <file>rtsv7R4_T_le_v3D16_eabi.lib</file>
         <name>_bufread.c.obj</name>
      </input_file>
      <input_file id="fl-40">
         <path>C:\ti\ccs1230\ccs\tools\compiler\ti-cgt-arm_20.2.7.LTS\lib\</path>
         <kind>archive</kind>
         <file>rtsv7R4_T_le_v3D16_eabi.lib</file>
         <name>_io_perm.c.obj</name>
      </input_file>
      <input_file id="fl-41">
         <path>C:\ti\ccs1230\ccs\tools\compiler\ti-cgt-arm_20.2.7.LTS\lib\</path>
         <kind>archive</kind>
         <file>rtsv7R4_T_le_v3D16_eabi.lib</file>
         <name>setvbuf.c.obj</name>
      </input_file>
      <input_file id="fl-42">
         <path>C:\ti\ccs1230\ccs\tools\compiler\ti-cgt-arm_20.2.7.LTS\lib\</path>
         <kind>archive</kind>
         <file>rtsv7R4_T_le_v3D16_eabi.lib</file>
         <name>ll_tofs_t2.asm.obj</name>
      </input_file>
      <input_file id="fl-43">
         <path>C:\ti\ccs1230\ccs\tools\compiler\ti-cgt-arm_20.2.7.LTS\lib\</path>
         <kind>archive</kind>
         <file>rtsv7R4_T_le_v3D16_eabi.lib</file>
         <name>memcpy_t2.asm.obj</name>
      </input_file>
      <input_file id="fl-44">
         <path>C:\ti\ccs1230\ccs\tools\compiler\ti-cgt-arm_20.2.7.LTS\lib\</path>
         <kind>archive</kind>
         <file>rtsv7R4_T_le_v3D16_eabi.lib</file>
         <name>memset_t2.asm.obj</name>
      </input_file>
      <input_file id="fl-45">
         <path>C:\ti\ccs1230\ccs\tools\compiler\ti-cgt-arm_20.2.7.LTS\lib\</path>
         <kind>archive</kind>
         <file>rtsv7R4_T_le_v3D16_eabi.lib</file>
         <name>u_div32.asm.obj</name>
      </input_file>
      <input_file id="fl-46">
         <path>C:\ti\ccs1230\ccs\tools\compiler\ti-cgt-arm_20.2.7.LTS\lib\</path>
         <kind>archive</kind>
         <file>rtsv7R4_T_le_v3D16_eabi.lib</file>
         <name>ull_div32.asm.obj</name>
      </input_file>
      <input_file id="fl-47">
         <path>C:\ti\ccs1230\ccs\tools\compiler\ti-cgt-arm_20.2.7.LTS\lib\</path>
         <kind>archive</kind>
         <file>rtsv7R4_T_le_v3D16_eabi.lib</file>
         <name>autoinit.c.obj</name>
      </input_file>
      <input_file id="fl-48">
         <path>C:\ti\ccs1230\ccs\tools\compiler\ti-cgt-arm_20.2.7.LTS\lib\</path>
         <kind>archive</kind>
         <file>rtsv7R4_T_le_v3D16_eabi.lib</file>
         <name>cpy_tbl.c.obj</name>
      </input_file>
      <input_file id="fl-49">
         <path>C:\ti\ccs1230\ccs\tools\compiler\ti-cgt-arm_20.2.7.LTS\lib\</path>
         <kind>archive</kind>
         <file>rtsv7R4_T_le_v3D16_eabi.lib</file>
         <name>copy_zero_init.c.obj</name>
      </input_file>
      <input_file id="fl-4a">
         <path>C:\ti\ccs1230\ccs\tools\compiler\ti-cgt-arm_20.2.7.LTS\lib\</path>
         <kind>archive</kind>
         <file>rtsv7R4_T_le_v3D16_eabi.lib</file>
         <name>copy_decompress_none.c.obj</name>
      </input_file>
      <input_file id="fl-4b">
         <path>C:\ti\ccs1230\ccs\tools\compiler\ti-cgt-arm_20.2.7.LTS\lib\</path>
         <kind>archive</kind>
         <file>rtsv7R4_T_le_v3D16_eabi.lib</file>
         <name>copy_decompress_lzss.c.obj</name>
      </input_file>
      <input_file id="fl-4c">
         <path>C:\ti\ccs1230\ccs\tools\compiler\ti-cgt-arm_20.2.7.LTS\lib\</path>
         <kind>archive</kind>
         <file>rtsv7R4_T_le_v3D16_eabi.lib</file>
         <name>exit.c.obj</name>
      </input_file>
      <input_file id="fl-4d">
         <path>C:\ti\ccs1230\ccs\tools\compiler\ti-cgt-arm_20.2.7.LTS\lib\</path>
         <kind>archive</kind>
         <file>rtsv7R4_T_le_v3D16_eabi.lib</file>
         <name>_lock.c.obj</name>
      </input_file>
      <input_file id="fl-4e">
         <path>C:\ti\ccs1230\ccs\tools\compiler\ti-cgt-arm_20.2.7.LTS\lib\</path>
         <kind>archive</kind>
         <file>rtsv7R4_T_le_v3D16_eabi.lib</file>
         <name>_ltoa.c.obj</name>
      </input_file>
      <input_file id="fl-4f">
         <path>C:\ti\ccs1230\ccs\tools\compiler\ti-cgt-arm_20.2.7.LTS\lib\</path>
         <kind>archive</kind>
         <file>rtsv7R4_T_le_v3D16_eabi.lib</file>
         <name>asctime.c.obj</name>
      </input_file>
      <input_file id="fl-50">
         <path>C:\ti\ccs1230\ccs\tools\compiler\ti-cgt-arm_20.2.7.LTS\lib\</path>
         <kind>archive</kind>
         <file>rtsv7R4_T_le_v3D16_eabi.lib</file>
         <name>atof.c.obj</name>
      </input_file>
      <input_file id="fl-51">
         <path>C:\ti\ccs1230\ccs\tools\compiler\ti-cgt-arm_20.2.7.LTS\lib\</path>
         <kind>archive</kind>
         <file>rtsv7R4_T_le_v3D16_eabi.lib</file>
         <name>atoi.c.obj</name>
      </input_file>
      <input_file id="fl-52">
         <path>C:\ti\ccs1230\ccs\tools\compiler\ti-cgt-arm_20.2.7.LTS\lib\</path>
         <kind>archive</kind>
         <file>rtsv7R4_T_le_v3D16_eabi.lib</file>
         <name>atoll.c.obj</name>
      </input_file>
      <input_file id="fl-53">
         <path>C:\ti\ccs1230\ccs\tools\compiler\ti-cgt-arm_20.2.7.LTS\lib\</path>
         <kind>archive</kind>
         <file>rtsv7R4_T_le_v3D16_eabi.lib</file>
         <name>ctype.c.obj</name>
      </input_file>
      <input_file id="fl-54">
         <path>C:\ti\ccs1230\ccs\tools\compiler\ti-cgt-arm_20.2.7.LTS\lib\</path>
         <kind>archive</kind>
         <file>rtsv7R4_T_le_v3D16_eabi.lib</file>
         <name>defs.c.obj</name>
      </input_file>
      <input_file id="fl-55">
         <path>C:\ti\ccs1230\ccs\tools\compiler\ti-cgt-arm_20.2.7.LTS\lib\</path>
         <kind>archive</kind>
         <file>rtsv7R4_T_le_v3D16_eabi.lib</file>
         <name>localtim.c.obj</name>
      </input_file>
      <input_file id="fl-56">
         <path>C:\ti\ccs1230\ccs\tools\compiler\ti-cgt-arm_20.2.7.LTS\lib\</path>
         <kind>archive</kind>
         <file>rtsv7R4_T_le_v3D16_eabi.lib</file>
         <name>memccpy.c.obj</name>
      </input_file>
      <input_file id="fl-57">
         <path>C:\ti\ccs1230\ccs\tools\compiler\ti-cgt-arm_20.2.7.LTS\lib\</path>
         <kind>archive</kind>
         <file>rtsv7R4_T_le_v3D16_eabi.lib</file>
         <name>memchr.c.obj</name>
      </input_file>
      <input_file id="fl-58">
         <path>C:\ti\ccs1230\ccs\tools\compiler\ti-cgt-arm_20.2.7.LTS\lib\</path>
         <kind>archive</kind>
         <file>rtsv7R4_T_le_v3D16_eabi.lib</file>
         <name>memory.c.obj</name>
      </input_file>
      <input_file id="fl-59">
         <path>C:\ti\ccs1230\ccs\tools\compiler\ti-cgt-arm_20.2.7.LTS\lib\</path>
         <kind>archive</kind>
         <file>rtsv7R4_T_le_v3D16_eabi.lib</file>
         <name>mktime.c.obj</name>
      </input_file>
      <input_file id="fl-5a">
         <path>C:\ti\ccs1230\ccs\tools\compiler\ti-cgt-arm_20.2.7.LTS\lib\</path>
         <kind>archive</kind>
         <file>rtsv7R4_T_le_v3D16_eabi.lib</file>
         <name>strcat.c.obj</name>
      </input_file>
      <input_file id="fl-5b">
         <path>C:\ti\ccs1230\ccs\tools\compiler\ti-cgt-arm_20.2.7.LTS\lib\</path>
         <kind>archive</kind>
         <file>rtsv7R4_T_le_v3D16_eabi.lib</file>
         <name>strchr.c.obj</name>
      </input_file>
      <input_file id="fl-5c">
         <path>C:\ti\ccs1230\ccs\tools\compiler\ti-cgt-arm_20.2.7.LTS\lib\</path>
         <kind>archive</kind>
         <file>rtsv7R4_T_le_v3D16_eabi.lib</file>
         <name>strcmp.c.obj</name>
      </input_file>
      <input_file id="fl-5d">
         <path>C:\ti\ccs1230\ccs\tools\compiler\ti-cgt-arm_20.2.7.LTS\lib\</path>
         <kind>archive</kind>
         <file>rtsv7R4_T_le_v3D16_eabi.lib</file>
         <name>strcpy.c.obj</name>
      </input_file>
      <input_file id="fl-5e">
         <path>C:\ti\ccs1230\ccs\tools\compiler\ti-cgt-arm_20.2.7.LTS\lib\</path>
         <kind>archive</kind>
         <file>rtsv7R4_T_le_v3D16_eabi.lib</file>
         <name>strlen.c.obj</name>
      </input_file>
      <input_file id="fl-5f">
         <path>C:\ti\ccs1230\ccs\tools\compiler\ti-cgt-arm_20.2.7.LTS\lib\</path>
         <kind>archive</kind>
         <file>rtsv7R4_T_le_v3D16_eabi.lib</file>
         <name>strtod.c.obj</name>
      </input_file>
      <input_file id="fl-60">
         <path>C:\ti\ccs1230\ccs\tools\compiler\ti-cgt-arm_20.2.7.LTS\lib\</path>
         <kind>archive</kind>
         <file>rtsv7R4_T_le_v3D16_eabi.lib</file>
         <name>strtok.c.obj</name>
      </input_file>
      <input_file id="fl-61">
         <path>C:\ti\ccs1230\ccs\tools\compiler\ti-cgt-arm_20.2.7.LTS\lib\</path>
         <kind>archive</kind>
         <file>rtsv7R4_T_le_v3D16_eabi.lib</file>
         <name>tmzone.c.obj</name>
      </input_file>
      <input_file id="fl-62">
         <path>C:\ti\ccs1230\ccs\tools\compiler\ti-cgt-arm_20.2.7.LTS\lib\</path>
         <kind>archive</kind>
         <file>rtsv7R4_T_le_v3D16_eabi.lib</file>
         <name>write.c.obj</name>
      </input_file>
      <input_file id="fl-63">
         <path>C:\ti\ccs1230\ccs\tools\compiler\ti-cgt-arm_20.2.7.LTS\lib\</path>
         <kind>archive</kind>
         <file>rtsv7R4_T_le_v3D16_eabi.lib</file>
         <name>host_device.c.obj</name>
      </input_file>
      <input_file id="fl-64">
         <path>C:\ti\ccs1230\ccs\tools\compiler\ti-cgt-arm_20.2.7.LTS\lib\</path>
         <kind>archive</kind>
         <file>rtsv7R4_T_le_v3D16_eabi.lib</file>
         <name>time.c.obj</name>
      </input_file>
      <input_file id="fl-65">
         <path>C:\ti\ccs1230\ccs\tools\compiler\ti-cgt-arm_20.2.7.LTS\lib\</path>
         <kind>archive</kind>
         <file>rtsv7R4_T_le_v3D16_eabi.lib</file>
         <name>remove.c.obj</name>
      </input_file>
      <input_file id="fl-66">
         <path>C:\ti\ccs1230\ccs\tools\compiler\ti-cgt-arm_20.2.7.LTS\lib\</path>
         <kind>archive</kind>
         <file>rtsv7R4_T_le_v3D16_eabi.lib</file>
         <name>open.c.obj</name>
      </input_file>
      <input_file id="fl-67">
         <path>C:\ti\ccs1230\ccs\tools\compiler\ti-cgt-arm_20.2.7.LTS\lib\</path>
         <kind>archive</kind>
         <file>rtsv7R4_T_le_v3D16_eabi.lib</file>
         <name>close.c.obj</name>
      </input_file>
      <input_file id="fl-68">
         <path>C:\ti\ccs1230\ccs\tools\compiler\ti-cgt-arm_20.2.7.LTS\lib\</path>
         <kind>archive</kind>
         <file>rtsv7R4_T_le_v3D16_eabi.lib</file>
         <name>clock.c.obj</name>
      </input_file>
      <input_file id="fl-69">
         <path>C:\ti\ccs1230\ccs\tools\compiler\ti-cgt-arm_20.2.7.LTS\lib\</path>
         <kind>archive</kind>
         <file>rtsv7R4_T_le_v3D16_eabi.lib</file>
         <name>errno.c.obj</name>
      </input_file>
      <input_file id="fl-6a">
         <path>C:\ti\ccs1230\ccs\tools\compiler\ti-cgt-arm_20.2.7.LTS\lib\</path>
         <kind>archive</kind>
         <file>rtsv7R4_T_le_v3D16_eabi.lib</file>
         <name>wcslen.c.obj</name>
      </input_file>
      <input_file id="fl-6b">
         <path>C:\ti\ccs1230\ccs\tools\compiler\ti-cgt-arm_20.2.7.LTS\lib\</path>
         <kind>archive</kind>
         <file>rtsv7R4_T_le_v3D16_eabi.lib</file>
         <name>s_frexp.c.obj</name>
      </input_file>
      <input_file id="fl-6c">
         <path>C:\ti\ccs1230\ccs\tools\compiler\ti-cgt-arm_20.2.7.LTS\lib\</path>
         <kind>archive</kind>
         <file>rtsv7R4_T_le_v3D16_eabi.lib</file>
         <name>s_scalbn.c.obj</name>
      </input_file>
      <input_file id="fl-6d">
         <path>C:\ti\ccs1230\ccs\tools\compiler\ti-cgt-arm_20.2.7.LTS\lib\</path>
         <kind>archive</kind>
         <file>rtsv7R4_T_le_v3D16_eabi.lib</file>
         <name>snprintf.c.obj</name>
      </input_file>
      <input_file id="fl-6e">
         <path>C:\ti\ccs1230\ccs\tools\compiler\ti-cgt-arm_20.2.7.LTS\lib\</path>
         <kind>archive</kind>
         <file>rtsv7R4_T_le_v3D16_eabi.lib</file>
         <name>_scanfi.c.obj</name>
      </input_file>
      <input_file id="fl-6f">
         <path>C:\ti\ccs1230\ccs\tools\compiler\ti-cgt-arm_20.2.7.LTS\lib\</path>
         <kind>archive</kind>
         <file>rtsv7R4_T_le_v3D16_eabi.lib</file>
         <name>fseek.c.obj</name>
      </input_file>
      <input_file id="fl-70">
         <path>C:\ti\ccs1230\ccs\tools\compiler\ti-cgt-arm_20.2.7.LTS\lib\</path>
         <kind>archive</kind>
         <file>rtsv7R4_T_le_v3D16_eabi.lib</file>
         <name>getdevice.c.obj</name>
      </input_file>
      <input_file id="fl-71">
         <path>C:\ti\ccs1230\ccs\tools\compiler\ti-cgt-arm_20.2.7.LTS\lib\</path>
         <kind>archive</kind>
         <file>rtsv7R4_T_le_v3D16_eabi.lib</file>
         <name>div0.asm.obj</name>
      </input_file>
      <input_file id="fl-72">
         <path>C:\ti\ccs1230\ccs\tools\compiler\ti-cgt-arm_20.2.7.LTS\lib\</path>
         <kind>archive</kind>
         <file>rtsv7R4_T_le_v3D16_eabi.lib</file>
         <name>ll_div32.asm.obj</name>
      </input_file>
      <input_file id="fl-73">
         <path>C:\ti\ccs1230\ccs\tools\compiler\ti-cgt-arm_20.2.7.LTS\lib\</path>
         <kind>archive</kind>
         <file>rtsv7R4_T_le_v3D16_eabi.lib</file>
         <name>strcspn.c.obj</name>
      </input_file>
      <input_file id="fl-74">
         <path>C:\ti\ccs1230\ccs\tools\compiler\ti-cgt-arm_20.2.7.LTS\lib\</path>
         <kind>archive</kind>
         <file>rtsv7R4_T_le_v3D16_eabi.lib</file>
         <name>strncpy.c.obj</name>
      </input_file>
      <input_file id="fl-75">
         <path>C:\ti\ccs1230\ccs\tools\compiler\ti-cgt-arm_20.2.7.LTS\lib\</path>
         <kind>archive</kind>
         <file>rtsv7R4_T_le_v3D16_eabi.lib</file>
         <name>strrchr.c.obj</name>
      </input_file>
      <input_file id="fl-76">
         <path>C:\ti\ccs1230\ccs\tools\compiler\ti-cgt-arm_20.2.7.LTS\lib\</path>
         <kind>archive</kind>
         <file>rtsv7R4_T_le_v3D16_eabi.lib</file>
         <name>strspn.c.obj</name>
      </input_file>
      <input_file id="fl-77">
         <path>C:\ti\ccs1230\ccs\tools\compiler\ti-cgt-arm_20.2.7.LTS\lib\</path>
         <kind>archive</kind>
         <file>rtsv7R4_T_le_v3D16_eabi.lib</file>
         <name>strtol.c.obj</name>
      </input_file>
      <input_file id="fl-78">
         <path>C:\ti\ccs1230\ccs\tools\compiler\ti-cgt-arm_20.2.7.LTS\lib\</path>
         <kind>archive</kind>
         <file>rtsv7R4_T_le_v3D16_eabi.lib</file>
         <name>strtoll.c.obj</name>
      </input_file>
      <input_file id="fl-79">
         <path>C:\ti\ccs1230\ccs\tools\compiler\ti-cgt-arm_20.2.7.LTS\lib\</path>
         <kind>archive</kind>
         <file>rtsv7R4_T_le_v3D16_eabi.lib</file>
         <name>strtoul.c.obj</name>
      </input_file>
      <input_file id="fl-7a">
         <path>C:\ti\ccs1230\ccs\tools\compiler\ti-cgt-arm_20.2.7.LTS\lib\</path>
         <kind>archive</kind>
         <file>rtsv7R4_T_le_v3D16_eabi.lib</file>
         <name>strtoull.c.obj</name>
      </input_file>
      <input_file id="fl-7b">
         <path>C:\ti\ccs1230\ccs\tools\compiler\ti-cgt-arm_20.2.7.LTS\lib\</path>
         <kind>archive</kind>
         <file>rtsv7R4_T_le_v3D16_eabi.lib</file>
         <name>unlink.c.obj</name>
      </input_file>
      <input_file id="fl-7c">
         <path>C:\ti\ccs1230\ccs\tools\compiler\ti-cgt-arm_20.2.7.LTS\lib\</path>
         <kind>archive</kind>
         <file>rtsv7R4_T_le_v3D16_eabi.lib</file>
         <name>hostclock.c.obj</name>
      </input_file>
      <input_file id="fl-7d">
         <path>C:\ti\ccs1230\ccs\tools\compiler\ti-cgt-arm_20.2.7.LTS\lib\</path>
         <kind>archive</kind>
         <file>rtsv7R4_T_le_v3D16_eabi.lib</file>
         <name>hostclose.c.obj</name>
      </input_file>
      <input_file id="fl-7e">
         <path>C:\ti\ccs1230\ccs\tools\compiler\ti-cgt-arm_20.2.7.LTS\lib\</path>
         <kind>archive</kind>
         <file>rtsv7R4_T_le_v3D16_eabi.lib</file>
         <name>hostlseek.c.obj</name>
      </input_file>
      <input_file id="fl-7f">
         <path>C:\ti\ccs1230\ccs\tools\compiler\ti-cgt-arm_20.2.7.LTS\lib\</path>
         <kind>archive</kind>
         <file>rtsv7R4_T_le_v3D16_eabi.lib</file>
         <name>hostopen.c.obj</name>
      </input_file>
      <input_file id="fl-80">
         <path>C:\ti\ccs1230\ccs\tools\compiler\ti-cgt-arm_20.2.7.LTS\lib\</path>
         <kind>archive</kind>
         <file>rtsv7R4_T_le_v3D16_eabi.lib</file>
         <name>hostread.c.obj</name>
      </input_file>
      <input_file id="fl-81">
         <path>C:\ti\ccs1230\ccs\tools\compiler\ti-cgt-arm_20.2.7.LTS\lib\</path>
         <kind>archive</kind>
         <file>rtsv7R4_T_le_v3D16_eabi.lib</file>
         <name>hostrename.c.obj</name>
      </input_file>
      <input_file id="fl-82">
         <path>C:\ti\ccs1230\ccs\tools\compiler\ti-cgt-arm_20.2.7.LTS\lib\</path>
         <kind>archive</kind>
         <file>rtsv7R4_T_le_v3D16_eabi.lib</file>
         <name>hosttime.c.obj</name>
      </input_file>
      <input_file id="fl-83">
         <path>C:\ti\ccs1230\ccs\tools\compiler\ti-cgt-arm_20.2.7.LTS\lib\</path>
         <kind>archive</kind>
         <file>rtsv7R4_T_le_v3D16_eabi.lib</file>
         <name>hostunlink.c.obj</name>
      </input_file>
      <input_file id="fl-84">
         <path>C:\ti\ccs1230\ccs\tools\compiler\ti-cgt-arm_20.2.7.LTS\lib\</path>
         <kind>archive</kind>
         <file>rtsv7R4_T_le_v3D16_eabi.lib</file>
         <name>hostwrite.c.obj</name>
      </input_file>
      <input_file id="fl-85">
         <path>C:\ti\ccs1230\ccs\tools\compiler\ti-cgt-arm_20.2.7.LTS\lib\</path>
         <kind>archive</kind>
         <file>rtsv7R4_T_le_v3D16_eabi.lib</file>
         <name>trgmsg.c.obj</name>
      </input_file>
      <input_file id="fl-86">
         <path>C:\ti\ccs1230\ccs\tools\compiler\ti-cgt-arm_20.2.7.LTS\lib\</path>
         <kind>archive</kind>
         <file>rtsv7R4_T_le_v3D16_eabi.lib</file>
         <name>lseek.c.obj</name>
      </input_file>
      <input_file id="fl-87">
         <path>C:\ti\ccs1230\ccs\tools\compiler\ti-cgt-arm_20.2.7.LTS\lib\</path>
         <kind>archive</kind>
         <file>rtsv7R4_T_le_v3D16_eabi.lib</file>
         <name>s_copysign.c.obj</name>
      </input_file>
      <input_file id="fl-88">
         <path>C:\ti\ccs1230\ccs\tools\compiler\ti-cgt-arm_20.2.7.LTS\lib\</path>
         <kind>archive</kind>
         <file>rtsv7R4_T_le_v3D16_eabi.lib</file>
         <name>ll_mul_t2.asm.obj</name>
      </input_file>
   </input_file_list>
   <object_component_list>
      <object_component id="oc-37">
         <name>.intvecs</name>
         <load_address>0x0</load_address>
         <run_address>0x0</run_address>
         <size>0x20</size>
         <input_file_ref idref="fl-24"/>
      </object_component>
      <object_component id="oc-8b">
         <name>.text</name>
         <load_address>0x20</load_address>
         <run_address>0x20</run_address>
         <size>0x2cdc</size>
         <input_file_ref idref="fl-2b"/>
      </object_component>
      <object_component id="oc-15d">
         <name>.text</name>
         <load_address>0x2cfc</load_address>
         <run_address>0x2cfc</run_address>
         <size>0x1e4c</size>
         <input_file_ref idref="fl-1c"/>
      </object_component>
      <object_component id="oc-85">
         <name>.text</name>
         <load_address>0x4b48</load_address>
         <run_address>0x4b48</run_address>
         <size>0xb64</size>
         <input_file_ref idref="fl-2e"/>
      </object_component>
      <object_component id="oc-4bf">
         <name>.text:__TI_scanfi</name>
         <load_address>0x56ac</load_address>
         <run_address>0x56ac</run_address>
         <size>0xb2c</size>
         <input_file_ref idref="fl-6e"/>
      </object_component>
      <object_component id="oc-163">
         <name>.text</name>
         <load_address>0x61d8</load_address>
         <run_address>0x61d8</run_address>
         <size>0xacc</size>
         <input_file_ref idref="fl-1f"/>
      </object_component>
      <object_component id="oc-47">
         <name>.text</name>
         <load_address>0x6ca4</load_address>
         <run_address>0x6ca4</run_address>
         <size>0xa58</size>
         <input_file_ref idref="fl-2d"/>
      </object_component>
      <object_component id="oc-26b">
         <name>.text:__TI_printfi</name>
         <load_address>0x76fc</load_address>
         <run_address>0x76fc</run_address>
         <size>0xa46</size>
         <input_file_ref idref="fl-36"/>
      </object_component>
      <object_component id="oc-46e">
         <name>.text:_nop</name>
         <load_address>0x8142</load_address>
         <run_address>0x8142</run_address>
         <size>0x2</size>
         <input_file_ref idref="fl-4d"/>
      </object_component>
      <object_component id="oc-2cc">
         <name>.text</name>
         <load_address>0x8144</load_address>
         <run_address>0x8144</run_address>
         <size>0xa34</size>
         <input_file_ref idref="fl-1d"/>
      </object_component>
      <object_component id="oc-139">
         <name>.text</name>
         <load_address>0x8b78</load_address>
         <run_address>0x8b78</run_address>
         <size>0xa2c</size>
         <input_file_ref idref="fl-1a"/>
      </object_component>
      <object_component id="oc-157">
         <name>.text</name>
         <load_address>0x95a4</load_address>
         <run_address>0x95a4</run_address>
         <size>0x9cc</size>
         <input_file_ref idref="fl-3"/>
      </object_component>
      <object_component id="oc-33b">
         <name>.text</name>
         <load_address>0x9f70</load_address>
         <run_address>0x9f70</run_address>
         <size>0x93c</size>
         <input_file_ref idref="fl-9"/>
      </object_component>
      <object_component id="oc-145">
         <name>.text</name>
         <load_address>0xa8ac</load_address>
         <run_address>0xa8ac</run_address>
         <size>0x8f8</size>
         <input_file_ref idref="fl-10"/>
      </object_component>
      <object_component id="oc-341">
         <name>.text</name>
         <load_address>0xb1a4</load_address>
         <run_address>0xb1a4</run_address>
         <size>0x8d8</size>
         <input_file_ref idref="fl-11"/>
      </object_component>
      <object_component id="oc-f3">
         <name>.text</name>
         <load_address>0xba7c</load_address>
         <run_address>0xba7c</run_address>
         <size>0x8c0</size>
         <input_file_ref idref="fl-17"/>
      </object_component>
      <object_component id="oc-31">
         <name>.text:retain</name>
         <load_address>0xc33c</load_address>
         <run_address>0xc33c</run_address>
         <size>0x7a8</size>
         <input_file_ref idref="fl-1a"/>
      </object_component>
      <object_component id="oc-352">
         <name>.text</name>
         <load_address>0xcae4</load_address>
         <run_address>0xcae4</run_address>
         <size>0x6ac</size>
         <input_file_ref idref="fl-20"/>
      </object_component>
      <object_component id="oc-79">
         <name>.text</name>
         <load_address>0xd190</load_address>
         <run_address>0xd190</run_address>
         <size>0x664</size>
         <input_file_ref idref="fl-c"/>
      </object_component>
      <object_component id="oc-91">
         <name>.text</name>
         <load_address>0xd7f4</load_address>
         <run_address>0xd7f4</run_address>
         <size>0x5bc</size>
         <input_file_ref idref="fl-d"/>
      </object_component>
      <object_component id="oc-13f">
         <name>.text</name>
         <load_address>0xddb0</load_address>
         <run_address>0xddb0</run_address>
         <size>0x484</size>
         <input_file_ref idref="fl-f"/>
      </object_component>
      <object_component id="oc-4a6">
         <name>.text:strtod</name>
         <load_address>0xe234</load_address>
         <run_address>0xe234</run_address>
         <size>0x3e8</size>
         <input_file_ref idref="fl-5f"/>
      </object_component>
      <object_component id="oc-74">
         <name>.text</name>
         <load_address>0xe61c</load_address>
         <run_address>0xe61c</run_address>
         <size>0x34c</size>
         <input_file_ref idref="fl-22"/>
      </object_component>
      <object_component id="oc-42">
         <name>.text:retain</name>
         <load_address>0xe968</load_address>
         <run_address>0xe968</run_address>
         <size>0x2cc</size>
         <input_file_ref idref="fl-2d"/>
      </object_component>
      <object_component id="oc-5cc">
         <name>.text</name>
         <load_address>0xec34</load_address>
         <run_address>0xec34</run_address>
         <size>0x2b4</size>
         <input_file_ref idref="fl-46"/>
      </object_component>
      <object_component id="oc-507">
         <name>.text:__mktime32</name>
         <load_address>0xeee8</load_address>
         <run_address>0xeee8</run_address>
         <size>0x29c</size>
         <input_file_ref idref="fl-59"/>
      </object_component>
      <object_component id="oc-1c">
         <name>.text:retain</name>
         <load_address>0xf184</load_address>
         <run_address>0xf184</run_address>
         <size>0x288</size>
         <input_file_ref idref="fl-2c"/>
      </object_component>
      <object_component id="oc-44a">
         <name>.text:_pconv_a</name>
         <load_address>0xf40c</load_address>
         <run_address>0xf40c</run_address>
         <size>0x248</size>
         <input_file_ref idref="fl-36"/>
      </object_component>
      <object_component id="oc-98">
         <name>.text</name>
         <load_address>0xf654</load_address>
         <run_address>0xf654</run_address>
         <size>0x240</size>
         <input_file_ref idref="fl-25"/>
      </object_component>
      <object_component id="oc-a0">
         <name>.text</name>
         <load_address>0xf894</load_address>
         <run_address>0xf894</run_address>
         <size>0x228</size>
         <input_file_ref idref="fl-15"/>
      </object_component>
      <object_component id="oc-669">
         <name>.text:strtoll</name>
         <load_address>0xfabc</load_address>
         <run_address>0xfabc</run_address>
         <size>0x1e4</size>
         <input_file_ref idref="fl-78"/>
      </object_component>
      <object_component id="oc-438">
         <name>.text:_pconv_g</name>
         <load_address>0xfca0</load_address>
         <run_address>0xfca0</run_address>
         <size>0x1a0</size>
         <input_file_ref idref="fl-36"/>
      </object_component>
      <object_component id="oc-65d">
         <name>.text:strtoull</name>
         <load_address>0xfe40</load_address>
         <run_address>0xfe40</run_address>
         <size>0x164</size>
         <input_file_ref idref="fl-7a"/>
      </object_component>
      <object_component id="oc-30a">
         <name>.text:__localtime32</name>
         <load_address>0xffa4</load_address>
         <run_address>0xffa4</run_address>
         <size>0x134</size>
         <input_file_ref idref="fl-55"/>
      </object_component>
      <object_component id="oc-663">
         <name>.text:strtol</name>
         <load_address>0x100d8</load_address>
         <run_address>0x100d8</run_address>
         <size>0x130</size>
         <input_file_ref idref="fl-77"/>
      </object_component>
      <object_component id="oc-47c">
         <name>.text:fputs</name>
         <load_address>0x10208</load_address>
         <run_address>0x10208</run_address>
         <size>0x118</size>
         <input_file_ref idref="fl-3e"/>
      </object_component>
      <object_component id="oc-529">
         <name>.text:_openfile</name>
         <load_address>0x10320</load_address>
         <run_address>0x10320</run_address>
         <size>0x114</size>
         <input_file_ref idref="fl-3c"/>
      </object_component>
      <object_component id="oc-22">
         <name>.text:retain</name>
         <load_address>0x10434</load_address>
         <run_address>0x10434</run_address>
         <size>0x114</size>
         <input_file_ref idref="fl-d"/>
      </object_component>
      <object_component id="oc-657">
         <name>.text:strtoul</name>
         <load_address>0x10548</load_address>
         <run_address>0x10548</run_address>
         <size>0x110</size>
         <input_file_ref idref="fl-79"/>
      </object_component>
      <object_component id="oc-444">
         <name>.text:_pconv_e</name>
         <load_address>0x10658</load_address>
         <run_address>0x10658</run_address>
         <size>0x104</size>
         <input_file_ref idref="fl-36"/>
      </object_component>
      <object_component id="oc-500">
         <name>.text:aligned_alloc</name>
         <load_address>0x1075c</load_address>
         <run_address>0x1075c</run_address>
         <size>0x100</size>
         <input_file_ref idref="fl-58"/>
      </object_component>
      <object_component id="oc-5e5">
         <name>.text:fcvt</name>
         <load_address>0x1085c</load_address>
         <run_address>0x1085c</run_address>
         <size>0xfc</size>
         <input_file_ref idref="fl-36"/>
      </object_component>
      <object_component id="oc-5f9">
         <name>.text:scalbn</name>
         <load_address>0x10958</load_address>
         <run_address>0x10958</run_address>
         <size>0xf0</size>
         <input_file_ref idref="fl-6c"/>
      </object_component>
      <object_component id="oc-b4">
         <name>.text</name>
         <load_address>0x10a48</load_address>
         <run_address>0x10a48</run_address>
         <size>0xe8</size>
         <input_file_ref idref="fl-7"/>
      </object_component>
      <object_component id="oc-328">
         <name>.text:free</name>
         <load_address>0x10b30</load_address>
         <run_address>0x10b30</run_address>
         <size>0xe4</size>
         <input_file_ref idref="fl-58"/>
      </object_component>
      <object_component id="oc-243">
         <name>.text:floor</name>
         <load_address>0x10c14</load_address>
         <run_address>0x10c14</run_address>
         <size>0xe0</size>
         <input_file_ref idref="fl-33"/>
      </object_component>
      <object_component id="oc-fb">
         <name>.text</name>
         <load_address>0x10cf4</load_address>
         <run_address>0x10cf4</run_address>
         <size>0xe0</size>
         <input_file_ref idref="fl-2a"/>
      </object_component>
      <object_component id="oc-6f7">
         <name>.text:setvbuf</name>
         <load_address>0x10dd4</load_address>
         <run_address>0x10dd4</run_address>
         <size>0xdc</size>
         <input_file_ref idref="fl-41"/>
      </object_component>
      <object_component id="oc-6ca">
         <name>.text:open</name>
         <load_address>0x10eb0</load_address>
         <run_address>0x10eb0</run_address>
         <size>0xbc</size>
         <input_file_ref idref="fl-66"/>
      </object_component>
      <object_component id="oc-432">
         <name>.text:_ltostr</name>
         <load_address>0x10f6c</load_address>
         <run_address>0x10f6c</run_address>
         <size>0xad</size>
         <input_file_ref idref="fl-36"/>
      </object_component>
      <object_component id="oc-3fe">
         <name>.text</name>
         <load_address>0x1101a</load_address>
         <run_address>0x1101a</run_address>
         <size>0x2</size>
         <input_file_ref idref="fl-71"/>
      </object_component>
      <object_component id="oc-316">
         <name>.text:fopen</name>
         <load_address>0x1101c</load_address>
         <run_address>0x1101c</run_address>
         <size>0xa0</size>
         <input_file_ref idref="fl-3c"/>
      </object_component>
      <object_component id="oc-572">
         <name>.text:__TI_buff_read</name>
         <load_address>0x110bc</load_address>
         <run_address>0x110bc</run_address>
         <size>0x9c</size>
         <input_file_ref idref="fl-3f"/>
      </object_component>
      <object_component id="oc-5c">
         <name>.text</name>
         <load_address>0x11158</load_address>
         <run_address>0x11158</run_address>
         <size>0x9c</size>
         <input_file_ref idref="fl-43"/>
      </object_component>
      <object_component id="oc-695">
         <name>.text</name>
         <load_address>0x111f4</load_address>
         <run_address>0x111f4</run_address>
         <size>0x98</size>
         <input_file_ref idref="fl-72"/>
      </object_component>
      <object_component id="oc-2a8">
         <name>.text:atoll</name>
         <load_address>0x1128c</load_address>
         <run_address>0x1128c</run_address>
         <size>0x94</size>
         <input_file_ref idref="fl-52"/>
      </object_component>
      <object_component id="oc-32f">
         <name>.text:fputc</name>
         <load_address>0x11320</load_address>
         <run_address>0x11320</run_address>
         <size>0x90</size>
         <input_file_ref idref="fl-3d"/>
      </object_component>
      <object_component id="oc-335">
         <name>.text:fgetc</name>
         <load_address>0x113b0</load_address>
         <run_address>0x113b0</run_address>
         <size>0x84</size>
         <input_file_ref idref="fl-3b"/>
      </object_component>
      <object_component id="oc-5de">
         <name>.text:_mcpy</name>
         <load_address>0x11434</load_address>
         <run_address>0x11434</run_address>
         <size>0x7a</size>
         <input_file_ref idref="fl-36"/>
      </object_component>
      <object_component id="oc-e5">
         <name>.text</name>
         <load_address>0x114ae</load_address>
         <run_address>0x114ae</run_address>
         <size>0x7a</size>
         <input_file_ref idref="fl-44"/>
      </object_component>
      <object_component id="oc-543">
         <name>.text:__TI_closefile</name>
         <load_address>0x11528</load_address>
         <run_address>0x11528</run_address>
         <size>0x74</size>
         <input_file_ref idref="fl-39"/>
      </object_component>
      <object_component id="oc-5f3">
         <name>.text:frexp</name>
         <load_address>0x1159c</load_address>
         <run_address>0x1159c</run_address>
         <size>0x74</size>
         <input_file_ref idref="fl-6b"/>
      </object_component>
      <object_component id="oc-68b">
         <name>.text:split</name>
         <load_address>0x11610</load_address>
         <run_address>0x11610</run_address>
         <size>0x74</size>
         <input_file_ref idref="fl-58"/>
      </object_component>
      <object_component id="oc-819">
         <name>.text:HOSTrename</name>
         <load_address>0x11684</load_address>
         <run_address>0x11684</run_address>
         <size>0x6c</size>
         <input_file_ref idref="fl-81"/>
      </object_component>
      <object_component id="oc-310">
         <name>.text:asctime</name>
         <load_address>0x116f0</load_address>
         <run_address>0x116f0</run_address>
         <size>0x6c</size>
         <input_file_ref idref="fl-4f"/>
      </object_component>
      <object_component id="oc-f">
         <name>.text:decompress:lzss:__TI_decompress_lzss</name>
         <load_address>0x1175c</load_address>
         <run_address>0x1175c</run_address>
         <size>0x6c</size>
         <input_file_ref idref="fl-4b"/>
      </object_component>
      <object_component id="oc-80d">
         <name>.text:HOSTlseek</name>
         <load_address>0x117c8</load_address>
         <run_address>0x117c8</run_address>
         <size>0x68</size>
         <input_file_ref idref="fl-7e"/>
      </object_component>
      <object_component id="oc-4d1">
         <name>.text:_chkmbc</name>
         <load_address>0x11830</load_address>
         <run_address>0x11830</run_address>
         <size>0x68</size>
         <input_file_ref idref="fl-38"/>
      </object_component>
      <object_component id="oc-151">
         <name>.text:printf</name>
         <load_address>0x11898</load_address>
         <run_address>0x11898</run_address>
         <size>0x68</size>
         <input_file_ref idref="fl-34"/>
      </object_component>
      <object_component id="oc-558">
         <name>.text:__TI_wrt_ok</name>
         <load_address>0x11900</load_address>
         <run_address>0x11900</run_address>
         <size>0x64</size>
         <input_file_ref idref="fl-40"/>
      </object_component>
      <object_component id="oc-31c">
         <name>.text:fprintf</name>
         <load_address>0x11964</load_address>
         <run_address>0x11964</run_address>
         <size>0x64</size>
         <input_file_ref idref="fl-35"/>
      </object_component>
      <object_component id="oc-6f1">
         <name>.text:fseek</name>
         <load_address>0x119c8</load_address>
         <run_address>0x119c8</run_address>
         <size>0x64</size>
         <input_file_ref idref="fl-6f"/>
      </object_component>
      <object_component id="oc-7f5">
         <name>.text:HOSTopen</name>
         <load_address>0x11a2c</load_address>
         <run_address>0x11a2c</run_address>
         <size>0x5c</size>
         <input_file_ref idref="fl-7f"/>
      </object_component>
      <object_component id="oc-801">
         <name>.text:HOSTread</name>
         <load_address>0x11a88</load_address>
         <run_address>0x11a88</run_address>
         <size>0x5c</size>
         <input_file_ref idref="fl-80"/>
      </object_component>
      <object_component id="oc-807">
         <name>.text:HOSTwrite</name>
         <load_address>0x11ae4</load_address>
         <run_address>0x11ae4</run_address>
         <size>0x58</size>
         <input_file_ref idref="fl-84"/>
      </object_component>
      <object_component id="oc-6df">
         <name>.text:close</name>
         <load_address>0x11b3c</load_address>
         <run_address>0x11b3c</run_address>
         <size>0x58</size>
         <input_file_ref idref="fl-67"/>
      </object_component>
      <object_component id="oc-5d2">
         <name>.text:__TI_ltoa</name>
         <load_address>0x11b94</load_address>
         <run_address>0x11b94</run_address>
         <size>0x54</size>
         <input_file_ref idref="fl-4e"/>
      </object_component>
      <object_component id="oc-5d8">
         <name>.text:_ecpy</name>
         <load_address>0x11be8</load_address>
         <run_address>0x11be8</run_address>
         <size>0x52</size>
         <input_file_ref idref="fl-36"/>
      </object_component>
      <object_component id="oc-43e">
         <name>.text:_pconv_f</name>
         <load_address>0x11c3a</load_address>
         <run_address>0x11c3a</run_address>
         <size>0x50</size>
         <input_file_ref idref="fl-36"/>
      </object_component>
      <object_component id="oc-42c">
         <name>.text:atoi</name>
         <load_address>0x11c8c</load_address>
         <run_address>0x11c8c</run_address>
         <size>0x50</size>
         <input_file_ref idref="fl-51"/>
      </object_component>
      <object_component id="oc-24c">
         <name>.text</name>
         <load_address>0x11cdc</load_address>
         <run_address>0x11cdc</run_address>
         <size>0x50</size>
         <input_file_ref idref="fl-45"/>
      </object_component>
      <object_component id="oc-55e">
         <name>.text:__TI_doflush</name>
         <load_address>0x11d2c</load_address>
         <run_address>0x11d2c</run_address>
         <size>0x4c</size>
         <input_file_ref idref="fl-3a"/>
      </object_component>
      <object_component id="oc-2b">
         <name>.text:retain</name>
         <load_address>0x11d78</load_address>
         <run_address>0x11d78</run_address>
         <size>0x4c</size>
         <input_file_ref idref="fl-19"/>
      </object_component>
      <object_component id="oc-51a">
         <name>.text:snprintf</name>
         <load_address>0x11dc4</load_address>
         <run_address>0x11dc4</run_address>
         <size>0x4c</size>
         <input_file_ref idref="fl-6d"/>
      </object_component>
      <object_component id="oc-56c">
         <name>.text:__TI_rd_ok</name>
         <load_address>0x11e10</load_address>
         <run_address>0x11e10</run_address>
         <size>0x4a</size>
         <input_file_ref idref="fl-40"/>
      </object_component>
      <object_component id="oc-28a">
         <name>.text:HOSTclock</name>
         <load_address>0x11e5c</load_address>
         <run_address>0x11e5c</run_address>
         <size>0x48</size>
         <input_file_ref idref="fl-7c"/>
      </object_component>
      <object_component id="oc-25e">
         <name>.text:HOSTtime</name>
         <load_address>0x11ea4</load_address>
         <run_address>0x11ea4</run_address>
         <size>0x48</size>
         <input_file_ref idref="fl-82"/>
      </object_component>
      <object_component id="oc-2ae">
         <name>.text</name>
         <load_address>0x11eec</load_address>
         <run_address>0x11eec</run_address>
         <size>0x48</size>
         <input_file_ref idref="fl-42"/>
      </object_component>
      <object_component id="oc-7fb">
         <name>.text:HOSTclose</name>
         <load_address>0x11f34</load_address>
         <run_address>0x11f34</run_address>
         <size>0x44</size>
         <input_file_ref idref="fl-7d"/>
      </object_component>
      <object_component id="oc-813">
         <name>.text:HOSTunlink</name>
         <load_address>0x11f78</load_address>
         <run_address>0x11f78</run_address>
         <size>0x44</size>
         <input_file_ref idref="fl-83"/>
      </object_component>
      <object_component id="oc-109">
         <name>.text:__TI_auto_init_nobinit_nopinit:__TI_auto_init_nobinit_nopinit</name>
         <load_address>0x11fbc</load_address>
         <run_address>0x11fbc</run_address>
         <size>0x44</size>
         <input_file_ref idref="fl-47"/>
      </object_component>
      <object_component id="oc-18e">
         <name>.text:exit</name>
         <load_address>0x12000</load_address>
         <run_address>0x12000</run_address>
         <size>0x44</size>
         <input_file_ref idref="fl-4c"/>
      </object_component>
      <object_component id="oc-784">
         <name>.text:getdevice</name>
         <load_address>0x12044</load_address>
         <run_address>0x12044</run_address>
         <size>0x44</size>
         <input_file_ref idref="fl-70"/>
      </object_component>
      <object_component id="oc-5eb">
         <name>.text:_fcpy</name>
         <load_address>0x12088</load_address>
         <run_address>0x12088</run_address>
         <size>0x40</size>
         <input_file_ref idref="fl-36"/>
      </object_component>
      <object_component id="oc-2d2">
         <name>.text:sprintf</name>
         <load_address>0x120c8</load_address>
         <run_address>0x120c8</run_address>
         <size>0x40</size>
         <input_file_ref idref="fl-37"/>
      </object_component>
      <object_component id="oc-290">
         <name>.text:strtok</name>
         <load_address>0x12108</load_address>
         <run_address>0x12108</run_address>
         <size>0x40</size>
         <input_file_ref idref="fl-60"/>
      </object_component>
      <object_component id="oc-40a">
         <name>.text:__TI_writemsg</name>
         <load_address>0x12148</load_address>
         <run_address>0x12148</run_address>
         <size>0x3c</size>
         <input_file_ref idref="fl-85"/>
      </object_component>
      <object_component id="oc-2c6">
         <name>.text:sscanf</name>
         <load_address>0x12184</load_address>
         <run_address>0x12184</run_address>
         <size>0x38</size>
         <input_file_ref idref="fl-38"/>
      </object_component>
      <object_component id="oc-7d6">
         <name>.text:strncpy</name>
         <load_address>0x121bc</load_address>
         <run_address>0x121bc</run_address>
         <size>0x36</size>
         <input_file_ref idref="fl-74"/>
      </object_component>
      <object_component id="oc-6d0">
         <name>.text:__TI_cleanup</name>
         <load_address>0x121f4</load_address>
         <run_address>0x121f4</run_address>
         <size>0x34</size>
         <input_file_ref idref="fl-3c"/>
      </object_component>
      <object_component id="oc-410">
         <name>.text:__TI_readmsg</name>
         <load_address>0x12228</load_address>
         <run_address>0x12228</run_address>
         <size>0x34</size>
         <input_file_ref idref="fl-85"/>
      </object_component>
      <object_component id="oc-7dc">
         <name>.text:finddevice</name>
         <load_address>0x1225c</load_address>
         <run_address>0x1225c</run_address>
         <size>0x34</size>
         <input_file_ref idref="fl-70"/>
      </object_component>
      <object_component id="oc-6ab">
         <name>.text:_outs</name>
         <load_address>0x12290</load_address>
         <run_address>0x12290</run_address>
         <size>0x30</size>
         <input_file_ref idref="fl-6d"/>
      </object_component>
      <object_component id="oc-322">
         <name>.text:fclose</name>
         <load_address>0x122c0</load_address>
         <run_address>0x122c0</run_address>
         <size>0x2c</size>
         <input_file_ref idref="fl-39"/>
      </object_component>
      <object_component id="oc-6e5">
         <name>.text:unlink</name>
         <load_address>0x122ec</load_address>
         <run_address>0x122ec</run_address>
         <size>0x2c</size>
         <input_file_ref idref="fl-7b"/>
      </object_component>
      <object_component id="oc-491">
         <name>.text:strspn</name>
         <load_address>0x12318</load_address>
         <run_address>0x12318</run_address>
         <size>0x2a</size>
         <input_file_ref idref="fl-76"/>
      </object_component>
      <object_component id="oc-551">
         <name>.text:free_list_insert</name>
         <load_address>0x12344</load_address>
         <run_address>0x12344</run_address>
         <size>0x28</size>
         <input_file_ref idref="fl-58"/>
      </object_component>
      <object_component id="oc-792">
         <name>.text:lseek</name>
         <load_address>0x1236c</load_address>
         <run_address>0x1236c</run_address>
         <size>0x28</size>
         <input_file_ref idref="fl-86"/>
      </object_component>
      <object_component id="oc-564">
         <name>.text:write</name>
         <load_address>0x12394</load_address>
         <run_address>0x12394</run_address>
         <size>0x28</size>
         <input_file_ref idref="fl-62"/>
      </object_component>
      <object_component id="oc-450">
         <name>.text:memccpy</name>
         <load_address>0x123bc</load_address>
         <run_address>0x123bc</run_address>
         <size>0x26</size>
         <input_file_ref idref="fl-56"/>
      </object_component>
      <object_component id="oc-497">
         <name>.text:strcspn</name>
         <load_address>0x123e2</load_address>
         <run_address>0x123e2</run_address>
         <size>0x22</size>
         <input_file_ref idref="fl-73"/>
      </object_component>
      <object_component id="oc-73c">
         <name>.text:copysign</name>
         <load_address>0x12404</load_address>
         <run_address>0x12404</run_address>
         <size>0x20</size>
         <input_file_ref idref="fl-87"/>
      </object_component>
      <object_component id="oc-62a">
         <name>.text:memchr</name>
         <load_address>0x12424</load_address>
         <run_address>0x12424</run_address>
         <size>0x20</size>
         <input_file_ref idref="fl-57"/>
      </object_component>
      <object_component id="oc-2d8">
         <name>.text:strcat</name>
         <load_address>0x12444</load_address>
         <run_address>0x12444</run_address>
         <size>0x1e</size>
         <input_file_ref idref="fl-5a"/>
      </object_component>
      <object_component id="oc-54b">
         <name>.text:free_list_remove</name>
         <load_address>0x12464</load_address>
         <run_address>0x12464</run_address>
         <size>0x1c</size>
         <input_file_ref idref="fl-58"/>
      </object_component>
      <object_component id="oc-4e2">
         <name>.text:_outs</name>
         <load_address>0x12480</load_address>
         <run_address>0x12480</run_address>
         <size>0x1a</size>
         <input_file_ref idref="fl-37"/>
      </object_component>
      <object_component id="oc-6b1">
         <name>.text:_outc</name>
         <load_address>0x1249a</load_address>
         <run_address>0x1249a</run_address>
         <size>0x18</size>
         <input_file_ref idref="fl-6d"/>
      </object_component>
      <object_component id="oc-768">
         <name>.text</name>
         <load_address>0x124b2</load_address>
         <run_address>0x124b2</run_address>
         <size>0x18</size>
         <input_file_ref idref="fl-88"/>
      </object_component>
      <object_component id="oc-296">
         <name>.text:strcmp</name>
         <load_address>0x124ca</load_address>
         <run_address>0x124ca</run_address>
         <size>0x18</size>
         <input_file_ref idref="fl-5c"/>
      </object_component>
      <object_component id="oc-66f">
         <name>.text:strrchr</name>
         <load_address>0x124e2</load_address>
         <run_address>0x124e2</run_address>
         <size>0x18</size>
         <input_file_ref idref="fl-75"/>
      </object_component>
      <object_component id="oc-5ff">
         <name>.text:strchr</name>
         <load_address>0x124fa</load_address>
         <run_address>0x124fa</run_address>
         <size>0x16</size>
         <input_file_ref idref="fl-5b"/>
      </object_component>
      <object_component id="oc-426">
         <name>.text:strlen</name>
         <load_address>0x12510</load_address>
         <run_address>0x12510</run_address>
         <size>0x16</size>
         <input_file_ref idref="fl-5e"/>
      </object_component>
      <object_component id="oc-29c">
         <name>.text:strcpy</name>
         <load_address>0x12526</load_address>
         <run_address>0x12526</run_address>
         <size>0x14</size>
         <input_file_ref idref="fl-5d"/>
      </object_component>
      <object_component id="oc-4c5">
         <name>.text:_inpchar</name>
         <load_address>0x1253a</load_address>
         <run_address>0x1253a</run_address>
         <size>0x12</size>
         <input_file_ref idref="fl-38"/>
      </object_component>
      <object_component id="oc-456">
         <name>.text:wcslen</name>
         <load_address>0x1254c</load_address>
         <run_address>0x1254c</run_address>
         <size>0x12</size>
         <input_file_ref idref="fl-6a"/>
      </object_component>
      <object_component id="oc-14b">
         <name>.text:__time32</name>
         <load_address>0x1255e</load_address>
         <run_address>0x1255e</run_address>
         <size>0xe</size>
         <input_file_ref idref="fl-64"/>
      </object_component>
      <object_component id="oc-15">
         <name>.text:decompress:none:__TI_decompress_none</name>
         <load_address>0x1256c</load_address>
         <run_address>0x1256c</run_address>
         <size>0xe</size>
         <input_file_ref idref="fl-4a"/>
      </object_component>
      <object_component id="oc-6e">
         <name>.text:decompress:ZI:__TI_zero_init</name>
         <load_address>0x1257a</load_address>
         <run_address>0x1257a</run_address>
         <size>0xc</size>
         <input_file_ref idref="fl-49"/>
      </object_component>
      <object_component id="oc-4e8">
         <name>.text:_outc</name>
         <load_address>0x12586</load_address>
         <run_address>0x12586</run_address>
         <size>0xa</size>
         <input_file_ref idref="fl-37"/>
      </object_component>
      <object_component id="oc-45c">
         <name>.text:__aeabi_errno_addr</name>
         <load_address>0x12590</load_address>
         <run_address>0x12590</run_address>
         <size>0x8</size>
         <input_file_ref idref="fl-69"/>
      </object_component>
      <object_component id="oc-4cb">
         <name>.text:_uninpchar</name>
         <load_address>0x12598</load_address>
         <run_address>0x12598</run_address>
         <size>0x8</size>
         <input_file_ref idref="fl-38"/>
      </object_component>
      <object_component id="oc-304">
         <name>.text:malloc</name>
         <load_address>0x125a0</load_address>
         <run_address>0x125a0</run_address>
         <size>0x8</size>
         <input_file_ref idref="fl-58"/>
      </object_component>
      <object_component id="oc-2a2">
         <name>.text:atof</name>
         <load_address>0x125a8</load_address>
         <run_address>0x125a8</run_address>
         <size>0x6</size>
         <input_file_ref idref="fl-50"/>
      </object_component>
      <object_component id="oc-53b">
         <name>.text:_outc</name>
         <load_address>0x125ae</load_address>
         <run_address>0x125ae</run_address>
         <size>0x4</size>
         <input_file_ref idref="fl-35"/>
      </object_component>
      <object_component id="oc-27d">
         <name>.text:_outc</name>
         <load_address>0x125b2</load_address>
         <run_address>0x125b2</run_address>
         <size>0x4</size>
         <input_file_ref idref="fl-34"/>
      </object_component>
      <object_component id="oc-535">
         <name>.text:_outs</name>
         <load_address>0x125b6</load_address>
         <run_address>0x125b6</run_address>
         <size>0x4</size>
         <input_file_ref idref="fl-35"/>
      </object_component>
      <object_component id="oc-277">
         <name>.text:_outs</name>
         <load_address>0x125ba</load_address>
         <run_address>0x125ba</run_address>
         <size>0x4</size>
         <input_file_ref idref="fl-34"/>
      </object_component>
      <object_component id="oc-188">
         <name>.text:abort:abort</name>
         <load_address>0x125be</load_address>
         <run_address>0x125be</run_address>
         <size>0x4</size>
         <input_file_ref idref="fl-4c"/>
      </object_component>
      <object_component id="oc-3c">
         <name>.text:retain</name>
         <load_address>0x125c4</load_address>
         <run_address>0x125c4</run_address>
         <size>0x4</size>
         <input_file_ref idref="fl-28"/>
      </object_component>
      <object_component id="oc-7f">
         <name>.text</name>
         <load_address>0x125c8</load_address>
         <run_address>0x125c8</run_address>
         <size>0x4</size>
         <input_file_ref idref="fl-2c"/>
      </object_component>
      <object_component id="oc-870">
         <name>.tramp.__aeabi_idiv0.1</name>
         <load_address>0x125cc</load_address>
         <run_address>0x125cc</run_address>
         <size>0xc</size>
         <input_file_ref idref="fl-71"/>
      </object_component>
      <object_component id="oc-86f">
         <name>.tramp.$.data:read:servo_functions.obj$0x0.1</name>
         <load_address>0x125d8</load_address>
         <run_address>0x125d8</run_address>
         <size>0x8</size>
         <input_file_ref idref="fl-1c"/>
      </object_component>
      <object_component id="oc-251">
         <name>.const:het1PROGRAM</name>
         <load_address>0x125e0</load_address>
         <run_address>0x125e0</run_address>
         <size>0x3a0</size>
         <input_file_ref idref="fl-10"/>
      </object_component>
      <object_component id="oc-28">
         <name>.const:s_vim_init</name>
         <load_address>0x12980</load_address>
         <run_address>0x12980</run_address>
         <size>0x200</size>
         <input_file_ref idref="fl-2d"/>
      </object_component>
      <object_component id="oc-4ae">
         <name>.const:.string:_ctypes_</name>
         <load_address>0x12b80</load_address>
         <run_address>0x12b80</run_address>
         <size>0x101</size>
         <input_file_ref idref="fl-53"/>
      </object_component>
      <object_component id="oc-2c1">
         <name>.const:.string:$P$T1$2</name>
         <load_address>0x12c81</load_address>
         <run_address>0x12c81</run_address>
         <size>0x6</size>
         <input_file_ref idref="fl-3"/>
      </object_component>
      <object_component id="oc-643">
         <name>.const:$O1$$</name>
         <load_address>0x12c88</load_address>
         <run_address>0x12c88</run_address>
         <size>0xc8</size>
         <input_file_ref idref="fl-5f"/>
      </object_component>
      <object_component id="oc-69a">
         <name>.const:$O1$$</name>
         <load_address>0x12d50</load_address>
         <run_address>0x12d50</run_address>
         <size>0x60</size>
         <input_file_ref idref="fl-59"/>
      </object_component>
      <object_component id="oc-520">
         <name>.const:$O1$$</name>
         <load_address>0x12db0</load_address>
         <run_address>0x12db0</run_address>
         <size>0x4c</size>
         <input_file_ref idref="fl-4f"/>
      </object_component>
      <object_component id="oc-6be">
         <name>.const:.string</name>
         <load_address>0x12dfc</load_address>
         <run_address>0x12dfc</run_address>
         <size>0x4c</size>
         <input_file_ref idref="fl-4f"/>
      </object_component>
      <object_component id="oc-254">
         <name>.const:s_het1pwmPolarity</name>
         <load_address>0x12e48</load_address>
         <run_address>0x12e48</run_address>
         <size>0x20</size>
         <input_file_ref idref="fl-10"/>
      </object_component>
      <object_component id="oc-675">
         <name>.const:$O1$$</name>
         <load_address>0x12e68</load_address>
         <run_address>0x12e68</run_address>
         <size>0x10</size>
         <input_file_ref idref="fl-6e"/>
      </object_component>
      <object_component id="oc-2b7">
         <name>.const</name>
         <load_address>0x12e78</load_address>
         <run_address>0x12e78</run_address>
         <size>0x4</size>
         <input_file_ref idref="fl-68"/>
      </object_component>
      <object_component id="oc-4d9">
         <name>.const:.string:$P$T0$1</name>
         <load_address>0x12e7c</load_address>
         <run_address>0x12e7c</run_address>
         <size>0x3</size>
         <input_file_ref idref="fl-1d"/>
      </object_component>
      <object_component id="oc-2be">
         <name>.const:.string:$P$T0$1</name>
         <load_address>0x12e7f</load_address>
         <run_address>0x12e7f</run_address>
         <size>0x2</size>
         <input_file_ref idref="fl-3"/>
      </object_component>
      <object_component id="oc-86c">
         <name>.cinit..data.load</name>
         <load_address>0x12e88</load_address>
         <run_address>0x12e88</run_address>
         <size>0xc5</size>
      </object_component>
      <object_component id="oc-869">
         <name>__TI_handler_table</name>
         <load_address>0x12f50</load_address>
         <run_address>0x12f50</run_address>
         <size>0xc</size>
      </object_component>
      <object_component id="oc-86b">
         <name>.cinit..bss.load</name>
         <load_address>0x12f60</load_address>
         <run_address>0x12f60</run_address>
         <size>0x8</size>
      </object_component>
      <object_component id="oc-86a">
         <name>__TI_cinit_table</name>
         <load_address>0x12f68</load_address>
         <run_address>0x12f68</run_address>
         <size>0x10</size>
      </object_component>
      <object_component id="oc-57c">
         <name>.bss:g_i2cTransfer_t</name>
         <uninitialized>true</uninitialized>
         <run_address>0x80020c4</run_address>
         <size>0xc</size>
         <input_file_ref idref="fl-11"/>
      </object_component>
      <object_component id="oc-b0">
         <name>.bss:g_sciTransfer_t</name>
         <uninitialized>true</uninitialized>
         <run_address>0x8002038</run_address>
         <size>0x28</size>
         <input_file_ref idref="fl-1a"/>
      </object_component>
      <object_component id="oc-347">
         <name>.bss</name>
         <uninitialized>true</uninitialized>
         <run_address>0x80020d0</run_address>
         <size>0xc</size>
         <input_file_ref idref="fl-1c"/>
      </object_component>
      <object_component id="oc-523">
         <name>.bss:time_buf</name>
         <uninitialized>true</uninitialized>
         <run_address>0x8002060</run_address>
         <size>0x1c</size>
         <input_file_ref idref="fl-4f"/>
      </object_component>
      <object_component id="oc-5bb">
         <name>.bss:_CIOBUF_</name>
         <uninitialized>true</uninitialized>
         <run_address>0x8001d00</run_address>
         <size>0x120</size>
         <input_file_ref idref="fl-85"/>
      </object_component>
      <object_component id="oc-176">
         <name>.common:MODE</name>
         <uninitialized>true</uninitialized>
         <run_address>0x8002170</run_address>
         <size>0x1</size>
      </object_component>
      <object_component id="oc-169">
         <name>.common:STATUS</name>
         <uninitialized>true</uninitialized>
         <run_address>0x8002171</run_address>
         <size>0x1</size>
      </object_component>
      <object_component id="oc-2ff">
         <name>.common:currentFlags</name>
         <uninitialized>true</uninitialized>
         <run_address>0x8002150</run_address>
         <size>0x7</size>
      </object_component>
      <object_component id="oc-300">
         <name>.common:co2PidGains</name>
         <uninitialized>true</uninitialized>
         <run_address>0x80020dc</run_address>
         <size>0xc</size>
      </object_component>
      <object_component id="oc-301">
         <name>.common:newco2PidGains</name>
         <uninitialized>true</uninitialized>
         <run_address>0x8002118</run_address>
         <size>0xc</size>
      </object_component>
      <object_component id="oc-302">
         <name>.common:flowPidGains</name>
         <uninitialized>true</uninitialized>
         <run_address>0x80020f4</run_address>
         <size>0xc</size>
      </object_component>
      <object_component id="oc-303">
         <name>.common:newflowPidGains</name>
         <uninitialized>true</uninitialized>
         <run_address>0x8002124</run_address>
         <size>0xc</size>
      </object_component>
      <object_component id="oc-348">
         <name>.common:heaterPidGains</name>
         <uninitialized>true</uninitialized>
         <run_address>0x8002100</run_address>
         <size>0xc</size>
      </object_component>
      <object_component id="oc-32e">
         <name>.common:tEGCO2Gains</name>
         <uninitialized>true</uninitialized>
         <run_address>0x8002130</run_address>
         <size>0xc</size>
      </object_component>
      <object_component id="oc-34a">
         <name>.common:Time</name>
         <uninitialized>true</uninitialized>
         <run_address>0x8002158</run_address>
         <size>0x4</size>
      </object_component>
      <object_component id="oc-2e4">
         <name>.common:co2_buffer</name>
         <uninitialized>true</uninitialized>
         <run_address>0x80020e8</run_address>
         <size>0xc</size>
      </object_component>
      <object_component id="oc-2ea">
         <name>.common:result_deviceInfo</name>
         <uninitialized>true</uninitialized>
         <run_address>0x80020b0</run_address>
         <size>0x14</size>
      </object_component>
      <object_component id="oc-2ee">
         <name>.common:result_uniqID</name>
         <uninitialized>true</uninitialized>
         <run_address>0x800207c</run_address>
         <size>0x1c</size>
      </object_component>
      <object_component id="oc-2f5">
         <name>.common:result_o2</name>
         <uninitialized>true</uninitialized>
         <run_address>0x8002098</run_address>
         <size>0x18</size>
      </object_component>
      <object_component id="oc-2e8">
         <name>.common:mul_buffer</name>
         <uninitialized>true</uninitialized>
         <run_address>0x800210c</run_address>
         <size>0xc</size>
      </object_component>
      <object_component id="oc-177">
         <name>.common:EGCO2</name>
         <uninitialized>true</uninitialized>
         <run_address>0x8002144</run_address>
         <size>0x4</size>
      </object_component>
      <object_component id="oc-2e9">
         <name>.common:o2ReceivedFlag</name>
         <uninitialized>true</uninitialized>
         <run_address>0x8002174</run_address>
         <size>0x1</size>
      </object_component>
      <object_component id="oc-2fe">
         <name>.common:pwm_pre_error</name>
         <uninitialized>true</uninitialized>
         <run_address>0x8002168</run_address>
         <size>0x4</size>
      </object_component>
      <object_component id="oc-2fc">
         <name>.common:pwm_integral</name>
         <uninitialized>true</uninitialized>
         <run_address>0x8002160</run_address>
         <size>0x4</size>
      </object_component>
      <object_component id="oc-2fb">
         <name>.common:pwm_integralUpdated</name>
         <uninitialized>true</uninitialized>
         <run_address>0x8002164</run_address>
         <size>0x4</size>
      </object_component>
      <object_component id="oc-2fa">
         <name>.common:pwm_saturation</name>
         <uninitialized>true</uninitialized>
         <run_address>0x8002175</run_address>
         <size>0x1</size>
      </object_component>
      <object_component id="oc-2f9">
         <name>.common:pwm_error</name>
         <uninitialized>true</uninitialized>
         <run_address>0x8002148</run_address>
         <size>0x8</size>
      </object_component>
      <object_component id="oc-2fd">
         <name>.common:pwm_derivative</name>
         <uninitialized>true</uninitialized>
         <run_address>0x800215c</run_address>
         <size>0x4</size>
      </object_component>
      <object_component id="oc-194">
         <name>.common:dataReceiveFlag</name>
         <uninitialized>true</uninitialized>
         <run_address>0x8002172</run_address>
         <size>0x1</size>
      </object_component>
      <object_component id="oc-2c4">
         <name>.common:dest</name>
         <uninitialized>true</uninitialized>
         <run_address>0x8001e20</run_address>
         <size>0x100</size>
      </object_component>
      <object_component id="oc-2b6">
         <name>.common:inletO2</name>
         <uninitialized>true</uninitialized>
         <run_address>0x8001fc0</run_address>
         <size>0x3c</size>
      </object_component>
      <object_component id="oc-2ba">
         <name>.common:outletO2</name>
         <uninitialized>true</uninitialized>
         <run_address>0x8001ffc</run_address>
         <size>0x3c</size>
      </object_component>
      <object_component id="oc-349">
         <name>.common:Data_Display_Disabled</name>
         <uninitialized>true</uninitialized>
         <run_address>0x8002157</run_address>
         <size>0x1</size>
      </object_component>
      <object_component id="oc-34b">
         <name>.common:tSweepCO2</name>
         <uninitialized>true</uninitialized>
         <run_address>0x800216c</run_address>
         <size>0x4</size>
      </object_component>
      <object_component id="oc-197">
         <name>.common:dataReceivedFlag</name>
         <uninitialized>true</uninitialized>
         <run_address>0x8002173</run_address>
         <size>0x1</size>
      </object_component>
      <object_component id="oc-6eb">
         <name>.common:__TI_tmpnams</name>
         <uninitialized>true</uninitialized>
         <run_address>0x8001f20</run_address>
         <size>0xa0</size>
      </object_component>
      <object_component id="oc-416">
         <name>.common:parmbuf</name>
         <uninitialized>true</uninitialized>
         <run_address>0x800213c</run_address>
         <size>0x8</size>
      </object_component>
      <object_component id="oc-2bb">
         <name>.data:readOxy</name>
         <load_address>0x800240c</load_address>
         <run_address>0x800240c</run_address>
         <size>0x8</size>
         <input_file_ref idref="fl-3"/>
      </object_component>
      <object_component id="oc-2b3">
         <name>.data:readOxyRAW</name>
         <load_address>0x80023e0</load_address>
         <run_address>0x80023e0</run_address>
         <size>0x9</size>
         <input_file_ref idref="fl-3"/>
      </object_component>
      <object_component id="oc-2e1">
[...]
         <name>__TI_doflush</name>
         <value>0x11d2d</value>
         <object_component_ref idref="oc-55e"/>
      </symbol>
      <symbol id="sm-e93">
         <name>getc</name>
         <value>0x113b1</value>
         <object_component_ref idref="oc-335"/>
      </symbol>
      <symbol id="sm-e94">
         <name>fgetc</name>
         <value>0x113b1</value>
         <object_component_ref idref="oc-335"/>
      </symbol>
      <symbol id="sm-ee0">
         <name>__TI_cleanup</name>
         <value>0x121f5</value>
         <object_component_ref idref="oc-6d0"/>
      </symbol>
      <symbol id="sm-ee1">
         <name>fopen</name>
         <value>0x1101d</value>
         <object_component_ref idref="oc-316"/>
      </symbol>
      <symbol id="sm-ef6">
         <name>putc</name>
         <value>0x11321</value>
         <object_component_ref idref="oc-32f"/>
      </symbol>
      <symbol id="sm-ef7">
         <name>fputc</name>
         <value>0x11321</value>
         <object_component_ref idref="oc-32f"/>
      </symbol>
      <symbol id="sm-f15">
         <name>fputs</name>
         <value>0x10209</value>
         <object_component_ref idref="oc-47c"/>
      </symbol>
      <symbol id="sm-f2e">
         <name>__TI_buff_read</name>
         <value>0x110bd</value>
         <object_component_ref idref="oc-572"/>
      </symbol>
      <symbol id="sm-f53">
         <name>__TI_wrt_ok</name>
         <value>0x11901</value>
         <object_component_ref idref="oc-558"/>
      </symbol>
      <symbol id="sm-f54">
         <name>__TI_rd_ok</name>
         <value>0x11e11</value>
         <object_component_ref idref="oc-56c"/>
      </symbol>
      <symbol id="sm-f70">
         <name>setvbuf</name>
         <value>0x10dd5</value>
         <object_component_ref idref="oc-6f7"/>
      </symbol>
      <symbol id="sm-f7b">
         <name>__aeabi_l2f</name>
         <value>0x11eed</value>
         <object_component_ref idref="oc-2ae"/>
      </symbol>
      <symbol id="sm-f96">
         <name>memcpy</name>
         <value>0x11159</value>
         <object_component_ref idref="oc-5c"/>
      </symbol>
      <symbol id="sm-f97">
         <name>__aeabi_memcpy</name>
         <value>0x11159</value>
         <object_component_ref idref="oc-5c"/>
      </symbol>
      <symbol id="sm-f98">
         <name>__aeabi_memcpy8</name>
         <value>0x11159</value>
         <object_component_ref idref="oc-5c"/>
      </symbol>
      <symbol id="sm-f99">
         <name>__aeabi_memcpy4</name>
         <value>0x11159</value>
         <object_component_ref idref="oc-5c"/>
      </symbol>
      <symbol id="sm-fa8">
         <name>__aeabi_memset</name>
         <value>0x114b1</value>
         <object_component_ref idref="oc-e5"/>
      </symbol>
      <symbol id="sm-fa9">
         <name>memset</name>
         <value>0x114b7</value>
         <object_component_ref idref="oc-e5"/>
      </symbol>
      <symbol id="sm-faa">
         <name>__aeabi_memset8</name>
         <value>0x114b1</value>
         <object_component_ref idref="oc-e5"/>
      </symbol>
      <symbol id="sm-fab">
         <name>__aeabi_memset4</name>
         <value>0x114b1</value>
         <object_component_ref idref="oc-e5"/>
      </symbol>
      <symbol id="sm-fac">
         <name>__aeabi_memclr8</name>
         <value>0x114af</value>
         <object_component_ref idref="oc-e5"/>
      </symbol>
      <symbol id="sm-fad">
         <name>__aeabi_memclr4</name>
         <value>0x114af</value>
         <object_component_ref idref="oc-e5"/>
      </symbol>
      <symbol id="sm-fae">
         <name>__aeabi_memclr</name>
         <value>0x114af</value>
         <object_component_ref idref="oc-e5"/>
      </symbol>
      <symbol id="sm-fba">
         <name>__aeabi_uidivmod</name>
         <value>0x11cdc</value>
         <object_component_ref idref="oc-24c"/>
      </symbol>
      <symbol id="sm-fbb">
         <name>__aeabi_uidiv</name>
         <value>0x11cdc</value>
         <object_component_ref idref="oc-24c"/>
      </symbol>
      <symbol id="sm-fd6">
         <name>__aeabi_uldivmod</name>
         <value>0xec34</value>
         <object_component_ref idref="oc-5cc"/>
      </symbol>
      <symbol id="sm-ffe">
         <name>__TI_auto_init_nobinit_nopinit</name>
         <value>0x11fbd</value>
         <object_component_ref idref="oc-109"/>
      </symbol>
      <symbol id="sm-1011">
         <name>__TI_zero_init</name>
         <value>0x1257b</value>
         <object_component_ref idref="oc-6e"/>
      </symbol>
      <symbol id="sm-1028">
         <name>__TI_decompress_none</name>
         <value>0x1256d</value>
         <object_component_ref idref="oc-15"/>
      </symbol>
      <symbol id="sm-104b">
         <name>__TI_decompress_lzss</name>
         <value>0x1175d</value>
         <object_component_ref idref="oc-f"/>
      </symbol>
      <symbol id="sm-1071">
         <name>C$$EXIT</name>
         <value>0x125bf</value>
         <object_component_ref idref="oc-188"/>
      </symbol>
      <symbol id="sm-1072">
         <name>abort</name>
         <value>0x125bf</value>
         <object_component_ref idref="oc-188"/>
      </symbol>
      <symbol id="sm-1073">
         <name>__TI_dtors_ptr</name>
         <value>0x80023d8</value>
         <object_component_ref idref="oc-39d"/>
      </symbol>
      <symbol id="sm-1074">
         <name>__TI_cleanup_ptr</name>
         <value>0x80023d4</value>
         <object_component_ref idref="oc-39d"/>
      </symbol>
      <symbol id="sm-1075">
         <name>__TI_enable_exit_profile_output</name>
         <value>0x80023dc</value>
         <object_component_ref idref="oc-39d"/>
      </symbol>
      <symbol id="sm-1076">
         <name>exit</name>
         <value>0x12001</value>
         <object_component_ref idref="oc-18e"/>
      </symbol>
      <symbol id="sm-108b">
         <name>_nop</name>
         <value>0x8143</value>
         <object_component_ref idref="oc-46e"/>
      </symbol>
      <symbol id="sm-108c">
         <name>_lock</name>
         <value>0x80023ec</value>
         <object_component_ref idref="oc-271"/>
      </symbol>
      <symbol id="sm-108d">
         <name>_unlock</name>
         <value>0x80023f0</value>
         <object_component_ref idref="oc-271"/>
      </symbol>
      <symbol id="sm-109c">
         <name>__TI_ltoa</name>
         <value>0x11b95</value>
         <object_component_ref idref="oc-5d2"/>
      </symbol>
      <symbol id="sm-10d8">
         <name>asctime</name>
         <value>0x116f1</value>
         <object_component_ref idref="oc-310"/>
      </symbol>
      <symbol id="sm-10e5">
         <name>atof</name>
         <value>0x125a9</value>
         <object_component_ref idref="oc-2a2"/>
      </symbol>
      <symbol id="sm-10fa">
         <name>atoi</name>
         <value>0x11c8d</value>
         <object_component_ref idref="oc-42c"/>
      </symbol>
      <symbol id="sm-110f">
         <name>atoll</name>
         <value>0x1128d</value>
         <object_component_ref idref="oc-2a8"/>
      </symbol>
      <symbol id="sm-111a">
         <name>_ctypes_</name>
         <value>0x12b80</value>
         <object_component_ref idref="oc-4ae"/>
      </symbol>
      <symbol id="sm-112f">
         <name>__TI_tmpnams</name>
         <value>0x8001f20</value>
      </symbol>
      <symbol id="sm-1130">
         <name>__aeabi_stdout</name>
         <value>0x80023cc</value>
         <object_component_ref idref="oc-530"/>
      </symbol>
      <symbol id="sm-1131">
         <name>__aeabi_stderr</name>
         <value>0x80023d0</value>
         <object_component_ref idref="oc-530"/>
      </symbol>
      <symbol id="sm-1132">
         <name>__aeabi_stdin</name>
         <value>0x80023c8</value>
         <object_component_ref idref="oc-530"/>
      </symbol>
      <symbol id="sm-1133">
         <name>_ftable</name>
         <value>0x8002178</value>
         <object_component_ref idref="oc-274"/>
      </symbol>
      <symbol id="sm-1134">
         <name>__TI_ft_end</name>
         <value>0x80023c4</value>
         <object_component_ref idref="oc-530"/>
      </symbol>
      <symbol id="sm-1161">
         <name>__localtime32</name>
         <value>0xffa5</value>
         <object_component_ref idref="oc-30a"/>
      </symbol>
      <symbol id="sm-1162">
         <name>localtime</name>
         <value>0xffa5</value>
         <object_component_ref idref="oc-30a"/>
      </symbol>
      <symbol id="sm-1172">
         <name>memccpy</name>
         <value>0x123bd</value>
         <object_component_ref idref="oc-450"/>
      </symbol>
      <symbol id="sm-1182">
         <name>memchr</name>
         <value>0x12425</value>
         <object_component_ref idref="oc-62a"/>
      </symbol>
      <symbol id="sm-1205">
         <name>_sys_memory</name>
         <value>0x8001500</value>
         <object_component_ref idref="oc-4e"/>
      </symbol>
      <symbol id="sm-1206">
         <name>free</name>
         <value>0x10b31</value>
         <object_component_ref idref="oc-328"/>
      </symbol>
      <symbol id="sm-1207">
         <name>memalign</name>
         <value>0x1075d</value>
         <object_component_ref idref="oc-500"/>
      </symbol>
      <symbol id="sm-1208">
         <name>malloc</name>
         <value>0x125a1</value>
         <object_component_ref idref="oc-304"/>
      </symbol>
      <symbol id="sm-1209">
         <name>aligned_alloc</name>
         <value>0x1075d</value>
         <object_component_ref idref="oc-500"/>
      </symbol>
      <symbol id="sm-123b">
         <name>mktime</name>
         <value>0xeee9</value>
         <object_component_ref idref="oc-507"/>
      </symbol>
      <symbol id="sm-123c">
         <name>__mktime32</name>
         <value>0xeee9</value>
         <object_component_ref idref="oc-507"/>
      </symbol>
      <symbol id="sm-124c">
         <name>strcat</name>
         <value>0x12445</value>
         <object_component_ref idref="oc-2d8"/>
      </symbol>
      <symbol id="sm-125c">
         <name>strchr</name>
         <value>0x124fb</value>
         <object_component_ref idref="oc-5ff"/>
      </symbol>
      <symbol id="sm-126b">
         <name>strcmp</name>
         <value>0x124cb</value>
         <object_component_ref idref="oc-296"/>
      </symbol>
      <symbol id="sm-1279">
         <name>strcpy</name>
         <value>0x12527</value>
         <object_component_ref idref="oc-29c"/>
      </symbol>
      <symbol id="sm-1287">
         <name>strlen</name>
         <value>0x12511</value>
         <object_component_ref idref="oc-426"/>
      </symbol>
      <symbol id="sm-12dc">
         <name>strtold</name>
         <value>0xe235</value>
         <object_component_ref idref="oc-4a6"/>
      </symbol>
      <symbol id="sm-12dd">
         <name>strtod</name>
         <value>0xe235</value>
         <object_component_ref idref="oc-4a6"/>
      </symbol>
      <symbol id="sm-12f5">
         <name>strtok</name>
         <value>0x12109</value>
         <object_component_ref idref="oc-290"/>
      </symbol>
      <symbol id="sm-1305">
         <name>_tz</name>
         <value>0x80023b4</value>
         <object_component_ref idref="oc-50d"/>
      </symbol>
      <symbol id="sm-131f">
         <name>write</name>
         <value>0x12395</value>
         <object_component_ref idref="oc-564"/>
      </symbol>
      <symbol id="sm-1330">
         <name>_stream</name>
         <value>0x8002340</value>
         <object_component_ref idref="oc-701"/>
      </symbol>
      <symbol id="sm-1331">
         <name>_device</name>
         <value>0x8002268</value>
         <object_component_ref idref="oc-7a5"/>
      </symbol>
      <symbol id="sm-1344">
         <name>__time32</name>
         <value>0x1255f</value>
         <object_component_ref idref="oc-14b"/>
      </symbol>
      <symbol id="sm-1345">
         <name>time</name>
         <value>0x1255f</value>
         <object_component_ref idref="oc-14b"/>
      </symbol>
      <symbol id="sm-1362">
         <name>open</name>
         <value>0x10eb1</value>
         <object_component_ref idref="oc-6ca"/>
      </symbol>
      <symbol id="sm-1376">
         <name>close</name>
         <value>0x11b3d</value>
         <object_component_ref idref="oc-6df"/>
      </symbol>
      <symbol id="sm-138b">
         <name>__aeabi_CLOCKS_PER_SEC</name>
         <value>0x12e78</value>
         <object_component_ref idref="oc-2b7"/>
      </symbol>
      <symbol id="sm-13a1">
         <name>__aeabi_errno_addr</name>
         <value>0x12591</value>
         <object_component_ref idref="oc-45c"/>
      </symbol>
      <symbol id="sm-13a2">
         <name>errno</name>
         <value>0x800242c</value>
         <object_component_ref idref="oc-60f"/>
      </symbol>
      <symbol id="sm-13bb">
         <name>wcslen</name>
         <value>0x1254d</value>
         <object_component_ref idref="oc-456"/>
      </symbol>
      <symbol id="sm-13d9">
         <name>frexpl</name>
         <value>0x1159d</value>
         <object_component_ref idref="oc-5f3"/>
      </symbol>
      <symbol id="sm-13da">
         <name>frexp</name>
         <value>0x1159d</value>
         <object_component_ref idref="oc-5f3"/>
      </symbol>
      <symbol id="sm-13f7">
         <name>scalbn</name>
         <value>0x10959</value>
         <object_component_ref idref="oc-5f9"/>
      </symbol>
      <symbol id="sm-13f8">
         <name>scalbnl</name>
         <value>0x10959</value>
         <object_component_ref idref="oc-5f9"/>
      </symbol>
      <symbol id="sm-13f9">
         <name>ldexpl</name>
         <value>0x10959</value>
         <object_component_ref idref="oc-5f9"/>
      </symbol>
      <symbol id="sm-13fa">
         <name>ldexp</name>
         <value>0x10959</value>
         <object_component_ref idref="oc-5f9"/>
      </symbol>
      <symbol id="sm-1424">
         <name>snprintf</name>
         <value>0x11dc5</value>
         <object_component_ref idref="oc-51a"/>
      </symbol>
      <symbol id="sm-14dc">
         <name>__TI_scanfi</name>
         <value>0x56ad</value>
         <object_component_ref idref="oc-4bf"/>
      </symbol>
      <symbol id="sm-14ee">
         <name>fseek</name>
         <value>0x119c9</value>
         <object_component_ref idref="oc-6f1"/>
      </symbol>
      <symbol id="sm-1511">
         <name>finddevice</name>
         <value>0x1225d</value>
         <object_component_ref idref="oc-7dc"/>
      </symbol>
      <symbol id="sm-1512">
         <name>getdevice</name>
         <value>0x12045</value>
         <object_component_ref idref="oc-784"/>
      </symbol>
      <symbol id="sm-151c">
         <name>__aeabi_idiv0</name>
         <value>0x1101b</value>
         <object_component_ref idref="oc-3fe"/>
      </symbol>
      <symbol id="sm-151d">
         <name>__aeabi_ldiv0</name>
         <value>0x1101b</value>
         <object_component_ref idref="oc-3fe"/>
      </symbol>
      <symbol id="sm-152e">
         <name>__aeabi_ldivmod</name>
         <value>0x111f4</value>
         <object_component_ref idref="oc-695"/>
      </symbol>
      <symbol id="sm-153f">
         <name>strcspn</name>
         <value>0x123e3</value>
         <object_component_ref idref="oc-497"/>
      </symbol>
      <symbol id="sm-154f">
         <name>strncpy</name>
         <value>0x121bd</value>
         <object_component_ref idref="oc-7d6"/>
      </symbol>
      <symbol id="sm-155d">
         <name>strrchr</name>
         <value>0x124e3</value>
         <object_component_ref idref="oc-66f"/>
      </symbol>
      <symbol id="sm-156f">
         <name>strspn</name>
         <value>0x12319</value>
         <object_component_ref idref="oc-491"/>
      </symbol>
      <symbol id="sm-1591">
         <name>strtol</name>
         <value>0x100d9</value>
         <object_component_ref idref="oc-663"/>
      </symbol>
      <symbol id="sm-15b7">
         <name>strtoll</name>
         <value>0xfabd</value>
         <object_component_ref idref="oc-669"/>
      </symbol>
      <symbol id="sm-15d7">
         <name>strtoul</name>
         <value>0x10549</value>
         <object_component_ref idref="oc-657"/>
      </symbol>
      <symbol id="sm-15fa">
         <name>strtoull</name>
         <value>0xfe41</value>
         <object_component_ref idref="oc-65d"/>
      </symbol>
      <symbol id="sm-160a">
         <name>unlink</name>
         <value>0x122ed</value>
         <object_component_ref idref="oc-6e5"/>
      </symbol>
      <symbol id="sm-161d">
         <name>HOSTclock</name>
         <value>0x11e5d</value>
         <object_component_ref idref="oc-28a"/>
      </symbol>
      <symbol id="sm-162e">
         <name>HOSTclose</name>
         <value>0x11f35</value>
         <object_component_ref idref="oc-7fb"/>
      </symbol>
      <symbol id="sm-163f">
         <name>HOSTlseek</name>
         <value>0x117c9</value>
         <object_component_ref idref="oc-80d"/>
      </symbol>
      <symbol id="sm-1651">
         <name>parmbuf</name>
         <value>0x800213c</value>
      </symbol>
      <symbol id="sm-1652">
         <name>HOSTopen</name>
         <value>0x11a2d</value>
         <object_component_ref idref="oc-7f5"/>
      </symbol>
      <symbol id="sm-1663">
         <name>HOSTread</name>
         <value>0x11a89</value>
         <object_component_ref idref="oc-801"/>
      </symbol>
      <symbol id="sm-1674">
         <name>HOSTrename</name>
         <value>0x11685</value>
         <object_component_ref idref="oc-819"/>
      </symbol>
      <symbol id="sm-168c">
         <name>HOSTtime</name>
         <value>0x11ea5</value>
         <object_component_ref idref="oc-25e"/>
      </symbol>
      <symbol id="sm-169d">
         <name>HOSTunlink</name>
         <value>0x11f79</value>
         <object_component_ref idref="oc-813"/>
      </symbol>
      <symbol id="sm-16ae">
         <name>HOSTwrite</name>
         <value>0x11ae5</value>
         <object_component_ref idref="oc-807"/>
      </symbol>
      <symbol id="sm-16d2">
         <name>__TI_readmsg</name>
         <value>0x12229</value>
         <object_component_ref idref="oc-410"/>
      </symbol>
      <symbol id="sm-16d3">
         <name>C$$IO$$</name>
         <value>0x1217b</value>
         <object_component_ref idref="oc-40a"/>
      </symbol>
      <symbol id="sm-16d4">
         <name>__CIOBUF_</name>
         <value>0x8001d00</value>
         <object_component_ref idref="oc-5bb"/>
      </symbol>
      <symbol id="sm-16d5">
         <name>__TI_writemsg</name>
         <value>0x12149</value>
         <object_component_ref idref="oc-40a"/>
      </symbol>
      <symbol id="sm-16e5">
         <name>lseek</name>
         <value>0x1236d</value>
         <object_component_ref idref="oc-792"/>
      </symbol>
      <symbol id="sm-16ef">
         <name>copysign</name>
         <value>0x12405</value>
         <object_component_ref idref="oc-73c"/>
      </symbol>
      <symbol id="sm-16f0">
         <name>copysignl</name>
         <value>0x12405</value>
         <object_component_ref idref="oc-73c"/>
      </symbol>
      <symbol id="sm-16f9">
         <name>__aeabi_lmul</name>
         <value>0x124b3</value>
         <object_component_ref idref="oc-768"/>
      </symbol>
      <symbol id="sm-16fa">
         <name>__TI_static_base__</name>
         <value>0x0</value>
      </symbol>
      <symbol id="sm-16ff">
         <name>SHT$$INIT_ARRAY$$Base</name>
         <value>0x0</value>
      </symbol>
      <symbol id="sm-1700">
         <name>SHT$$INIT_ARRAY$$Limit</name>
         <value>0x0</value>
      </symbol>
      <symbol id="sm-1701">
         <name>_system_post_cinit</name>
         <value>0x0</value>
      </symbol>
      <symbol id="sm-1702">
         <name>remove</name>
         <value>0x122ed</value>
      </symbol>
      <symbol id="sm-1703">
         <name>clock</name>
         <value>0x11e5d</value>
      </symbol>
   </symbol_table>
   <title>Link successful</title>
</link_info>
