******************************************************************************
                  TI ARM Linker PC v20.2.7                     
******************************************************************************
>> Linked Thu Nov 30 01:20:11 2023

OUTPUT FILE NAME:   <SL_Lib.out>
ENTRY POINT SYMBOL: "_c_int00"  address: 0000f184


MEMORY CONFIGURATION

         name            origin    length      used     unused   attr    fill
----------------------  --------  ---------  --------  --------  ----  --------
  VECTORS               00000000   00000020  00000020  00000000     X
  FLASH0                00000020   0013ffe0  00012f51  0012d08f  R  X
  STACKS                08000000   00001500  00000000  00001500  RW  
  RAM                   08001500   0002eb00  00000f3a  0002dbc6  RW  


SEGMENT ALLOCATION MAP

run origin  load origin   length   init length attrs members
----------  ----------- ---------- ----------- ----- -------
00000000    00000000    00012f78   00012f78    r-x
  00000000    00000000    00000020   00000020    r-x .intvecs
  00000020    00000020    000125c0   000125c0    r-x .text
  000125e0    000125e0    000008a1   000008a1    r-- .const
  00012e88    00012e88    000000f0   000000f0    r-- .cinit
08001500    08001500    00000f3c   00000000    rw-
  08001500    08001500    00000800   00000000    rw- .sysmem
  08001d00    08001d00    00000476   00000000    rw- .bss
  08002178    08002178    000002c4   00000000    rw- .data


SECTION ALLOCATION MAP

 output                                  attributes/
section   page    origin      length       input sections
--------  ----  ----------  ----------   ----------------
.intvecs   0    00000000    00000020     
                  00000000    00000020     sys_intvecs.obj (.intvecs)

.text      0    00000020    000125c0     
                  00000020    00002cdc     sys_selftest.obj (.text)
                  00002cfc    00001e4c     servo_functions.obj (.text)
                  00004b48    00000b64     system.obj (.text)
                  000056ac    00000b2c     rtsv7R4_T_le_v3D16_eabi.lib : _scanfi.c.obj (.text:__TI_scanfi)
                  000061d8    00000acc     sfc5500_commands.obj (.text)
                  00006ca4    00000a58     sys_vim.obj (.text)
                  000076fc    00000a46     rtsv7R4_T_le_v3D16_eabi.lib : _printfi.c.obj (.text:__TI_printfi)
                  00008142    00000002                                 : _lock.c.obj (.text:_nop)
                  00008144    00000a34     servo_sensirion.obj (.text)
                  00008b78    00000a2c     sci.obj (.text)
                  000095a4    000009cc     SmartLungGasSensing.obj (.text)
                  00009f70    0000093c     ecap.obj (.text)
                  0000a8ac    000008f8     het.obj (.text)
                  0000b1a4    000008d8     i2c.obj (.text)
                  0000ba7c    000008c0     pinmux.obj (.text)
                  0000c33c    000007a8     sci.obj (.text:retain)
                  0000cae4    000006ac     sfc5500_data.obj (.text)
                  0000d190    00000664     errata_SSWF021_45.obj (.text)
                  0000d7f4    000005bc     esm.obj (.text)
                  0000ddb0    00000484     gio.obj (.text)
                  0000e234    000003e8     rtsv7R4_T_le_v3D16_eabi.lib : strtod.c.obj (.text:strtod)
                  0000e61c    0000034c     sys_core.obj (.text)
                  0000e968    000002cc     sys_vim.obj (.text:retain)
                  0000ec34    000002b4     rtsv7R4_T_le_v3D16_eabi.lib : ull_div32.asm.obj (.text)
                  0000eee8    0000029c                                 : mktime.c.obj (.text:__mktime32)
                  0000f184    00000288     sys_startup.obj (.text:retain)
                  0000f40c    00000248     rtsv7R4_T_le_v3D16_eabi.lib : _printfi.c.obj (.text:_pconv_a)
                  0000f654    00000240     sys_main.obj (.text)
                  0000f894    00000228     notification.obj (.text)
                  0000fabc    000001e4     rtsv7R4_T_le_v3D16_eabi.lib : strtoll.c.obj (.text:strtoll)
                  0000fca0    000001a0                                 : _printfi.c.obj (.text:_pconv_g)
                  0000fe40    00000164                                 : strtoull.c.obj (.text:strtoull)
                  0000ffa4    00000134                                 : localtim.c.obj (.text:__localtime32)
                  000100d8    00000130                                 : strtol.c.obj (.text:strtol)
                  00010208    00000118                                 : fputs.c.obj (.text:fputs)
                  00010320    00000114                                 : fopen.c.obj (.text:_openfile)
                  00010434    00000114     esm.obj (.text:retain)
                  00010548    00000110     rtsv7R4_T_le_v3D16_eabi.lib : strtoul.c.obj (.text:strtoul)
                  00010658    00000104                                 : _printfi.c.obj (.text:_pconv_e)
                  0001075c    00000100                                 : memory.c.obj (.text:aligned_alloc)
                  0001085c    000000fc                                 : _printfi.c.obj (.text:fcvt)
                  00010958    000000f0                                 : s_scalbn.c.obj (.text:scalbn)
                  00010a48    000000e8     dabort.obj (.text)
                  00010b30    000000e4     rtsv7R4_T_le_v3D16_eabi.lib : memory.c.obj (.text:free)
                  00010c14    000000e0                                 : s_floor.c.obj (.text:floor)
                  00010cf4    000000e0     sys_pmu.obj (.text)
                  00010dd4    000000dc     rtsv7R4_T_le_v3D16_eabi.lib : setvbuf.c.obj (.text:setvbuf)
                  00010eb0    000000bc                                 : open.c.obj (.text:open)
                  00010f6c    000000ad                                 : _printfi.c.obj (.text:_ltostr)
                  00011019    00000001     --HOLE-- [fill = 0]
                  0001101a    00000002                                 : div0.asm.obj (.text)
                  0001101c    000000a0                                 : fopen.c.obj (.text:fopen)
                  000110bc    0000009c                                 : _bufread.c.obj (.text:__TI_buff_read)
                  00011158    0000009c                                 : memcpy_t2.asm.obj (.text)
                  000111f4    00000098                                 : ll_div32.asm.obj (.text)
                  0001128c    00000094                                 : atoll.c.obj (.text:atoll)
                  00011320    00000090                                 : fputc.c.obj (.text:fputc)
                  000113b0    00000084                                 : fgetc.c.obj (.text:fgetc)
                  00011434    0000007a                                 : _printfi.c.obj (.text:_mcpy)
                  000114ae    0000007a                                 : memset_t2.asm.obj (.text)
                  00011528    00000074                                 : fclose.c.obj (.text:__TI_closefile)
                  0001159c    00000074                                 : s_frexp.c.obj (.text:frexp)
                  00011610    00000074                                 : memory.c.obj (.text:split)
                  00011684    0000006c                                 : hostrename.c.obj (.text:HOSTrename)
                  000116f0    0000006c                                 : asctime.c.obj (.text:asctime)
                  0001175c    0000006c                                 : copy_decompress_lzss.c.obj (.text:decompress:lzss:__TI_decompress_lzss)
                  000117c8    00000068                                 : hostlseek.c.obj (.text:HOSTlseek)
                  00011830    00000068                                 : sscanf.c.obj (.text:_chkmbc)
                  00011898    00000068                                 : printf.c.obj (.text:printf)
                  00011900    00000064                                 : _io_perm.c.obj (.text:__TI_wrt_ok)
                  00011964    00000064                                 : fprintf.c.obj (.text:fprintf)
                  000119c8    00000064                                 : fseek.c.obj (.text:fseek)
                  00011a2c    0000005c                                 : hostopen.c.obj (.text:HOSTopen)
                  00011a88    0000005c                                 : hostread.c.obj (.text:HOSTread)
                  00011ae4    00000058                                 : hostwrite.c.obj (.text:HOSTwrite)
                  00011b3c    00000058                                 : close.c.obj (.text:close)
                  00011b94    00000054                                 : _ltoa.c.obj (.text:__TI_ltoa)
                  00011be8    00000052                                 : _printfi.c.obj (.text:_ecpy)
                  00011c3a    00000050                                 : _printfi.c.obj (.text:_pconv_f)
                  00011c8a    00000002     --HOLE-- [fill = 0]
                  00011c8c    00000050                                 : atoi.c.obj (.text:atoi)
                  00011cdc    00000050                                 : u_div32.asm.obj (.text)
                  00011d2c    0000004c                                 : fflush.c.obj (.text:__TI_doflush)
                  00011d78    0000004c     rti.obj (.text:retain)
                  00011dc4    0000004c     rtsv7R4_T_le_v3D16_eabi.lib : snprintf.c.obj (.text:snprintf)
                  00011e10    0000004a                                 : _io_perm.c.obj (.text:__TI_rd_ok)
                  00011e5a    00000002     --HOLE-- [fill = 0]
                  00011e5c    00000048                                 : hostclock.c.obj (.text:HOSTclock)
                  00011ea4    00000048                                 : hosttime.c.obj (.text:HOSTtime)
                  00011eec    00000048                                 : ll_tofs_t2.asm.obj (.text)
                  00011f34    00000044                                 : hostclose.c.obj (.text:HOSTclose)
                  00011f78    00000044                                 : hostunlink.c.obj (.text:HOSTunlink)
                  00011fbc    00000044                                 : autoinit.c.obj (.text:__TI_auto_init_nobinit_nopinit:__TI_auto_init_nobinit_nopinit)
                  00012000    00000044                                 : exit.c.obj (.text:exit)
                  00012044    00000044                                 : getdevice.c.obj (.text:getdevice)
                  00012088    00000040                                 : _printfi.c.obj (.text:_fcpy)
                  000120c8    00000040                                 : sprintf.c.obj (.text:sprintf)
                  00012108    00000040                                 : strtok.c.obj (.text:strtok)
                  00012148    0000003c                                 : trgmsg.c.obj (.text:__TI_writemsg)
                  00012184    00000038                                 : sscanf.c.obj (.text:sscanf)
                  000121bc    00000036                                 : strncpy.c.obj (.text:strncpy)
                  000121f2    00000002     --HOLE-- [fill = 0]
                  000121f4    00000034                                 : fopen.c.obj (.text:__TI_cleanup)
                  00012228    00000034                                 : trgmsg.c.obj (.text:__TI_readmsg)
                  0001225c    00000034                                 : getdevice.c.obj (.text:finddevice)
                  00012290    00000030                                 : snprintf.c.obj (.text:_outs)
                  000122c0    0000002c                                 : fclose.c.obj (.text:fclose)
                  000122ec    0000002c                                 : unlink.c.obj (.text:unlink)
                  00012318    0000002a                                 : strspn.c.obj (.text:strspn)
                  00012342    00000002     --HOLE-- [fill = 0]
                  00012344    00000028                                 : memory.c.obj (.text:free_list_insert)
                  0001236c    00000028                                 : lseek.c.obj (.text:lseek)
                  00012394    00000028                                 : write.c.obj (.text:write)
                  000123bc    00000026                                 : memccpy.c.obj (.text:memccpy)
                  000123e2    00000022                                 : strcspn.c.obj (.text:strcspn)
                  00012404    00000020                                 : s_copysign.c.obj (.text:copysign)
                  00012424    00000020                                 : memchr.c.obj (.text:memchr)
                  00012444    0000001e                                 : strcat.c.obj (.text:strcat)
                  00012462    00000002     --HOLE-- [fill = 0]
                  00012464    0000001c                                 : memory.c.obj (.text:free_list_remove)
                  00012480    0000001a                                 : sprintf.c.obj (.text:_outs)
                  0001249a    00000018                                 : snprintf.c.obj (.text:_outc)
                  000124b2    00000018                                 : ll_mul_t2.asm.obj (.text)
                  000124ca    00000018                                 : strcmp.c.obj (.text:strcmp)
                  000124e2    00000018                                 : strrchr.c.obj (.text:strrchr)
                  000124fa    00000016                                 : strchr.c.obj (.text:strchr)
                  00012510    00000016                                 : strlen.c.obj (.text:strlen)
                  00012526    00000014                                 : strcpy.c.obj (.text:strcpy)
                  0001253a    00000012                                 : sscanf.c.obj (.text:_inpchar)
                  0001254c    00000012                                 : wcslen.c.obj (.text:wcslen)
                  0001255e    0000000e                                 : time.c.obj (.text:__time32)
                  0001256c    0000000e                                 : copy_decompress_none.c.obj (.text:decompress:none:__TI_decompress_none)
                  0001257a    0000000c                                 : copy_zero_init.c.obj (.text:decompress:ZI:__TI_zero_init)
                  00012586    0000000a                                 : sprintf.c.obj (.text:_outc)
                  00012590    00000008                                 : errno.c.obj (.text:__aeabi_errno_addr)
                  00012598    00000008                                 : sscanf.c.obj (.text:_uninpchar)
                  000125a0    00000008                                 : memory.c.obj (.text:malloc)
                  000125a8    00000006                                 : atof.c.obj (.text:atof)
                  000125ae    00000004                                 : fprintf.c.obj (.text:_outc)
                  000125b2    00000004                                 : printf.c.obj (.text:_outc)
                  000125b6    00000004                                 : fprintf.c.obj (.text:_outs)
                  000125ba    00000004                                 : printf.c.obj (.text:_outs)
                  000125be    00000004                                 : exit.c.obj (.text:abort:abort)
                  000125c2    00000002     --HOLE-- [fill = 0]
                  000125c4    00000004     sys_phantom.obj (.text:retain)
                  000125c8    00000004     sys_startup.obj (.text)
                  000125cc    0000000c     rtsv7R4_T_le_v3D16_eabi.lib : div0.asm.obj (.tramp.__aeabi_idiv0.1)
                  000125d8    00000008     servo_functions.obj (.tramp.$.data:read:servo_functions.obj$0x0.1)

.const     0    000125e0    000008a1     
                  000125e0    000003a0     het.obj (.const:het1PROGRAM)
                  00012980    00000200     sys_vim.obj (.const:s_vim_init)
                  00012b80    00000101     rtsv7R4_T_le_v3D16_eabi.lib : ctype.c.obj (.const:.string:_ctypes_)
                  00012c81    00000006     SmartLungGasSensing.obj (.const:.string:$P$T1$2)
                  00012c87    00000001     --HOLE-- [fill = 0]
                  00012c88    000000c8     rtsv7R4_T_le_v3D16_eabi.lib : strtod.c.obj (.const:$O1$$)
                  00012d50    00000060                                 : mktime.c.obj (.const:$O1$$)
                  00012db0    0000004c                                 : asctime.c.obj (.const:$O1$$)
                  00012dfc    0000004c                                 : asctime.c.obj (.const:.string)
                  00012e48    00000020     het.obj (.const:s_het1pwmPolarity)
                  00012e68    00000010     rtsv7R4_T_le_v3D16_eabi.lib : _scanfi.c.obj (.const:$O1$$)
                  00012e78    00000004                                 : clock.c.obj (.const)
                  00012e7c    00000003     servo_sensirion.obj (.const:.string:$P$T0$1)
                  00012e7f    00000002     SmartLungGasSensing.obj (.const:.string:$P$T0$1)

.cinit     0    00012e88    000000f0     
                  00012e88    000000c5     (.cinit..data.load) [load image, compression = lzss]
                  00012f4d    00000003     --HOLE-- [fill = 0]
                  00012f50    0000000c     (__TI_handler_table)
                  00012f5c    00000004     --HOLE-- [fill = 0]
                  00012f60    00000008     (.cinit..bss.load) [load image, compression = zero_init]
                  00012f68    00000010     (__TI_cinit_table)

.sysmem    0    08001500    00000800     UNINITIALIZED
                  08001500    00000010     rtsv7R4_T_le_v3D16_eabi.lib : memory.c.obj (.sysmem)
                  08001510    000007f0     --HOLE--

.bss       0    08001d00    00000476     UNINITIALIZED
                  08001d00    00000120     rtsv7R4_T_le_v3D16_eabi.lib : trgmsg.c.obj (.bss:_CIOBUF_)
                  08001e20    00000100     (.common:dest)
                  08001f20    000000a0     (.common:__TI_tmpnams)
                  08001fc0    0000003c     (.common:inletO2)
                  08001ffc    0000003c     (.common:outletO2)
                  08002038    00000028     sci.obj (.bss:g_sciTransfer_t)
                  08002060    0000001c     rtsv7R4_T_le_v3D16_eabi.lib : asctime.c.obj (.bss:time_buf)
                  0800207c    0000001c     (.common:result_uniqID)
                  08002098    00000018     (.common:result_o2)
                  080020b0    00000014     (.common:result_deviceInfo)
                  080020c4    0000000c     i2c.obj (.bss:g_i2cTransfer_t)
                  080020d0    0000000c     servo_functions.obj (.bss)
                  080020dc    0000000c     (.common:co2PidGains)
                  080020e8    0000000c     (.common:co2_buffer)
                  080020f4    0000000c     (.common:flowPidGains)
                  08002100    0000000c     (.common:heaterPidGains)
                  0800210c    0000000c     (.common:mul_buffer)
                  08002118    0000000c     (.common:newco2PidGains)
                  08002124    0000000c     (.common:newflowPidGains)
                  08002130    0000000c     (.common:tEGCO2Gains)
                  0800213c    00000008     (.common:parmbuf)
                  08002144    00000004     (.common:EGCO2)
                  08002148    00000008     (.common:pwm_error)
                  08002150    00000007     (.common:currentFlags)
                  08002157    00000001     (.common:Data_Display_Disabled)
                  08002158    00000004     (.common:Time)
                  0800215c    00000004     (.common:pwm_derivative)
                  08002160    00000004     (.common:pwm_integral)
                  08002164    00000004     (.common:pwm_integralUpdated)
                  08002168    00000004     (.common:pwm_pre_error)
                  0800216c    00000004     (.common:tSweepCO2)
                  08002170    00000001     (.common:MODE)
                  08002171    00000001     (.common:STATUS)
                  08002172    00000001     (.common:dataReceiveFlag)
                  08002173    00000001     (.common:dataReceivedFlag)
                  08002174    00000001     (.common:o2ReceivedFlag)
                  08002175    00000001     (.common:pwm_saturation)

.data      0    08002178    000002c4     UNINITIALIZED
                  08002178    000000f0     rtsv7R4_T_le_v3D16_eabi.lib : defs.c.obj (.data:_ftable)
                  08002268    00000078                                 : host_device.c.obj (.data:_device)
                  080022e0    00000060     servo_functions.obj (.data)
                  08002340    00000050     rtsv7R4_T_le_v3D16_eabi.lib : host_device.c.obj (.data:_stream)
                  08002390    00000024                                 : localtim.c.obj (.data:local_tm)
                  080023b4    00000010                                 : tmzone.c.obj (.data:_tz)
                  080023c4    00000010                                 : defs.c.obj (.data)
                  080023d4    0000000c                                 : exit.c.obj (.data:$O1$$)
                  080023e0    00000009     SmartLungGasSensing.obj (.data:readOxyRAW)
                  080023e9    00000003     --HOLE--
                  080023ec    00000008     rtsv7R4_T_le_v3D16_eabi.lib : _lock.c.obj (.data:$O1$$)
                  080023f4    00000008                                 : memory.c.obj (.data:$O1$$)
                  080023fc    00000008     servo_functions.obj (.data:deviceInfo)
                  08002404    00000008     servo_functions.obj (.data:measure_oxygen)
                  0800240c    00000008     SmartLungGasSensing.obj (.data:readOxy)
                  08002414    00000008     servo_functions.obj (.data:uniqID)
                  0800241c    00000006     servo_functions.obj (.data:mode)
                  08002422    00000004     servo_functions.obj (.data:multiplier)
                  08002426    00000004     servo_functions.obj (.data:read)
                  0800242a    00000002     --HOLE--
                  0800242c    00000004     rtsv7R4_T_le_v3D16_eabi.lib : errno.c.obj (.data)
                  08002430    00000004                                 : fopen.c.obj (.data)
                  08002434    00000004                                 : open.c.obj (.data)
                  08002438    00000004                                 : strtok.c.obj (.data)

__llvm_prf_cnts 
*          0    08001500    00000000     UNINITIALIZED

MODULE SUMMARY

       Module                       code    ro data   rw data
       ------                       ----    -------   -------
    .\SL_Lib\source\
       sys_selftest.obj             11484   0         0      
       servo_functions.obj          7764    0         151    
       sci.obj                      4564    0         40     
       sys_vim.obj                  3364    512       0      
       het.obj                      2296    960       0      
       system.obj                   2916    0         0      
       SmartLungGasSensing.obj      2508    8         394    
       sfc5500_commands.obj         2764    0         1      
       servo_sensirion.obj          2612    3         0      
       ecap.obj                     2364    0         0      
       i2c.obj                      2264    0         12     
       pinmux.obj                   2240    0         0      
       esm.obj                      1744    0         0      
       sfc5500_data.obj             1708    0         0      
       errata_SSWF021_45.obj        1636    0         0      
       gio.obj                      1156    0         0      
       sys_core.obj                 844     0         0      
       sys_startup.obj              652     0         0      
       sys_main.obj                 576     0         0      
       notification.obj             552     0         0      
       dabort.obj                   232     0         0      
       sys_pmu.obj                  224     0         0      
       SFC5500Device.obj            0       0         211    
       rti.obj                      76      0         0      
       sys_intvecs.obj              32      0         0      
       sys_phantom.obj              4       0         0      
    +--+----------------------------+-------+---------+---------+
       Total:                       56576   1483      809    
                                                             
    C:/ti/ccs1230/ccs/tools/compiler/ti-cgt-arm_20.2.7.LTS/lib/rtsv7R4_T_le_v3D16_eabi.lib
       _printfi.c.obj               4663    0         0      
       _scanfi.c.obj                2860    16        0      
       strtod.c.obj                 1000    200       0      
       mktime.c.obj                 668     96        0      
       ull_div32.asm.obj            692     0         0      
       memory.c.obj                 676     0         8      
       fopen.c.obj                  488     0         4      
       strtoll.c.obj                484     0         0      
       defs.c.obj                   0       0         416    
       trgmsg.c.obj                 112     0         288    
       strtoull.c.obj               356     0         0      
       localtim.c.obj               308     0         36     
       strtol.c.obj                 304     0         0      
       asctime.c.obj                108     152       28     
       fputs.c.obj                  280     0         0      
       strtoul.c.obj                272     0         0      
       ctype.c.obj                  0       257       0      
       s_scalbn.c.obj               240     0         0      
       s_floor.c.obj                224     0         0      
       setvbuf.c.obj                220     0         0      
       host_device.c.obj            0       0         200    
       open.c.obj                   188     0         4      
       sscanf.c.obj                 186     0         0      
       _io_perm.c.obj               174     0         0      
       fclose.c.obj                 160     0         0      
       _bufread.c.obj               156     0         0      
       memcpy_t2.asm.obj            156     0         0      
       ll_div32.asm.obj             152     0         0      
       atoll.c.obj                  148     0         0      
       snprintf.c.obj               148     0         0      
       fputc.c.obj                  144     0         0      
       fgetc.c.obj                  132     0         0      
       memset_t2.asm.obj            122     0         0      
       getdevice.c.obj              120     0         0      
       s_frexp.c.obj                116     0         0      
       printf.c.obj                 112     0         0      
       copy_decompress_lzss.c.obj   108     0         0      
       fprintf.c.obj                108     0         0      
       hostrename.c.obj             108     0         0      
       hostlseek.c.obj              104     0         0      
       fseek.c.obj                  100     0         0      
       hostopen.c.obj               92      0         8      
       sprintf.c.obj                100     0         0      
       hostread.c.obj               92      0         0      
       close.c.obj                  88      0         0      
       hostwrite.c.obj              88      0         0      
       _ltoa.c.obj                  84      0         0      
       exit.c.obj                   72      0         12     
       atoi.c.obj                   80      0         0      
       u_div32.asm.obj              80      0         0      
       fflush.c.obj                 76      0         0      
       hostclock.c.obj              72      0         0      
       hosttime.c.obj               72      0         0      
       ll_tofs_t2.asm.obj           72      0         0      
       autoinit.c.obj               68      0         0      
       hostclose.c.obj              68      0         0      
       hostunlink.c.obj             68      0         0      
       strtok.c.obj                 64      0         4      
       strncpy.c.obj                54      0         0      
       unlink.c.obj                 44      0         0      
       strspn.c.obj                 42      0         0      
       lseek.c.obj                  40      0         0      
       write.c.obj                  40      0         0      
       memccpy.c.obj                38      0         0      
       strcspn.c.obj                34      0         0      
       memchr.c.obj                 32      0         0      
       s_copysign.c.obj             32      0         0      
       strcat.c.obj                 30      0         0      
       ll_mul_t2.asm.obj            24      0         0      
       strcmp.c.obj                 24      0         0      
       strrchr.c.obj                24      0         0      
       strchr.c.obj                 22      0         0      
       strlen.c.obj                 22      0         0      
       strcpy.c.obj                 20      0         0      
       wcslen.c.obj                 18      0         0      
       tmzone.c.obj                 0       0         16     
       copy_decompress_none.c.obj   14      0         0      
       div0.asm.obj                 14      0         0      
       time.c.obj                   14      0         0      
       copy_zero_init.c.obj         12      0         0      
       errno.c.obj                  8       0         4      
       _lock.c.obj                  2       0         8      
       atof.c.obj                   6       0         0      
       clock.c.obj                  0       4         0      
    +--+----------------------------+-------+---------+---------+
       Total:                       18643   725       1036   
                                                             
       Heap:                        0       0         2048   
       Linker Generated:            0       233       0      
    +--+----------------------------+-------+---------+---------+
       Grand Total:                 75219   2441      3893   


LINKER GENERATED COPY TABLES

__TI_cinit_table @ 00012f68 records: 2, size/record: 8, table size: 16
	.data: load addr=00012e88, load size=000000c5 bytes, run addr=08002178, run size=000002c4 bytes, compression=lzss
	.bss: load addr=00012f60, load size=00000008 bytes, run addr=08001d00, run size=00000476 bytes, compression=zero_init


LINKER GENERATED HANDLER TABLE

__TI_handler_table @ 00012f50 records: 3, size/record: 4, table size: 12
	index: 0, handler: __TI_zero_init
	index: 1, handler: __TI_decompress_lzss
	index: 2, handler: __TI_decompress_none

VENEERS

callee name               veneer name
   callee addr  veneer addr  call addr  call info
--------------  -----------  ---------  ----------------
__aeabi_idiv0             $Ven$AT$L$PI$$__aeabi_idiv0
   0001101b     000125cc     00011228   rtsv7R4_T_le_v3D16_eabi.lib : ll_div32.asm.obj (.text)

[1 trampolines]
[1 trampoline calls]


FAR CALL TRAMPOLINES

callee name               trampoline name
   callee addr  tramp addr   call addr  call info
--------------  -----------  ---------  ----------------
$.data:read:servo_functions.obj$0x0  $Tramp$TT$L$PI$$$.data:read:servo_functions.obj$0x0
   08002426     000125d8     0001111e   rtsv7R4_T_le_v3D16_eabi.lib : _bufread.c.obj (.text:__TI_buff_read)
                             000113f2                               : fgetc.c.obj (.text:fgetc)

[1 trampolines]
[2 trampoline calls]


GLOBAL SYMBOLS: SORTED ALPHABETICALLY BY Name 

address   name                                
-------   ----                                
000089d4  ABP2_ReadCommandResult              
00008838  ABP2_WriteCommand                   
000086ac  ABP2_getPressure                    
000125bf  C$$EXIT                             
0001217b  C$$IO$$                             
00004858  CO2PID                              
00002d2c  CO2_sensor_init                     
00003b04  Data_Display                        
08002157  Data_Display_Disabled               
00003d44  Display_Ambient_Pressure            
00003b54  Display_CO2_Level                   
00003c60  Display_Flow_Level1                 
00003f6c  Display_PID                         
00003e68  Display_Pressure_Drop               
08002144  EGCO2                               
00009850  FDO2Data                            
00011e5d  HOSTclock                           
00011f35  HOSTclose                           
000117c9  HOSTlseek                           
00011a2d  HOSTopen                            
00011a89  HOSTread                            
00011685  HOSTrename                          
00011ea5  HOSTtime                            
00011f79  HOSTunlink                          
00011ae5  HOSTwrite                           
08002170  MODE                                
00002dcc  O2_sensor_init                      
00002cfc  Run_Time_Since_Epoch                
0000841c  SF05_GetFlow                        
00002d08  SF05_PowerOnFlowSensor              
000082c8  SF05_ReadCommandResult              
00008144  SF05_WriteCommand                   
00006548  SFC5500_GetSetPoint                 
000062fc  SFC5500_ReadMeasuredValue           
0000641c  SFC5500_SetSetpoint                 
UNDEFED   SHT$$INIT_ARRAY$$Base               
UNDEFED   SHT$$INIT_ARRAY$$Limit              
000084c4  SHTC3_GetTempAndHumi                
00008670  SHTC3_Sleep                         
00008698  SHTC3_SoftReset                     
00008684  SHTC3_Wakeup                        
08002171  STATUS                              
000061d8  Shdlc_GetDeviceInfo                 
08002158  Time                                
08001d00  __CIOBUF_                           
00000800  __SYSMEM_SIZE                       
00012f68  __TI_CINIT_Base                     
00012f78  __TI_CINIT_Limit                    
00012f50  __TI_Handler_Table_Base             
00012f5c  __TI_Handler_Table_Limit            
0000e960  __TI_PINIT_Base                     
0000e964  __TI_PINIT_Limit                    
00011fbd  __TI_auto_init_nobinit_nopinit      
000110bd  __TI_buff_read                      
000121f5  __TI_cleanup                        
080023d4  __TI_cleanup_ptr                    
00011529  __TI_closefile                      
0001175d  __TI_decompress_lzss                
0001256d  __TI_decompress_none                
00011d2d  __TI_doflush                        
080023d8  __TI_dtors_ptr                      
080023dc  __TI_enable_exit_profile_output     
080023c4  __TI_ft_end                         
00011b95  __TI_ltoa                           
ffffffff  __TI_pprof_out_hndl                 
000076fd  __TI_printfi                        
ffffffff  __TI_prof_data_size                 
ffffffff  __TI_prof_data_start                
00011e11  __TI_rd_ok                          
00012229  __TI_readmsg                        
000056ad  __TI_scanfi                         
00000000  __TI_static_base__                  
08001f20  __TI_tmpnams                        
00012149  __TI_writemsg                       
00011901  __TI_wrt_ok                         
0001257b  __TI_zero_init                      
00012e78  __aeabi_CLOCKS_PER_SEC              
00012591  __aeabi_errno_addr                  
0001101b  __aeabi_idiv0                       
00011eed  __aeabi_l2f                         
0001101b  __aeabi_ldiv0                       
000111f4  __aeabi_ldivmod                     
000124b3  __aeabi_lmul                        
000114af  __aeabi_memclr                      
000114af  __aeabi_memclr4                     
000114af  __aeabi_memclr8                     
00011159  __aeabi_memcpy                      
00011159  __aeabi_memcpy4                     
00011159  __aeabi_memcpy8                     
000114b1  __aeabi_memset                      
000114b1  __aeabi_memset4                     
000114b1  __aeabi_memset8                     
080023d0  __aeabi_stderr                      
080023c8  __aeabi_stdin                       
080023cc  __aeabi_stdout                      
00011cdc  __aeabi_uidiv                       
00011cdc  __aeabi_uidivmod                    
0000ec34  __aeabi_uldivmod                    
ffffffff  __binit__                           
ffffffff  __c_args__                          
0000ffa5  __localtime32                       
0000eee9  __mktime32                          
08001500  __start___llvm_prf_cnts             
08001500  __stop___llvm_prf_cnts              
0001255f  __time32                            
0000f184  _c_int00                            
0000e878  _coreClearAuxiliaryDataFault_       
0000e88c  _coreClearAuxiliaryInstructionFault_
0000e850  _coreClearDataFaultAddress_         
0000e828  _coreClearDataFault_                
0000e864  _coreClearInstructionFaultAddress_  
0000e83c  _coreClearInstructionFault_         
0000e7bc  _coreDisableEventBusExport_         
0000e800  _coreDisableFlashEcc_               
0000e7dc  _coreDisableRamEcc_                 
0000e7ac  _coreEnableEventBusExport_          
0000e7ec  _coreEnableFlashEcc_                
0000e810  _coreEnableIrqVicOffset_            
0000e7cc  _coreEnableRamEcc_                  
0000e794  _coreEnableVfp_                     
0000e870  _coreGetAuxiliaryDataFault_         
0000e884  _coreGetAuxiliaryInstructionFault_  
0000e848  _coreGetDataFaultAddress_           
0000e820  _coreGetDataFault_                  
0000e85c  _coreGetInstructionFaultAddress_    
0000e834  _coreGetInstructionFault_           
0000e61c  _coreInitRegisters_                 
0000e728  _coreInitStackPointer_              
00012b80  _ctypes_                            
00010a48  _dabort                             
08002268  _device                             
0000e8a0  _disable_FIQ_interrupt_             
0000e8a8  _disable_IRQ_interrupt_             
0000e898  _disable_interrupt_                 
0000e8b0  _enable_interrupt_                  
0000e940  _errata_CORTEXR4_57_                
0000e950  _errata_CORTEXR4_66_                
0000d190  _errata_SSWF021_45_both_plls        
0000d384  _errata_SSWF021_45_pll1             
0000d4fc  _errata_SSWF021_45_pll2             
0000e8b8  _esmCcmErrorsClear_                 
08002178  _ftable                             
0000e774  _getCPSRValue_                      
0000e77c  _gotoCPUIdle_                       
080023ec  _lock                               
00008143  _nop                                
00010d50  _pmuDisableCountersGlobal_          
00010d40  _pmuEnableCountersGlobal_           
00010dac  _pmuGetCycleCount_                  
00010db4  _pmuGetEventCount_                  
00010dc0  _pmuGetOverflow_                    
00010cf4  _pmuInit_                           
00010d80  _pmuResetCounters_                  
00010d60  _pmuResetCycleCounter_              
00010d70  _pmuResetEventCounters_             
00010da0  _pmuSetCountEvent_                  
00010d90  _pmuStartCounters_                  
00010d98  _pmuStopCounters_                   
08002340  _stream                             
08001500  _sys_memory                         
UNDEFED   _system_post_cinit                  
080023b4  _tz                                 
080023f0  _unlock                             
000125bf  abort                               
0000126c  adc1ParityCheck                     
00001358  adc2ParityCheck                     
0000f8fc  adcNotification                     
0001075d  aligned_alloc                       
000116f1  asctime                             
000125a9  atof                                
00011c8d  atoi                                
0001128d  atoll                               
ffffffff  binit                               
00009758  bloodFlowSensorInit                 
0000cd94  buildData                           
000035bc  calculateConcentration              
00006a18  calculateSetPoint                   
00006b30  calculateSetPointCO2                
00003770  calculateSweep                      
00003920  calculate_Heater_PWM                
00003090  calculate_PWM                       
000033fc  calculate_tEGCO2                    
00001410  can1ParityCheck                     
000014e8  can2ParityCheck                     
000015b0  can3ParityCheck                     
0000f910  canErrorNotification                
0000f938  canMessageNotification              
0000f924  canStatusChangeNotification         
0000aeb8  capGetSignal                        
00000030  ccmSelfCheck                        
000026fc  ccmr4GetConfigValue                 
00000938  checkB0RAMECC                       
00000b28  checkB1RAMECC                       
00001c18  checkClockMonitor                   
00000d18  checkFlashECC                       
00001cf4  checkFlashEEPROMECC                 
00001e8c  checkPLL1Slip                       
00001f8c  checkPLL2Slip                       
00002050  checkRAMAddrParity                  
000019d0  checkRAMECC                         
0000215c  checkRAMUERRTest                    
000007bc  checkefcSelfTest                    
00011e5d  clock                               
00011b3d  close                               
080020dc  co2PidGains                         
000095a4  co2SensorInit                       
080020e8  co2_buffer                          
000044f8  config_etPWM_eCAP                   
00012405  copysign                            
00012405  copysignl                           
00000234  cpuSelfTest                         
00000dfc  cpuSelfTestFail                     
080022e0  currentCommand                      
08002150  currentFlags                        
000055d0  customTrimLPO                       
00000df4  custom_dabort                       
0000cb58  dataParser                          
00006668  dataReceive                         
08002172  dataReceiveFlag                     
08002173  dataReceivedFlag                    
0000d06c  dataToFloat                         
00006710  dataTransmit                        
0000f94c  dccNotification                     
08001e20  dest                                
080023fc  deviceInfo                          
00002b58  disableParity                       
0000fa78  dmaGroupANotification               
00000eac  dmaParityCheck                      
0000a4d4  ecap1GetConfigValue                 
0000a568  ecap2GetConfigValue                 
0000a5fc  ecap3GetConfigValue                 
0000a690  ecap4GetConfigValue                 
0000a724  ecap5GetConfigValue                 
0000a7b8  ecap6GetConfigValue                 
0000a454  ecapClearFlag                       
0000a3b4  ecapDisableAPWMMode                 
0000a2a4  ecapDisableCapture                  
0000a09c  ecapDisableCounterLoadOnSync        
0000a400  ecapDisableInterrupt                
0000a348  ecapEnableAPWMmode                  
0000a284  ecapEnableCapture                   
0000a06c  ecapEnableCounterLoadOnSync         
0000a3d8  ecapEnableInterrupt                 
0000a474  ecapGetCAP1                         
0000a48c  ecapGetCAP2                         
0000a4a4  ecapGetCAP3                         
0000a4bc  ecapGetCAP4                         
0000a430  ecapGetEventStatus                  
00009f70  ecapInit                            
0000fa64  ecapNotification                    
0000a0fc  ecapSetCaptureEvent1                
0000a148  ecapSetCaptureEvent2                
0000a198  ecapSetCaptureEvent3                
0000a1e8  ecapSetCaptureEvent4                
0000a238  ecapSetCaptureMode                  
0000a04c  ecapSetCounter                      
0000a0c0  ecapSetEventPrescaler               
0000a30c  ecapSetSyncOut                      
0000a2c8  ecapStartCounter                    
0000a2e8  ecapStopCounter                     
0000ae78  edgeDisableNotification             
0000ae3c  edgeEnableNotification              
0000ae10  edgeGetCounter                      
0000fa3c  edgeNotification                    
0000ade4  edgeResetCounter                    
00000660  efcCheck                            
00002660  efcGetConfigValue                   
00000794  efcSelfTest                         
000006e8  efcStuckZeroTest                    
00004974  egco2PID                            
080022fc  elapsedTime                         
080022f0  elapsedTimeCO2                      
0000fa9c  emacRxNotification                  
0000fa8c  emacTxNotification                  
00002ad0  enableParity                        
0000276c  errata_PBIST_4                      
0800242c  errno                               
0000d978  esmActivateNormalOperation          
0000da4c  esmClearStatus                      
0000da8c  esmClearStatusBuffer                
0000d940  esmDisableError                     
0000d9b0  esmDisableInterrupt                 
0000d918  esmEnableError                      
0000d988  esmEnableInterrupt                  
0000db84  esmEnterSelfTest                    
0000d8fc  esmError                            
0000dc5c  esmGetConfigValue                   
0000dac8  esmGetStatus                        
0000db4c  esmGetStatusBuffer                  
0000f894  esmGroup1Notification               
0000f8a4  esmGroup2Notification               
00010434  esmHighInterrupt                    
0000d7f4  esmInit                             
0000dc0c  esmSelfTestStatus                   
0000daa8  esmSetCounterPreloadValue           
0000d9d8  esmSetInterruptLevel                
0000d968  esmTriggerErrorPinReset             
0000968c  exhaustO2Init                       
00012001  exit                                
000122c1  fclose                              
000113b1  fgetc                               
0001225d  finddevice                          
0000cfe8  floatToData                         
00010c15  floor                               
00010c15  floorl                              
080020f4  flowPidGains                        
080022e8  flow_moisture_flush                 
000022c4  fmcBus1ParityCheck                  
0000085c  fmcBus2Check                        
00000898  fmcECCcheck                         
0001101d  fopen                               
00011965  fprintf                             
00011321  fputc                               
00010209  fputs                               
00010b31  free                                
0001159d  frexp                               
0001159d  frexpl                              
000119c9  fseek                               
0000cae4  getCheckSum                         
00002ed8  get_CO2_val                         
00003034  get_O2_val                          
00002e6c  get_avg_CO2_val                     
000113b1  getc                                
00012045  getdevice                           
0000e010  gioDisableNotification              
0000dfa8  gioEnableNotification               
0000df10  gioGetBit                           
0000e078  gioGetConfigValue                   
0000df38  gioGetPort                          
0000ddb0  gioInit                             
0000f960  gioNotification                     
0000dea0  gioSetBit                           
0000de80  gioSetDirection                     
0000def0  gioSetPort                          
0000df50  gioToggleBit                        
000125c8  handlePLLLockFail                   
08002100  heaterPidGains                      
0000afc4  het1GetConfigValue                  
00000f58  het1ParityCheck                     
000010c0  het2ParityCheck                     
0000afac  hetGetTimestamp                     
0000a8ac  hetInit                             
0000fa50  hetNotification                     
0000af90  hetResetTimestamp                   
00001004  htu1ParityCheck                     
000011bc  htu2ParityCheck                     
00003a40  humidity_control                    
0000b5b0  i2cClearSCD                         
0000b6b4  i2cDisableLoopback                  
0000b728  i2cDisableNotification              
0000b694  i2cEnableLoopback                   
0000b6ec  i2cEnableNotification               
0000b7b0  i2cGetConfigValue                   
0000b1a4  i2cInit                             
0000b9f0  i2cIsBusBusy                        
0000b9b0  i2cIsMasterReady                    
0000b548  i2cIsRxReady                        
0000b564  i2cIsStopDetected                   
0000b430  i2cIsTxReady                        
0000f974  i2cNotification                     
0000b5f4  i2cReceive                          
0000b5cc  i2cReceiveByte                      
0000b580  i2cRxError                          
0000b47c  i2cSend                             
0000b44c  i2cSendByte                         
0000b2d0  i2cSetBaudrate                      
0000b410  i2cSetCount                         
0000b978  i2cSetDirection                     
0000b778  i2cSetMode                          
0000b290  i2cSetOwnAdd                        
0000b2b0  i2cSetSlaveAdd                      
0000b3d0  i2cSetStart                         
0000b3f0  i2cSetStop                          
08001fc0  inletO2                             
000095f8  inletO2Init                         
08002304  integral                            
080022f8  integralCO2                         
080022f4  lastCO2                             
08002300  lastEGCO2                           
00010959  ldexp                               
00010959  ldexpl                              
0000c8ac  linHighLevelInterrupt               
0000c6dc  linLowLevelInterrupt                
0000ffa5  localtime                           
0001236d  lseek                               
0000f654  main                                
000125a1  malloc                              
00004cb0  mapClocks                           
000068fc  measureCurrentFlows                 
08002404  measure_oxygen                      
0001075d  memalign                            
000123bd  memccpy                             
00012425  memchr                              
00011159  memcpy                              
00000174  memoryInit                          
0000f8b4  memoryPort0TestFailNotification     
0000f8d0  memoryPort1TestFailNotification     
000114b7  memset                              
00004410  merge_file                          
00001684  mibspi1ParityCheck                  
0000178c  mibspi3ParityCheck                  
000018b0  mibspi5ParityCheck                  
0000f99c  mibspiGroupNotification             
0000f988  mibspiNotification                  
0000eee9  mktime                              
0800241c  mode                                
000040d4  modeIsUpdated                       
0800210c  mul_buffer                          
08002422  multiplier                          
0000ba7c  muxInit                             
08002118  newco2PidGains                      
08002124  newflowPidGains                     
08002174  o2ReceivedFlag                      
00010eb1  open                                
08001ffc  outletO2                            
0800213c  parmbuf                             
000023ec  pbistFail                           
00002470  pbistGetConfigValue                 
000005a8  pbistIsTestCompleted                
000005d4  pbistIsTestPassed                   
00000608  pbistPortTestStatus                 
000004ac  pbistRun                            
000002cc  pbistSelfCheck                      
00000578  pbistStop                           
00004c5c  periphInit                          
000125c4  phantomInterrupt                    
0000bf30  pinmuxGetConfigValue                
00011899  printf                              
00011321  putc                                
0000adb4  pwmDisableNotification              
0000ad6c  pwmEnableNotification               
0000ac8c  pwmGetSignal                        
0000fa24  pwmNotification                     
0000a9d4  pwmSetDuty                          
0000ab10  pwmSetSignal                        
0000a96c  pwmStart                            
0000a9a0  pwmStop                             
0800215c  pwm_derivative                      
08002148  pwm_error                           
08002160  pwm_integral                        
08002164  pwm_integralUpdated                 
08002168  pwm_pre_error                       
08002175  pwm_saturation                      
08002426  read                                
0800240c  readOxy                             
080023e0  readOxyRAW                          
000122ed  remove                              
00000000  resetEntry                          
00004770  reset_sensor                        
080020b0  result_deviceInfo                   
08002098  result_o2                           
0800207c  result_uniqID                       
00011d78  rtiCompare0Interrupt                
0000f8ec  rtiNotification                     
00010959  scalbn                              
00010959  scalbnl                             
00009128  sciDisableLoopback                  
000091b4  sciDisableNotification              
000090f4  sciEnableLoopback                   
0000914c  sciEnableNotification               
0000921c  sciEnterResetState                  
0000923c  sciExitResetState                   
0000925c  sciGetConfigValue                   
0000c33c  sciHighLevelInterrupt               
00008b78  sciInit                             
00008fa4  sciIsIdleDetected                   
00008f88  sciIsRxReady                        
00008e08  sciIsTxReady                        
0000c50c  sciLowLevelInterrupt                
0000f9b0  sciNotification                     
0000901c  sciReceive                          
00008ff0  sciReceiveByte                      
00008fc0  sciRxError                          
00008e54  sciSend                             
00008e24  sciSendByte                         
00008d6c  sciSetBaudrate                      
00008d4c  sciSetFunctional                    
0000d104  sciTransmitData                     
000093b4  scilinGetConfigValue                
00000020  selftestFailNotification            
000067c0  setpointUpdate                      
00004c1c  setupFlash                          
00004b48  setupPLL                            
00010dd5  setvbuf                             
00011dc5  snprintf                            
0000fa14  spiEndNotification                  
0000fa00  spiNotification                     
000120c9  sprintf                             
00005494  sramGetConfigValue                  
00012185  sscanf                              
000025bc  stcGetConfigValue                   
000001b8  stcSelfCheck                        
00000df8  stcSelfCheckFail                    
000041c4  store_data                          
00012445  strcat                              
000124fb  strchr                              
000124cb  strcmp                              
00012527  strcpy                              
000123e3  strcspn                             
00012511  strlen                              
000121bd  strncpy                             
000124e3  strrchr                             
00012319  strspn                              
0000e235  strtod                              
00012109  strtok                              
000100d9  strtol                              
0000e235  strtold                             
0000fabd  strtoll                             
00010549  strtoul                             
0000fe41  strtoull                            
00004ed4  systemGetConfigValue                
00004dd8  systemInit                          
00004ea4  systemPowerDown                     
080022ec  tEGCO2                              
08002130  tEGCO2Gains                         
08002308  tSweep                              
0800216c  tSweepCO2                           
000045d8  tcaselect                           
000052e8  tcmflashGetConfigValue              
0001255f  time                                
00004ba8  trimLPO                             
08002414  uniqID                              
000122ed  unlink                              
0000cd54  verifyCheckSum                      
00006d78  vimChannelMap                       
00006fe4  vimDisableInterrupt                 
00006e1c  vimEnableInterrupt                  
00007090  vimGetConfigValue                   
00006ca4  vimInit                             
00000e00  vimParityCheck                      
0000e968  vimParityErrorHandler               
0000d16c  wait                                
0001254d  wcslen                              
00012395  write                               


GLOBAL SYMBOLS: SORTED BY Symbol Address 

address   name                                
-------   ----                                
00000000  __TI_static_base__                  
00000000  resetEntry                          
00000020  selftestFailNotification            
00000030  ccmSelfCheck                        
00000174  memoryInit                          
000001b8  stcSelfCheck                        
00000234  cpuSelfTest                         
000002cc  pbistSelfCheck                      
000004ac  pbistRun                            
00000578  pbistStop                           
000005a8  pbistIsTestCompleted                
000005d4  pbistIsTestPassed                   
00000608  pbistPortTestStatus                 
00000660  efcCheck                            
000006e8  efcStuckZeroTest                    
00000794  efcSelfTest                         
000007bc  checkefcSelfTest                    
00000800  __SYSMEM_SIZE                       
0000085c  fmcBus2Check                        
00000898  fmcECCcheck                         
00000938  checkB0RAMECC                       
00000b28  checkB1RAMECC                       
00000d18  checkFlashECC                       
00000df4  custom_dabort                       
00000df8  stcSelfCheckFail                    
00000dfc  cpuSelfTestFail                     
00000e00  vimParityCheck                      
00000eac  dmaParityCheck                      
00000f58  het1ParityCheck                     
00001004  htu1ParityCheck                     
000010c0  het2ParityCheck                     
000011bc  htu2ParityCheck                     
0000126c  adc1ParityCheck                     
00001358  adc2ParityCheck                     
00001410  can1ParityCheck                     
000014e8  can2ParityCheck                     
000015b0  can3ParityCheck                     
00001684  mibspi1ParityCheck                  
0000178c  mibspi3ParityCheck                  
000018b0  mibspi5ParityCheck                  
000019d0  checkRAMECC                         
00001c18  checkClockMonitor                   
00001cf4  checkFlashEEPROMECC                 
00001e8c  checkPLL1Slip                       
00001f8c  checkPLL2Slip                       
00002050  checkRAMAddrParity                  
0000215c  checkRAMUERRTest                    
000022c4  fmcBus1ParityCheck                  
000023ec  pbistFail                           
00002470  pbistGetConfigValue                 
000025bc  stcGetConfigValue                   
00002660  efcGetConfigValue                   
000026fc  ccmr4GetConfigValue                 
0000276c  errata_PBIST_4                      
00002ad0  enableParity                        
00002b58  disableParity                       
00002cfc  Run_Time_Since_Epoch                
00002d08  SF05_PowerOnFlowSensor              
00002d2c  CO2_sensor_init                     
00002dcc  O2_sensor_init                      
00002e6c  get_avg_CO2_val                     
00002ed8  get_CO2_val                         
00003034  get_O2_val                          
00003090  calculate_PWM                       
000033fc  calculate_tEGCO2                    
000035bc  calculateConcentration              
00003770  calculateSweep                      
00003920  calculate_Heater_PWM                
00003a40  humidity_control                    
00003b04  Data_Display                        
00003b54  Display_CO2_Level                   
00003c60  Display_Flow_Level1                 
00003d44  Display_Ambient_Pressure            
00003e68  Display_Pressure_Drop               
00003f6c  Display_PID                         
000040d4  modeIsUpdated                       
000041c4  store_data                          
00004410  merge_file                          
000044f8  config_etPWM_eCAP                   
000045d8  tcaselect                           
00004770  reset_sensor                        
00004858  CO2PID                              
00004974  egco2PID                            
00004b48  setupPLL                            
00004ba8  trimLPO                             
00004c1c  setupFlash                          
00004c5c  periphInit                          
00004cb0  mapClocks                           
00004dd8  systemInit                          
00004ea4  systemPowerDown                     
00004ed4  systemGetConfigValue                
000052e8  tcmflashGetConfigValue              
00005494  sramGetConfigValue                  
000055d0  customTrimLPO                       
000056ad  __TI_scanfi                         
000061d8  Shdlc_GetDeviceInfo                 
000062fc  SFC5500_ReadMeasuredValue           
0000641c  SFC5500_SetSetpoint                 
00006548  SFC5500_GetSetPoint                 
00006668  dataReceive                         
00006710  dataTransmit                        
000067c0  setpointUpdate                      
000068fc  measureCurrentFlows                 
00006a18  calculateSetPoint                   
00006b30  calculateSetPointCO2                
00006ca4  vimInit                             
00006d78  vimChannelMap                       
00006e1c  vimEnableInterrupt                  
00006fe4  vimDisableInterrupt                 
00007090  vimGetConfigValue                   
000076fd  __TI_printfi                        
00008143  _nop                                
00008144  SF05_WriteCommand                   
000082c8  SF05_ReadCommandResult              
0000841c  SF05_GetFlow                        
000084c4  SHTC3_GetTempAndHumi                
00008670  SHTC3_Sleep                         
00008684  SHTC3_Wakeup                        
00008698  SHTC3_SoftReset                     
000086ac  ABP2_getPressure                    
00008838  ABP2_WriteCommand                   
000089d4  ABP2_ReadCommandResult              
00008b78  sciInit                             
00008d4c  sciSetFunctional                    
00008d6c  sciSetBaudrate                      
00008e08  sciIsTxReady                        
00008e24  sciSendByte                         
00008e54  sciSend                             
00008f88  sciIsRxReady                        
00008fa4  sciIsIdleDetected                   
00008fc0  sciRxError                          
00008ff0  sciReceiveByte                      
0000901c  sciReceive                          
000090f4  sciEnableLoopback                   
00009128  sciDisableLoopback                  
0000914c  sciEnableNotification               
000091b4  sciDisableNotification              
0000921c  sciEnterResetState                  
0000923c  sciExitResetState                   
0000925c  sciGetConfigValue                   
000093b4  scilinGetConfigValue                
000095a4  co2SensorInit                       
000095f8  inletO2Init                         
0000968c  exhaustO2Init                       
00009758  bloodFlowSensorInit                 
00009850  FDO2Data                            
00009f70  ecapInit                            
0000a04c  ecapSetCounter                      
0000a06c  ecapEnableCounterLoadOnSync         
0000a09c  ecapDisableCounterLoadOnSync        
0000a0c0  ecapSetEventPrescaler               
0000a0fc  ecapSetCaptureEvent1                
0000a148  ecapSetCaptureEvent2                
0000a198  ecapSetCaptureEvent3                
0000a1e8  ecapSetCaptureEvent4                
0000a238  ecapSetCaptureMode                  
0000a284  ecapEnableCapture                   
0000a2a4  ecapDisableCapture                  
0000a2c8  ecapStartCounter                    
0000a2e8  ecapStopCounter                     
0000a30c  ecapSetSyncOut                      
0000a348  ecapEnableAPWMmode                  
0000a3b4  ecapDisableAPWMMode                 
0000a3d8  ecapEnableInterrupt                 
0000a400  ecapDisableInterrupt                
0000a430  ecapGetEventStatus                  
0000a454  ecapClearFlag                       
0000a474  ecapGetCAP1                         
0000a48c  ecapGetCAP2                         
0000a4a4  ecapGetCAP3                         
0000a4bc  ecapGetCAP4                         
0000a4d4  ecap1GetConfigValue                 
0000a568  ecap2GetConfigValue                 
0000a5fc  ecap3GetConfigValue                 
0000a690  ecap4GetConfigValue                 
0000a724  ecap5GetConfigValue                 
0000a7b8  ecap6GetConfigValue                 
0000a8ac  hetInit                             
0000a96c  pwmStart                            
0000a9a0  pwmStop                             
0000a9d4  pwmSetDuty                          
0000ab10  pwmSetSignal                        
0000ac8c  pwmGetSignal                        
0000ad6c  pwmEnableNotification               
0000adb4  pwmDisableNotification              
0000ade4  edgeResetCounter                    
0000ae10  edgeGetCounter                      
0000ae3c  edgeEnableNotification              
0000ae78  edgeDisableNotification             
0000aeb8  capGetSignal                        
0000af90  hetResetTimestamp                   
0000afac  hetGetTimestamp                     
0000afc4  het1GetConfigValue                  
0000b1a4  i2cInit                             
0000b290  i2cSetOwnAdd                        
0000b2b0  i2cSetSlaveAdd                      
0000b2d0  i2cSetBaudrate                      
0000b3d0  i2cSetStart                         
0000b3f0  i2cSetStop                          
0000b410  i2cSetCount                         
0000b430  i2cIsTxReady                        
0000b44c  i2cSendByte                         
0000b47c  i2cSend                             
0000b548  i2cIsRxReady                        
0000b564  i2cIsStopDetected                   
0000b580  i2cRxError                          
0000b5b0  i2cClearSCD                         
0000b5cc  i2cReceiveByte                      
0000b5f4  i2cReceive                          
0000b694  i2cEnableLoopback                   
0000b6b4  i2cDisableLoopback                  
0000b6ec  i2cEnableNotification               
0000b728  i2cDisableNotification              
0000b778  i2cSetMode                          
0000b7b0  i2cGetConfigValue                   
0000b978  i2cSetDirection                     
0000b9b0  i2cIsMasterReady                    
0000b9f0  i2cIsBusBusy                        
0000ba7c  muxInit                             
0000bf30  pinmuxGetConfigValue                
0000c33c  sciHighLevelInterrupt               
0000c50c  sciLowLevelInterrupt                
0000c6dc  linLowLevelInterrupt                
0000c8ac  linHighLevelInterrupt               
0000cae4  getCheckSum                         
0000cb58  dataParser                          
0000cd54  verifyCheckSum                      
0000cd94  buildData                           
0000cfe8  floatToData                         
0000d06c  dataToFloat                         
0000d104  sciTransmitData                     
0000d16c  wait                                
0000d190  _errata_SSWF021_45_both_plls        
0000d384  _errata_SSWF021_45_pll1             
0000d4fc  _errata_SSWF021_45_pll2             
0000d7f4  esmInit                             
0000d8fc  esmError                            
0000d918  esmEnableError                      
0000d940  esmDisableError                     
0000d968  esmTriggerErrorPinReset             
0000d978  esmActivateNormalOperation          
0000d988  esmEnableInterrupt                  
0000d9b0  esmDisableInterrupt                 
0000d9d8  esmSetInterruptLevel                
0000da4c  esmClearStatus                      
0000da8c  esmClearStatusBuffer                
0000daa8  esmSetCounterPreloadValue           
0000dac8  esmGetStatus                        
0000db4c  esmGetStatusBuffer                  
0000db84  esmEnterSelfTest                    
0000dc0c  esmSelfTestStatus                   
0000dc5c  esmGetConfigValue                   
0000ddb0  gioInit                             
0000de80  gioSetDirection                     
0000dea0  gioSetBit                           
0000def0  gioSetPort                          
0000df10  gioGetBit                           
0000df38  gioGetPort                          
0000df50  gioToggleBit                        
0000dfa8  gioEnableNotification               
0000e010  gioDisableNotification              
0000e078  gioGetConfigValue                   
0000e235  strtod                              
0000e235  strtold                             
0000e61c  _coreInitRegisters_                 
0000e728  _coreInitStackPointer_              
0000e774  _getCPSRValue_                      
0000e77c  _gotoCPUIdle_                       
0000e794  _coreEnableVfp_                     
0000e7ac  _coreEnableEventBusExport_          
0000e7bc  _coreDisableEventBusExport_         
0000e7cc  _coreEnableRamEcc_                  
0000e7dc  _coreDisableRamEcc_                 
0000e7ec  _coreEnableFlashEcc_                
0000e800  _coreDisableFlashEcc_               
0000e810  _coreEnableIrqVicOffset_            
0000e820  _coreGetDataFault_                  
0000e828  _coreClearDataFault_                
0000e834  _coreGetInstructionFault_           
0000e83c  _coreClearInstructionFault_         
0000e848  _coreGetDataFaultAddress_           
0000e850  _coreClearDataFaultAddress_         
0000e85c  _coreGetInstructionFaultAddress_    
0000e864  _coreClearInstructionFaultAddress_  
0000e870  _coreGetAuxiliaryDataFault_         
0000e878  _coreClearAuxiliaryDataFault_       
0000e884  _coreGetAuxiliaryInstructionFault_  
0000e88c  _coreClearAuxiliaryInstructionFault_
0000e898  _disable_interrupt_                 
0000e8a0  _disable_FIQ_interrupt_             
0000e8a8  _disable_IRQ_interrupt_             
0000e8b0  _enable_interrupt_                  
0000e8b8  _esmCcmErrorsClear_                 
0000e940  _errata_CORTEXR4_57_                
0000e950  _errata_CORTEXR4_66_                
0000e960  __TI_PINIT_Base                     
0000e964  __TI_PINIT_Limit                    
0000e968  vimParityErrorHandler               
0000ec34  __aeabi_uldivmod                    
0000eee9  __mktime32                          
0000eee9  mktime                              
0000f184  _c_int00                            
0000f654  main                                
0000f894  esmGroup1Notification               
0000f8a4  esmGroup2Notification               
0000f8b4  memoryPort0TestFailNotification     
0000f8d0  memoryPort1TestFailNotification     
0000f8ec  rtiNotification                     
0000f8fc  adcNotification                     
0000f910  canErrorNotification                
0000f924  canStatusChangeNotification         
0000f938  canMessageNotification              
0000f94c  dccNotification                     
0000f960  gioNotification                     
0000f974  i2cNotification                     
0000f988  mibspiNotification                  
0000f99c  mibspiGroupNotification             
0000f9b0  sciNotification                     
0000fa00  spiNotification                     
0000fa14  spiEndNotification                  
0000fa24  pwmNotification                     
0000fa3c  edgeNotification                    
0000fa50  hetNotification                     
0000fa64  ecapNotification                    
0000fa78  dmaGroupANotification               
0000fa8c  emacTxNotification                  
0000fa9c  emacRxNotification                  
0000fabd  strtoll                             
0000fe41  strtoull                            
0000ffa5  __localtime32                       
0000ffa5  localtime                           
000100d9  strtol                              
00010209  fputs                               
00010434  esmHighInterrupt                    
00010549  strtoul                             
0001075d  aligned_alloc                       
0001075d  memalign                            
00010959  ldexp                               
00010959  ldexpl                              
00010959  scalbn                              
00010959  scalbnl                             
00010a48  _dabort                             
00010b31  free                                
00010c15  floor                               
00010c15  floorl                              
00010cf4  _pmuInit_                           
00010d40  _pmuEnableCountersGlobal_           
00010d50  _pmuDisableCountersGlobal_          
00010d60  _pmuResetCycleCounter_              
00010d70  _pmuResetEventCounters_             
00010d80  _pmuResetCounters_                  
00010d90  _pmuStartCounters_                  
00010d98  _pmuStopCounters_                   
00010da0  _pmuSetCountEvent_                  
00010dac  _pmuGetCycleCount_                  
00010db4  _pmuGetEventCount_                  
00010dc0  _pmuGetOverflow_                    
00010dd5  setvbuf                             
00010eb1  open                                
0001101b  __aeabi_idiv0                       
0001101b  __aeabi_ldiv0                       
0001101d  fopen                               
000110bd  __TI_buff_read                      
00011159  __aeabi_memcpy                      
00011159  __aeabi_memcpy4                     
00011159  __aeabi_memcpy8                     
00011159  memcpy                              
000111f4  __aeabi_ldivmod                     
0001128d  atoll                               
00011321  fputc                               
00011321  putc                                
000113b1  fgetc                               
000113b1  getc                                
000114af  __aeabi_memclr                      
000114af  __aeabi_memclr4                     
000114af  __aeabi_memclr8                     
000114b1  __aeabi_memset                      
000114b1  __aeabi_memset4                     
000114b1  __aeabi_memset8                     
000114b7  memset                              
00011529  __TI_closefile                      
0001159d  frexp                               
0001159d  frexpl                              
00011685  HOSTrename                          
000116f1  asctime                             
0001175d  __TI_decompress_lzss                
000117c9  HOSTlseek                           
00011899  printf                              
00011901  __TI_wrt_ok                         
00011965  fprintf                             
000119c9  fseek                               
00011a2d  HOSTopen                            
00011a89  HOSTread                            
00011ae5  HOSTwrite                           
00011b3d  close                               
00011b95  __TI_ltoa                           
00011c8d  atoi                                
00011cdc  __aeabi_uidiv                       
00011cdc  __aeabi_uidivmod                    
00011d2d  __TI_doflush                        
00011d78  rtiCompare0Interrupt                
00011dc5  snprintf                            
00011e11  __TI_rd_ok                          
00011e5d  HOSTclock                           
00011e5d  clock                               
00011ea5  HOSTtime                            
00011eed  __aeabi_l2f                         
00011f35  HOSTclose                           
00011f79  HOSTunlink                          
00011fbd  __TI_auto_init_nobinit_nopinit      
00012001  exit                                
00012045  getdevice                           
000120c9  sprintf                             
00012109  strtok                              
00012149  __TI_writemsg                       
0001217b  C$$IO$$                             
00012185  sscanf                              
000121bd  strncpy                             
000121f5  __TI_cleanup                        
00012229  __TI_readmsg                        
0001225d  finddevice                          
000122c1  fclose                              
000122ed  remove                              
000122ed  unlink                              
00012319  strspn                              
0001236d  lseek                               
00012395  write                               
000123bd  memccpy                             
000123e3  strcspn                             
00012405  copysign                            
00012405  copysignl                           
00012425  memchr                              
00012445  strcat                              
000124b3  __aeabi_lmul                        
000124cb  strcmp                              
000124e3  strrchr                             
000124fb  strchr                              
00012511  strlen                              
00012527  strcpy                              
0001254d  wcslen                              
0001255f  __time32                            
0001255f  time                                
0001256d  __TI_decompress_none                
0001257b  __TI_zero_init                      
00012591  __aeabi_errno_addr                  
000125a1  malloc                              
000125a9  atof                                
000125bf  C$$EXIT                             
000125bf  abort                               
000125c4  phantomInterrupt                    
000125c8  handlePLLLockFail                   
00012b80  _ctypes_                            
00012e78  __aeabi_CLOCKS_PER_SEC              
00012f50  __TI_Handler_Table_Base             
00012f5c  __TI_Handler_Table_Limit            
00012f68  __TI_CINIT_Base                     
00012f78  __TI_CINIT_Limit                    
08001500  __start___llvm_prf_cnts             
08001500  __stop___llvm_prf_cnts              
08001500  _sys_memory                         
08001d00  __CIOBUF_                           
08001e20  dest                                
08001f20  __TI_tmpnams                        
08001fc0  inletO2                             
08001ffc  outletO2                            
0800207c  result_uniqID                       
08002098  result_o2                           
080020b0  result_deviceInfo                   
080020dc  co2PidGains                         
080020e8  co2_buffer                          
080020f4  flowPidGains                        
08002100  heaterPidGains                      
0800210c  mul_buffer                          
08002118  newco2PidGains                      
08002124  newflowPidGains                     
08002130  tEGCO2Gains                         
0800213c  parmbuf                             
08002144  EGCO2                               
08002148  pwm_error                           
08002150  currentFlags                        
08002157  Data_Display_Disabled               
08002158  Time                                
0800215c  pwm_derivative                      
08002160  pwm_integral                        
08002164  pwm_integralUpdated                 
08002168  pwm_pre_error                       
0800216c  tSweepCO2                           
08002170  MODE                                
08002171  STATUS                              
08002172  dataReceiveFlag                     
08002173  dataReceivedFlag                    
08002174  o2ReceivedFlag                      
08002175  pwm_saturation                      
08002178  _ftable                             
08002268  _device                             
080022e0  currentCommand                      
080022e8  flow_moisture_flush                 
080022ec  tEGCO2                              
080022f0  elapsedTimeCO2                      
080022f4  lastCO2                             
080022f8  integralCO2                         
080022fc  elapsedTime                         
08002300  lastEGCO2                           
08002304  integral                            
08002308  tSweep                              
08002340  _stream                             
080023b4  _tz                                 
080023c4  __TI_ft_end                         
080023c8  __aeabi_stdin                       
080023cc  __aeabi_stdout                      
080023d0  __aeabi_stderr                      
080023d4  __TI_cleanup_ptr                    
080023d8  __TI_dtors_ptr                      
080023dc  __TI_enable_exit_profile_output     
080023e0  readOxyRAW                          
080023ec  _lock                               
080023f0  _unlock                             
080023fc  deviceInfo                          
08002404  measure_oxygen                      
0800240c  readOxy                             
08002414  uniqID                              
0800241c  mode                                
08002422  multiplier                          
08002426  read                                
0800242c  errno                               
ffffffff  __TI_pprof_out_hndl                 
ffffffff  __TI_prof_data_size                 
ffffffff  __TI_prof_data_start                
ffffffff  __binit__                           
ffffffff  __c_args__                          
ffffffff  binit                               
UNDEFED   SHT$$INIT_ARRAY$$Base               
UNDEFED   SHT$$INIT_ARRAY$$Limit              
UNDEFED   _system_post_cinit                  

[534 symbols]
