******************************************************************************
                  TI ARM Linker PC v20.2.7                     
******************************************************************************
>> Linked Wed May 24 19:01:02 2023

OUTPUT FILE NAME:   <SL_Lib.out>
ENTRY POINT SYMBOL: "_c_int00"  address: 0000eddc


MEMORY CONFIGURATION

         name            origin    length      used     unused   attr    fill
----------------------  --------  ---------  --------  --------  ----  --------
  VECTORS               00000000   00000020  00000020  00000000     X
  FLASH0                00000020   0013ffe0  00012afd  0012d4e3  R  X
  STACKS                08000000   00001500  00000000  00001500  RW  
  RAM                   08001500   0002eb00  00000f12  0002dbee  RW  


SEGMENT ALLOCATION MAP

run origin  load origin   length   init length attrs members
----------  ----------- ---------- ----------- ----- -------
00000000    00000000    00012b28   00012b28    r-x
  00000000    00000000    00000020   00000020    r-x .intvecs
  00000020    00000020    0001217c   0001217c    r-x .text
  000121a0    000121a0    000008a1   000008a1    r-- .const
  00012a48    00012a48    000000e0   000000e0    r-- .cinit
08001500    08001500    00000f14   00000000    rw-
  08001500    08001500    00000800   00000000    rw- .sysmem
  08001d00    08001d00    0000046e   00000000    rw- .bss
  08002170    08002170    000002a4   00000000    rw- .data


SECTION ALLOCATION MAP

 output                                  attributes/
section   page    origin      length       input sections
--------  ----  ----------  ----------   ----------------
.intvecs   0    00000000    00000020     
                  00000000    00000020     sys_intvecs.obj (.intvecs)

.text      0    00000020    0001217c     
                  00000020    00002cdc     sys_selftest.obj (.text)
                  00002cfc    00001b90     servo_functions.obj (.text)
                  0000488c    00000b64     system.obj (.text)
                  000053f0    00000b2c     rtsv7R4_T_le_v3D16_eabi.lib : _scanfi.c.obj (.text:__TI_scanfi)
                  00005f1c    00000a58     sys_vim.obj (.text)
                  00006974    00000a46     rtsv7R4_T_le_v3D16_eabi.lib : _printfi.c.obj (.text:__TI_printfi)
                  000073ba    00000002                                 : _lock.c.obj (.text:_nop)
                  000073bc    00000a34     servo_sensirion.obj (.text)
                  00007df0    00000a2c     sci.obj (.text)
                  0000881c    000009e4     sfc5500_commands.obj (.text)
                  00009200    000009c8     SmartLungGasSensing.obj (.text)
                  00009bc8    0000093c     ecap.obj (.text)
                  0000a504    000008f8     het.obj (.text)
                  0000adfc    000008d8     i2c.obj (.text)
                  0000b6d4    000008c0     pinmux.obj (.text)
                  0000bf94    000007a8     sci.obj (.text:retain)
                  0000c73c    000006ac     sfc5500_data.obj (.text)
                  0000cde8    00000664     errata_SSWF021_45.obj (.text)
                  0000d44c    000005bc     esm.obj (.text)
                  0000da08    00000484     gio.obj (.text)
                  0000de8c    000003e8     rtsv7R4_T_le_v3D16_eabi.lib : strtod.c.obj (.text:strtod)
                  0000e274    0000034c     sys_core.obj (.text)
                  0000e5c0    000002cc     sys_vim.obj (.text:retain)
                  0000e88c    000002b4     rtsv7R4_T_le_v3D16_eabi.lib : ull_div32.asm.obj (.text)
                  0000eb40    0000029c                                 : mktime.c.obj (.text:__mktime32)
                  0000eddc    00000288     sys_startup.obj (.text:retain)
                  0000f064    00000248     rtsv7R4_T_le_v3D16_eabi.lib : _printfi.c.obj (.text:_pconv_a)
                  0000f2ac    00000228     notification.obj (.text)
                  0000f4d4    000001e4     rtsv7R4_T_le_v3D16_eabi.lib : strtoll.c.obj (.text:strtoll)
                  0000f6b8    000001a4     sys_main.obj (.text)
                  0000f85c    000001a0     rtsv7R4_T_le_v3D16_eabi.lib : _printfi.c.obj (.text:_pconv_g)
                  0000f9fc    00000164                                 : strtoull.c.obj (.text:strtoull)
                  0000fb60    00000134                                 : localtim.c.obj (.text:__localtime32)
                  0000fc94    00000130                                 : strtol.c.obj (.text:strtol)
                  0000fdc4    00000118                                 : fputs.c.obj (.text:fputs)
                  0000fedc    00000114                                 : fopen.c.obj (.text:_openfile)
                  0000fff0    00000114     esm.obj (.text:retain)
                  00010104    00000110     rtsv7R4_T_le_v3D16_eabi.lib : strtoul.c.obj (.text:strtoul)
                  00010214    00000104                                 : _printfi.c.obj (.text:_pconv_e)
                  00010318    00000100                                 : memory.c.obj (.text:aligned_alloc)
                  00010418    000000fc                                 : _printfi.c.obj (.text:fcvt)
                  00010514    000000f0                                 : s_scalbn.c.obj (.text:scalbn)
                  00010604    000000e8     dabort.obj (.text)
                  000106ec    000000e4     rtsv7R4_T_le_v3D16_eabi.lib : memory.c.obj (.text:free)
                  000107d0    000000e0                                 : s_floor.c.obj (.text:floor)
                  000108b0    000000e0     sys_pmu.obj (.text)
                  00010990    000000dc     rtsv7R4_T_le_v3D16_eabi.lib : setvbuf.c.obj (.text:setvbuf)
                  00010a6c    000000bc                                 : open.c.obj (.text:open)
                  00010b28    000000ad                                 : _printfi.c.obj (.text:_ltostr)
                  00010bd5    00000001     --HOLE-- [fill = 0]
                  00010bd6    00000002                                 : div0.asm.obj (.text)
                  00010bd8    000000a0                                 : fopen.c.obj (.text:fopen)
                  00010c78    0000009c                                 : _bufread.c.obj (.text:__TI_buff_read)
                  00010d14    0000009c                                 : memcpy_t2.asm.obj (.text)
                  00010db0    00000098                                 : ll_div32.asm.obj (.text)
                  00010e48    00000094                                 : atoll.c.obj (.text:atoll)
                  00010edc    00000090                                 : fputc.c.obj (.text:fputc)
                  00010f6c    00000084                                 : fgetc.c.obj (.text:fgetc)
                  00010ff0    0000007a                                 : _printfi.c.obj (.text:_mcpy)
                  0001106a    0000007a                                 : memset_t2.asm.obj (.text)
                  000110e4    00000074                                 : fclose.c.obj (.text:__TI_closefile)
                  00011158    00000074                                 : s_frexp.c.obj (.text:frexp)
                  000111cc    00000074                                 : memory.c.obj (.text:split)
                  00011240    0000006c                                 : hostrename.c.obj (.text:HOSTrename)
                  000112ac    0000006c                                 : asctime.c.obj (.text:asctime)
                  00011318    0000006c                                 : copy_decompress_lzss.c.obj (.text:decompress:lzss:__TI_decompress_lzss)
                  00011384    00000068                                 : hostlseek.c.obj (.text:HOSTlseek)
                  000113ec    00000068                                 : sscanf.c.obj (.text:_chkmbc)
                  00011454    00000068                                 : printf.c.obj (.text:printf)
                  000114bc    00000064                                 : _io_perm.c.obj (.text:__TI_wrt_ok)
                  00011520    00000064                                 : fprintf.c.obj (.text:fprintf)
                  00011584    00000064                                 : fseek.c.obj (.text:fseek)
                  000115e8    0000005c                                 : hostopen.c.obj (.text:HOSTopen)
                  00011644    0000005c                                 : hostread.c.obj (.text:HOSTread)
                  000116a0    00000058                                 : hostwrite.c.obj (.text:HOSTwrite)
                  000116f8    00000058                                 : close.c.obj (.text:close)
                  00011750    00000054                                 : _ltoa.c.obj (.text:__TI_ltoa)
                  000117a4    00000052                                 : _printfi.c.obj (.text:_ecpy)
                  000117f6    00000050                                 : _printfi.c.obj (.text:_pconv_f)
                  00011846    00000002     --HOLE-- [fill = 0]
                  00011848    00000050                                 : atoi.c.obj (.text:atoi)
                  00011898    00000050                                 : u_div32.asm.obj (.text)
                  000118e8    0000004c                                 : fflush.c.obj (.text:__TI_doflush)
                  00011934    0000004c     rti.obj (.text:retain)
                  00011980    0000004c     rtsv7R4_T_le_v3D16_eabi.lib : snprintf.c.obj (.text:snprintf)
                  000119cc    0000004a                                 : _io_perm.c.obj (.text:__TI_rd_ok)
                  00011a16    00000002     --HOLE-- [fill = 0]
                  00011a18    00000048                                 : hostclock.c.obj (.text:HOSTclock)
                  00011a60    00000048                                 : hosttime.c.obj (.text:HOSTtime)
                  00011aa8    00000048                                 : ll_tofs_t2.asm.obj (.text)
                  00011af0    00000044                                 : hostclose.c.obj (.text:HOSTclose)
                  00011b34    00000044                                 : hostunlink.c.obj (.text:HOSTunlink)
                  00011b78    00000044                                 : autoinit.c.obj (.text:__TI_auto_init_nobinit_nopinit:__TI_auto_init_nobinit_nopinit)
                  00011bbc    00000044                                 : exit.c.obj (.text:exit)
                  00011c00    00000044                                 : getdevice.c.obj (.text:getdevice)
                  00011c44    00000040                                 : _printfi.c.obj (.text:_fcpy)
                  00011c84    00000040                                 : sprintf.c.obj (.text:sprintf)
                  00011cc4    00000040                                 : strtok.c.obj (.text:strtok)
                  00011d04    0000003c                                 : trgmsg.c.obj (.text:__TI_writemsg)
                  00011d40    00000038                                 : sscanf.c.obj (.text:sscanf)
                  00011d78    00000036                                 : strncpy.c.obj (.text:strncpy)
                  00011dae    00000002     --HOLE-- [fill = 0]
                  00011db0    00000034                                 : fopen.c.obj (.text:__TI_cleanup)
                  00011de4    00000034                                 : trgmsg.c.obj (.text:__TI_readmsg)
                  00011e18    00000034                                 : getdevice.c.obj (.text:finddevice)
                  00011e4c    00000030                                 : snprintf.c.obj (.text:_outs)
                  00011e7c    0000002c                                 : fclose.c.obj (.text:fclose)
                  00011ea8    0000002c                                 : unlink.c.obj (.text:unlink)
                  00011ed4    0000002a                                 : strspn.c.obj (.text:strspn)
                  00011efe    00000002     --HOLE-- [fill = 0]
                  00011f00    00000028                                 : memory.c.obj (.text:free_list_insert)
                  00011f28    00000028                                 : lseek.c.obj (.text:lseek)
                  00011f50    00000028                                 : write.c.obj (.text:write)
                  00011f78    00000026                                 : memccpy.c.obj (.text:memccpy)
                  00011f9e    00000022                                 : strcspn.c.obj (.text:strcspn)
                  00011fc0    00000020                                 : s_copysign.c.obj (.text:copysign)
                  00011fe0    00000020                                 : memchr.c.obj (.text:memchr)
                  00012000    0000001e                                 : strcat.c.obj (.text:strcat)
                  0001201e    00000002     --HOLE-- [fill = 0]
                  00012020    0000001c                                 : memory.c.obj (.text:free_list_remove)
                  0001203c    0000001a                                 : sprintf.c.obj (.text:_outs)
                  00012056    00000018                                 : snprintf.c.obj (.text:_outc)
                  0001206e    00000018                                 : ll_mul_t2.asm.obj (.text)
                  00012086    00000018                                 : strcmp.c.obj (.text:strcmp)
                  0001209e    00000018                                 : strrchr.c.obj (.text:strrchr)
                  000120b6    00000016                                 : strchr.c.obj (.text:strchr)
                  000120cc    00000016                                 : strlen.c.obj (.text:strlen)
                  000120e2    00000014                                 : strcpy.c.obj (.text:strcpy)
                  000120f6    00000012                                 : sscanf.c.obj (.text:_inpchar)
                  00012108    00000012                                 : wcslen.c.obj (.text:wcslen)
                  0001211a    0000000e                                 : time.c.obj (.text:__time32)
                  00012128    0000000e                                 : copy_decompress_none.c.obj (.text:decompress:none:__TI_decompress_none)
                  00012136    0000000c                                 : copy_zero_init.c.obj (.text:decompress:ZI:__TI_zero_init)
                  00012142    0000000a                                 : sprintf.c.obj (.text:_outc)
                  0001214c    00000008                                 : errno.c.obj (.text:__aeabi_errno_addr)
                  00012154    00000008                                 : sscanf.c.obj (.text:_uninpchar)
                  0001215c    00000008                                 : memory.c.obj (.text:malloc)
                  00012164    00000006                                 : atof.c.obj (.text:atof)
                  0001216a    00000004                                 : fprintf.c.obj (.text:_outc)
                  0001216e    00000004                                 : printf.c.obj (.text:_outc)
                  00012172    00000004                                 : fprintf.c.obj (.text:_outs)
                  00012176    00000004                                 : printf.c.obj (.text:_outs)
                  0001217a    00000004                                 : exit.c.obj (.text:abort:abort)
                  0001217e    00000002     --HOLE-- [fill = 0]
                  00012180    00000004     sys_phantom.obj (.text:retain)
                  00012184    00000004     sys_startup.obj (.text)
                  00012188    0000000c     rtsv7R4_T_le_v3D16_eabi.lib : div0.asm.obj (.tramp.__aeabi_idiv0.1)
                  00012194    00000008     servo_functions.obj (.tramp.$.data:read:servo_functions.obj$0x0.1)

.const     0    000121a0    000008a1     
                  000121a0    000003a0     het.obj (.const:het1PROGRAM)
                  00012540    00000200     sys_vim.obj (.const:s_vim_init)
                  00012740    00000101     rtsv7R4_T_le_v3D16_eabi.lib : ctype.c.obj (.const:.string:_ctypes_)
                  00012841    00000006     SmartLungGasSensing.obj (.const:.string:$P$T1$2)
                  00012847    00000001     --HOLE-- [fill = 0]
                  00012848    000000c8     rtsv7R4_T_le_v3D16_eabi.lib : strtod.c.obj (.const:$O1$$)
                  00012910    00000060                                 : mktime.c.obj (.const:$O1$$)
                  00012970    0000004c                                 : asctime.c.obj (.const:$O1$$)
                  000129bc    0000004c                                 : asctime.c.obj (.const:.string)
                  00012a08    00000020     het.obj (.const:s_het1pwmPolarity)
                  00012a28    00000010     rtsv7R4_T_le_v3D16_eabi.lib : _scanfi.c.obj (.const:$O1$$)
                  00012a38    00000004                                 : clock.c.obj (.const)
                  00012a3c    00000003     servo_sensirion.obj (.const:.string:$P$T0$1)
                  00012a3f    00000002     SmartLungGasSensing.obj (.const:.string:$P$T0$1)

.cinit     0    00012a48    000000e0     
                  00012a48    000000bc     (.cinit..data.load) [load image, compression = lzss]
                  00012b04    0000000c     (__TI_handler_table)
                  00012b10    00000008     (.cinit..bss.load) [load image, compression = zero_init]
                  00012b18    00000010     (__TI_cinit_table)

.sysmem    0    08001500    00000800     UNINITIALIZED
                  08001500    00000010     rtsv7R4_T_le_v3D16_eabi.lib : memory.c.obj (.sysmem)
                  08001510    000007f0     --HOLE--

.bss       0    08001d00    0000046e     UNINITIALIZED
                  08001d00    00000120     rtsv7R4_T_le_v3D16_eabi.lib : trgmsg.c.obj (.bss:_CIOBUF_)
                  08001e20    00000100     (.common:dest)
                  08001f20    000000a0     (.common:__TI_tmpnams)
                  08001fc0    0000003c     (.common:inletO2)
                  08001ffc    0000003c     (.common:outletO2)
                  08002038    00000028     sci.obj (.bss:g_sciTransfer_t)
                  08002060    0000001c     rtsv7R4_T_le_v3D16_eabi.lib : asctime.c.obj (.bss:time_buf)
                  0800207c    0000001c     (.common:result_uniqID)
                  08002098    00000018     (.common:result_o2)
                  080020b0    00000014     (.common:result_deviceInfo)
                  080020c4    0000000c     i2c.obj (.bss:g_i2cTransfer_t)
                  080020d0    0000000c     servo_functions.obj (.bss)
                  080020dc    0000000c     (.common:co2PidGains)
                  080020e8    0000000c     (.common:co2_buffer)
                  080020f4    0000000c     (.common:flowPidGains)
                  08002100    0000000c     (.common:heaterPidGains)
                  0800210c    0000000c     (.common:mul_buffer)
                  08002118    0000000c     (.common:newco2PidGains)
                  08002124    0000000c     (.common:newflowPidGains)
                  08002130    0000000c     (.common:tEGCO2Gains)
                  0800213c    00000008     (.common:parmbuf)
                  08002144    00000004     (.common:Time)
                  08002148    00000008     (.common:pwm_error)
                  08002150    00000007     (.common:currentFlags)
                  08002157    00000001     (.common:Data_Display_Disabled)
                  08002158    00000004     (.common:pwm_derivative)
                  0800215c    00000004     (.common:pwm_integral)
                  08002160    00000004     (.common:pwm_integralUpdated)
                  08002164    00000004     (.common:pwm_pre_error)
                  08002168    00000001     (.common:MODE)
                  08002169    00000001     (.common:STATUS)
                  0800216a    00000001     (.common:dataReceiveFlag)
                  0800216b    00000001     (.common:dataReceivedFlag)
                  0800216c    00000001     (.common:o2ReceivedFlag)
                  0800216d    00000001     (.common:pwm_saturation)

.data      0    08002170    000002a4     UNINITIALIZED
                  08002170    000000f0     rtsv7R4_T_le_v3D16_eabi.lib : defs.c.obj (.data:_ftable)
                  08002260    00000078                                 : host_device.c.obj (.data:_device)
                  080022d8    00000050                                 : host_device.c.obj (.data:_stream)
                  08002328    00000040     servo_functions.obj (.data)
                  08002368    00000024     rtsv7R4_T_le_v3D16_eabi.lib : localtim.c.obj (.data:local_tm)
                  0800238c    00000010                                 : tmzone.c.obj (.data:_tz)
                  0800239c    00000010                                 : defs.c.obj (.data)
                  080023ac    0000000c                                 : exit.c.obj (.data:$O1$$)
                  080023b8    00000009     SmartLungGasSensing.obj (.data:readOxyRAW)
                  080023c1    00000003     --HOLE--
                  080023c4    00000008     rtsv7R4_T_le_v3D16_eabi.lib : _lock.c.obj (.data:$O1$$)
                  080023cc    00000008                                 : memory.c.obj (.data:$O1$$)
                  080023d4    00000008     servo_functions.obj (.data:deviceInfo)
                  080023dc    00000008     servo_functions.obj (.data:measure_oxygen)
                  080023e4    00000008     SmartLungGasSensing.obj (.data:readOxy)
                  080023ec    00000008     servo_functions.obj (.data:uniqID)
                  080023f4    00000006     servo_functions.obj (.data:mode)
                  080023fa    00000004     servo_functions.obj (.data:multiplier)
                  080023fe    00000004     servo_functions.obj (.data:read)
                  08002402    00000002     --HOLE--
                  08002404    00000004     rtsv7R4_T_le_v3D16_eabi.lib : errno.c.obj (.data)
                  08002408    00000004                                 : fopen.c.obj (.data)
                  0800240c    00000004                                 : open.c.obj (.data)
                  08002410    00000004                                 : strtok.c.obj (.data)

__llvm_prf_cnts 
*          0    08001500    00000000     UNINITIALIZED

MODULE SUMMARY

       Module                       code    ro data   rw data
       ------                       ----    -------   -------
    .\SL_Lib\source\
       sys_selftest.obj             11484   0         0      
       servo_functions.obj          7064    0         115    
       sci.obj                      4564    0         40     
       sys_vim.obj                  3364    512       0      
       het.obj                      2296    960       0      
       system.obj                   2916    0         0      
       SmartLungGasSensing.obj      2504    8         394    
       servo_sensirion.obj          2612    3         0      
       sfc5500_commands.obj         2532    0         1      
       ecap.obj                     2364    0         0      
       i2c.obj                      2264    0         12     
       pinmux.obj                   2240    0         0      
       esm.obj                      1744    0         0      
       sfc5500_data.obj             1708    0         0      
       errata_SSWF021_45.obj        1636    0         0      
       gio.obj                      1156    0         0      
       sys_core.obj                 844     0         0      
       sys_startup.obj              652     0         0      
       notification.obj             552     0         0      
       sys_main.obj                 420     0         0      
       dabort.obj                   232     0         0      
       sys_pmu.obj                  224     0         0      
       SFC5500Device.obj            0       0         207    
       rti.obj                      76      0         0      
       sys_intvecs.obj              32      0         0      
       sys_phantom.obj              4       0         0      
    +--+----------------------------+-------+---------+---------+
       Total:                       55484   1483      769    
                                                             
    C:/ti/ccs1230/ccs/tools/compiler/ti-cgt-arm_20.2.7.LTS/lib/rtsv7R4_T_le_v3D16_eabi.lib
       _printfi.c.obj               4663    0         0      
       _scanfi.c.obj                2860    16        0      
       strtod.c.obj                 1000    200       0      
       mktime.c.obj                 668     96        0      
       ull_div32.asm.obj            692     0         0      
       memory.c.obj                 676     0         8      
       fopen.c.obj                  488     0         4      
       strtoll.c.obj                484     0         0      
       defs.c.obj                   0       0         416    
       trgmsg.c.obj                 112     0         288    
       strtoull.c.obj               356     0         0      
       localtim.c.obj               308     0         36     
       strtol.c.obj                 304     0         0      
       asctime.c.obj                108     152       28     
       fputs.c.obj                  280     0         0      
       strtoul.c.obj                272     0         0      
       ctype.c.obj                  0       257       0      
       s_scalbn.c.obj               240     0         0      
       s_floor.c.obj                224     0         0      
       setvbuf.c.obj                220     0         0      
       host_device.c.obj            0       0         200    
       open.c.obj                   188     0         4      
       sscanf.c.obj                 186     0         0      
       _io_perm.c.obj               174     0         0      
       fclose.c.obj                 160     0         0      
       _bufread.c.obj               156     0         0      
       memcpy_t2.asm.obj            156     0         0      
       ll_div32.asm.obj             152     0         0      
       atoll.c.obj                  148     0         0      
       snprintf.c.obj               148     0         0      
       fputc.c.obj                  144     0         0      
       fgetc.c.obj                  132     0         0      
       memset_t2.asm.obj            122     0         0      
       getdevice.c.obj              120     0         0      
       s_frexp.c.obj                116     0         0      
       printf.c.obj                 112     0         0      
       copy_decompress_lzss.c.obj   108     0         0      
       fprintf.c.obj                108     0         0      
       hostrename.c.obj             108     0         0      
       hostlseek.c.obj              104     0         0      
       fseek.c.obj                  100     0         0      
       hostopen.c.obj               92      0         8      
       sprintf.c.obj                100     0         0      
       hostread.c.obj               92      0         0      
       close.c.obj                  88      0         0      
       hostwrite.c.obj              88      0         0      
       _ltoa.c.obj                  84      0         0      
       exit.c.obj                   72      0         12     
       atoi.c.obj                   80      0         0      
       u_div32.asm.obj              80      0         0      
       fflush.c.obj                 76      0         0      
       hostclock.c.obj              72      0         0      
       hosttime.c.obj               72      0         0      
       ll_tofs_t2.asm.obj           72      0         0      
       autoinit.c.obj               68      0         0      
       hostclose.c.obj              68      0         0      
       hostunlink.c.obj             68      0         0      
       strtok.c.obj                 64      0         4      
       strncpy.c.obj                54      0         0      
       unlink.c.obj                 44      0         0      
       strspn.c.obj                 42      0         0      
       lseek.c.obj                  40      0         0      
       write.c.obj                  40      0         0      
       memccpy.c.obj                38      0         0      
       strcspn.c.obj                34      0         0      
       memchr.c.obj                 32      0         0      
       s_copysign.c.obj             32      0         0      
       strcat.c.obj                 30      0         0      
       ll_mul_t2.asm.obj            24      0         0      
       strcmp.c.obj                 24      0         0      
       strrchr.c.obj                24      0         0      
       strchr.c.obj                 22      0         0      
       strlen.c.obj                 22      0         0      
       strcpy.c.obj                 20      0         0      
       wcslen.c.obj                 18      0         0      
       tmzone.c.obj                 0       0         16     
       copy_decompress_none.c.obj   14      0         0      
       div0.asm.obj                 14      0         0      
       time.c.obj                   14      0         0      
       copy_zero_init.c.obj         12      0         0      
       errno.c.obj                  8       0         4      
       _lock.c.obj                  2       0         8      
       atof.c.obj                   6       0         0      
       clock.c.obj                  0       4         0      
    +--+----------------------------+-------+---------+---------+
       Total:                       18643   725       1036   
                                                             
       Heap:                        0       0         2048   
       Linker Generated:            0       224       0      
    +--+----------------------------+-------+---------+---------+
       Grand Total:                 74127   2432      3853   


LINKER GENERATED COPY TABLES

__TI_cinit_table @ 00012b18 records: 2, size/record: 8, table size: 16
	.data: load addr=00012a48, load size=000000bc bytes, run addr=08002170, run size=000002a4 bytes, compression=lzss
	.bss: load addr=00012b10, load size=00000008 bytes, run addr=08001d00, run size=0000046e bytes, compression=zero_init


LINKER GENERATED HANDLER TABLE

__TI_handler_table @ 00012b04 records: 3, size/record: 4, table size: 12
	index: 0, handler: __TI_zero_init
	index: 1, handler: __TI_decompress_lzss
	index: 2, handler: __TI_decompress_none

VENEERS

callee name               veneer name
   callee addr  veneer addr  call addr  call info
--------------  -----------  ---------  ----------------
__aeabi_idiv0             $Ven$AT$L$PI$$__aeabi_idiv0
   00010bd7     00012188     00010de4   rtsv7R4_T_le_v3D16_eabi.lib : ll_div32.asm.obj (.text)

[1 trampolines]
[1 trampoline calls]


FAR CALL TRAMPOLINES

callee name               trampoline name
   callee addr  tramp addr   call addr  call info
--------------  -----------  ---------  ----------------
$.data:read:servo_functions.obj$0x0  $Tramp$TT$L$PI$$$.data:read:servo_functions.obj$0x0
   080023fe     00012194     00010cda   rtsv7R4_T_le_v3D16_eabi.lib : _bufread.c.obj (.text:__TI_buff_read)
                             00010fae                               : fgetc.c.obj (.text:fgetc)

[1 trampolines]
[2 trampoline calls]


GLOBAL SYMBOLS: SORTED ALPHABETICALLY BY Name 

address   name                                
-------   ----                                
00007c4c  ABP2_ReadCommandResult              
00007ab0  ABP2_WriteCommand                   
00007924  ABP2_getPressure                    
0001217b  C$$EXIT                             
00011d37  C$$IO$$                             
00002d2c  CO2_sensor_init                     
00003b00  Data_Display                        
08002157  Data_Display_Disabled               
00003d40  Display_Ambient_Pressure            
00003b50  Display_CO2_Level                   
00003c5c  Display_Flow_Level1                 
00003f68  Display_PID                         
00003e64  Display_Pressure_Drop               
000094ac  FDO2Data                            
00011a19  HOSTclock                           
00011af1  HOSTclose                           
00011385  HOSTlseek                           
000115e9  HOSTopen                            
00011645  HOSTread                            
00011241  HOSTrename                          
00011a61  HOSTtime                            
00011b35  HOSTunlink                          
000116a1  HOSTwrite                           
08002168  MODE                                
00002dcc  O2_sensor_init                      
00002cfc  Run_Time_Since_Epoch                
00007694  SF05_GetFlow                        
00002d08  SF05_PowerOnFlowSensor              
00007540  SF05_ReadCommandResult              
000073bc  SF05_WriteCommand                   
00008b8c  SFC5500_GetSetPoint                 
00008940  SFC5500_ReadMeasuredValue           
00008a60  SFC5500_SetSetpoint                 
UNDEFED   SHT$$INIT_ARRAY$$Base               
UNDEFED   SHT$$INIT_ARRAY$$Limit              
0000773c  SHTC3_GetTempAndHumi                
000078e8  SHTC3_Sleep                         
00007910  SHTC3_SoftReset                     
000078fc  SHTC3_Wakeup                        
08002169  STATUS                              
0000881c  Shdlc_GetDeviceInfo                 
08002144  Time                                
08001d00  __CIOBUF_                           
00000800  __SYSMEM_SIZE                       
00012b18  __TI_CINIT_Base                     
00012b28  __TI_CINIT_Limit                    
00012b04  __TI_Handler_Table_Base             
00012b10  __TI_Handler_Table_Limit            
0000e5b8  __TI_PINIT_Base                     
0000e5bc  __TI_PINIT_Limit                    
00011b79  __TI_auto_init_nobinit_nopinit      
00010c79  __TI_buff_read                      
00011db1  __TI_cleanup                        
080023ac  __TI_cleanup_ptr                    
000110e5  __TI_closefile                      
00011319  __TI_decompress_lzss                
00012129  __TI_decompress_none                
000118e9  __TI_doflush                        
080023b0  __TI_dtors_ptr                      
080023b4  __TI_enable_exit_profile_output     
0800239c  __TI_ft_end                         
00011751  __TI_ltoa                           
ffffffff  __TI_pprof_out_hndl                 
00006975  __TI_printfi                        
ffffffff  __TI_prof_data_size                 
ffffffff  __TI_prof_data_start                
000119cd  __TI_rd_ok                          
00011de5  __TI_readmsg                        
000053f1  __TI_scanfi                         
00000000  __TI_static_base__                  
08001f20  __TI_tmpnams                        
00011d05  __TI_writemsg                       
000114bd  __TI_wrt_ok                         
00012137  __TI_zero_init                      
00012a38  __aeabi_CLOCKS_PER_SEC              
0001214d  __aeabi_errno_addr                  
00010bd7  __aeabi_idiv0                       
00011aa9  __aeabi_l2f                         
00010bd7  __aeabi_ldiv0                       
00010db0  __aeabi_ldivmod                     
0001206f  __aeabi_lmul                        
0001106b  __aeabi_memclr                      
0001106b  __aeabi_memclr4                     
0001106b  __aeabi_memclr8                     
00010d15  __aeabi_memcpy                      
00010d15  __aeabi_memcpy4                     
00010d15  __aeabi_memcpy8                     
0001106d  __aeabi_memset                      
0001106d  __aeabi_memset4                     
0001106d  __aeabi_memset8                     
080023a8  __aeabi_stderr                      
080023a0  __aeabi_stdin                       
080023a4  __aeabi_stdout                      
00011898  __aeabi_uidiv                       
00011898  __aeabi_uidivmod                    
0000e88c  __aeabi_uldivmod                    
ffffffff  __binit__                           
ffffffff  __c_args__                          
0000fb61  __localtime32                       
0000eb41  __mktime32                          
08001500  __start___llvm_prf_cnts             
08001500  __stop___llvm_prf_cnts              
0001211b  __time32                            
0000eddc  _c_int00                            
0000e4d0  _coreClearAuxiliaryDataFault_       
0000e4e4  _coreClearAuxiliaryInstructionFault_
0000e4a8  _coreClearDataFaultAddress_         
0000e480  _coreClearDataFault_                
0000e4bc  _coreClearInstructionFaultAddress_  
0000e494  _coreClearInstructionFault_         
0000e414  _coreDisableEventBusExport_         
0000e458  _coreDisableFlashEcc_               
0000e434  _coreDisableRamEcc_                 
0000e404  _coreEnableEventBusExport_          
0000e444  _coreEnableFlashEcc_                
0000e468  _coreEnableIrqVicOffset_            
0000e424  _coreEnableRamEcc_                  
0000e3ec  _coreEnableVfp_                     
0000e4c8  _coreGetAuxiliaryDataFault_         
0000e4dc  _coreGetAuxiliaryInstructionFault_  
0000e4a0  _coreGetDataFaultAddress_           
0000e478  _coreGetDataFault_                  
0000e4b4  _coreGetInstructionFaultAddress_    
0000e48c  _coreGetInstructionFault_           
0000e274  _coreInitRegisters_                 
0000e380  _coreInitStackPointer_              
00012740  _ctypes_                            
00010604  _dabort                             
08002260  _device                             
0000e4f8  _disable_FIQ_interrupt_             
0000e500  _disable_IRQ_interrupt_             
0000e4f0  _disable_interrupt_                 
0000e508  _enable_interrupt_                  
0000e598  _errata_CORTEXR4_57_                
0000e5a8  _errata_CORTEXR4_66_                
0000cde8  _errata_SSWF021_45_both_plls        
0000cfdc  _errata_SSWF021_45_pll1             
0000d154  _errata_SSWF021_45_pll2             
0000e510  _esmCcmErrorsClear_                 
08002170  _ftable                             
0000e3cc  _getCPSRValue_                      
0000e3d4  _gotoCPUIdle_                       
080023c4  _lock                               
000073bb  _nop                                
0001090c  _pmuDisableCountersGlobal_          
000108fc  _pmuEnableCountersGlobal_           
00010968  _pmuGetCycleCount_                  
00010970  _pmuGetEventCount_                  
0001097c  _pmuGetOverflow_                    
000108b0  _pmuInit_                           
0001093c  _pmuResetCounters_                  
0001091c  _pmuResetCycleCounter_              
0001092c  _pmuResetEventCounters_             
0001095c  _pmuSetCountEvent_                  
0001094c  _pmuStartCounters_                  
00010954  _pmuStopCounters_                   
080022d8  _stream                             
08001500  _sys_memory                         
UNDEFED   _system_post_cinit                  
0800238c  _tz                                 
080023c8  _unlock                             
0001217b  abort                               
0000126c  adc1ParityCheck                     
00001358  adc2ParityCheck                     
0000f314  adcNotification                     
00010319  aligned_alloc                       
000112ad  asctime                             
00012165  atof                                
00011849  atoi                                
00010e49  atoll                               
ffffffff  binit                               
000093b4  bloodFlowSensorInit                 
0000c9ec  buildData                           
000035b8  calculateConcentration              
0000905c  calculateSetPoint                   
0000376c  calculateSweep                      
0000391c  calculate_Heater_PWM                
0000308c  calculate_PWM                       
000033f8  calculate_tEGCO2                    
00001410  can1ParityCheck                     
000014e8  can2ParityCheck                     
000015b0  can3ParityCheck                     
0000f328  canErrorNotification                
0000f350  canMessageNotification              
0000f33c  canStatusChangeNotification         
0000ab10  capGetSignal                        
00000030  ccmSelfCheck                        
000026fc  ccmr4GetConfigValue                 
00000938  checkB0RAMECC                       
00000b28  checkB1RAMECC                       
00001c18  checkClockMonitor                   
00000d18  checkFlashECC                       
00001cf4  checkFlashEEPROMECC                 
00001e8c  checkPLL1Slip                       
00001f8c  checkPLL2Slip                       
00002050  checkRAMAddrParity                  
000019d0  checkRAMECC                         
0000215c  checkRAMUERRTest                    
000007bc  checkefcSelfTest                    
00011a19  clock                               
000116f9  close                               
080020dc  co2PidGains                         
00009200  co2SensorInit                       
080020e8  co2_buffer                          
000044f4  config_etPWM_eCAP                   
00011fc1  copysign                            
00011fc1  copysignl                           
00000234  cpuSelfTest                         
00000dfc  cpuSelfTestFail                     
08002328  currentCommand                      
08002150  currentFlags                        
00005314  customTrimLPO                       
00000df4  custom_dabort                       
0000c7b0  dataParser                          
00008cac  dataReceive                         
0800216a  dataReceiveFlag                     
0800216b  dataReceivedFlag                    
0000ccc4  dataToFloat                         
00008d54  dataTransmit                        
0000f364  dccNotification                     
08001e20  dest                                
080023d4  deviceInfo                          
00002b58  disableParity                       
0000f490  dmaGroupANotification               
00000eac  dmaParityCheck                      
0000a12c  ecap1GetConfigValue                 
0000a1c0  ecap2GetConfigValue                 
0000a254  ecap3GetConfigValue                 
0000a2e8  ecap4GetConfigValue                 
0000a37c  ecap5GetConfigValue                 
0000a410  ecap6GetConfigValue                 
0000a0ac  ecapClearFlag                       
0000a00c  ecapDisableAPWMMode                 
00009efc  ecapDisableCapture                  
00009cf4  ecapDisableCounterLoadOnSync        
0000a058  ecapDisableInterrupt                
00009fa0  ecapEnableAPWMmode                  
00009edc  ecapEnableCapture                   
00009cc4  ecapEnableCounterLoadOnSync         
0000a030  ecapEnableInterrupt                 
0000a0cc  ecapGetCAP1                         
0000a0e4  ecapGetCAP2                         
0000a0fc  ecapGetCAP3                         
0000a114  ecapGetCAP4                         
0000a088  ecapGetEventStatus                  
00009bc8  ecapInit                            
0000f47c  ecapNotification                    
00009d54  ecapSetCaptureEvent1                
00009da0  ecapSetCaptureEvent2                
00009df0  ecapSetCaptureEvent3                
00009e40  ecapSetCaptureEvent4                
00009e90  ecapSetCaptureMode                  
00009ca4  ecapSetCounter                      
00009d18  ecapSetEventPrescaler               
00009f64  ecapSetSyncOut                      
00009f20  ecapStartCounter                    
00009f40  ecapStopCounter                     
0000aad0  edgeDisableNotification             
0000aa94  edgeEnableNotification              
0000aa68  edgeGetCounter                      
0000f454  edgeNotification                    
0000aa3c  edgeResetCounter                    
00000660  efcCheck                            
00002660  efcGetConfigValue                   
00000794  efcSelfTest                         
000006e8  efcStuckZeroTest                    
0000f4b4  emacRxNotification                  
0000f4a4  emacTxNotification                  
00002ad0  enableParity                        
0000276c  errata_PBIST_4                      
08002404  errno                               
0000d5d0  esmActivateNormalOperation          
0000d6a4  esmClearStatus                      
0000d6e4  esmClearStatusBuffer                
0000d598  esmDisableError                     
0000d608  esmDisableInterrupt                 
0000d570  esmEnableError                      
0000d5e0  esmEnableInterrupt                  
0000d7dc  esmEnterSelfTest                    
0000d554  esmError                            
0000d8b4  esmGetConfigValue                   
0000d720  esmGetStatus                        
0000d7a4  esmGetStatusBuffer                  
0000f2ac  esmGroup1Notification               
0000f2bc  esmGroup2Notification               
0000fff0  esmHighInterrupt                    
0000d44c  esmInit                             
0000d864  esmSelfTestStatus                   
0000d700  esmSetCounterPreloadValue           
0000d630  esmSetInterruptLevel                
0000d5c0  esmTriggerErrorPinReset             
000092e8  exhaustO2Init                       
00011bbd  exit                                
00011e7d  fclose                              
00010f6d  fgetc                               
00011e19  finddevice                          
0000cc40  floatToData                         
000107d1  floor                               
000107d1  floorl                              
080020f4  flowPidGains                        
08002330  flow_moisture_flush                 
000022c4  fmcBus1ParityCheck                  
0000085c  fmcBus2Check                        
00000898  fmcECCcheck                         
00010bd9  fopen                               
00011521  fprintf                             
00010edd  fputc                               
0000fdc5  fputs                               
000106ed  free                                
00011159  frexp                               
00011159  frexpl                              
00011585  fseek                               
0000c73c  getCheckSum                         
00002ed8  get_CO2_val                         
00003030  get_O2_val                          
00002e6c  get_avg_CO2_val                     
00010f6d  getc                                
00011c01  getdevice                           
0000dc68  gioDisableNotification              
0000dc00  gioEnableNotification               
0000db68  gioGetBit                           
0000dcd0  gioGetConfigValue                   
0000db90  gioGetPort                          
0000da08  gioInit                             
0000f378  gioNotification                     
0000daf8  gioSetBit                           
0000dad8  gioSetDirection                     
0000db48  gioSetPort                          
0000dba8  gioToggleBit                        
00012184  handlePLLLockFail                   
08002100  heaterPidGains                      
0000ac1c  het1GetConfigValue                  
00000f58  het1ParityCheck                     
000010c0  het2ParityCheck                     
0000ac04  hetGetTimestamp                     
0000a504  hetInit                             
0000f468  hetNotification                     
0000abe8  hetResetTimestamp                   
00001004  htu1ParityCheck                     
000011bc  htu2ParityCheck                     
00003a3c  humidity_control                    
0000b208  i2cClearSCD                         
0000b30c  i2cDisableLoopback                  
0000b380  i2cDisableNotification              
0000b2ec  i2cEnableLoopback                   
0000b344  i2cEnableNotification               
0000b408  i2cGetConfigValue                   
0000adfc  i2cInit                             
0000b648  i2cIsBusBusy                        
0000b608  i2cIsMasterReady                    
0000b1a0  i2cIsRxReady                        
0000b1bc  i2cIsStopDetected                   
0000b088  i2cIsTxReady                        
0000f38c  i2cNotification                     
0000b24c  i2cReceive                          
0000b224  i2cReceiveByte                      
0000b1d8  i2cRxError                          
0000b0d4  i2cSend                             
0000b0a4  i2cSendByte                         
0000af28  i2cSetBaudrate                      
0000b068  i2cSetCount                         
0000b5d0  i2cSetDirection                     
0000b3d0  i2cSetMode                          
0000aee8  i2cSetOwnAdd                        
0000af08  i2cSetSlaveAdd                      
0000b028  i2cSetStart                         
0000b048  i2cSetStop                          
08001fc0  inletO2                             
00009254  inletO2Init                         
00010515  ldexp                               
00010515  ldexpl                              
0000c504  linHighLevelInterrupt               
0000c334  linLowLevelInterrupt                
0000fb61  localtime                           
00011f29  lseek                               
0000f6b8  main                                
0001215d  malloc                              
000049f4  mapClocks                           
00008f40  measureCurrentFlows                 
080023dc  measure_oxygen                      
00010319  memalign                            
00011f79  memccpy                             
00011fe1  memchr                              
00010d15  memcpy                              
00000174  memoryInit                          
0000f2cc  memoryPort0TestFailNotification     
0000f2e8  memoryPort1TestFailNotification     
00011073  memset                              
0000440c  merge_file                          
00001684  mibspi1ParityCheck                  
0000178c  mibspi3ParityCheck                  
000018b0  mibspi5ParityCheck                  
0000f3b4  mibspiGroupNotification             
0000f3a0  mibspiNotification                  
0000eb41  mktime                              
080023f4  mode                                
000040d0  modeIsUpdated                       
0800210c  mul_buffer                          
080023fa  multiplier                          
0000b6d4  muxInit                             
08002118  newco2PidGains                      
08002124  newflowPidGains                     
0800216c  o2ReceivedFlag                      
00010a6d  open                                
08001ffc  outletO2                            
0800213c  parmbuf                             
000023ec  pbistFail                           
00002470  pbistGetConfigValue                 
000005a8  pbistIsTestCompleted                
000005d4  pbistIsTestPassed                   
00000608  pbistPortTestStatus                 
000004ac  pbistRun                            
000002cc  pbistSelfCheck                      
00000578  pbistStop                           
000049a0  periphInit                          
00012180  phantomInterrupt                    
0000bb88  pinmuxGetConfigValue                
00011455  printf                              
00010edd  putc                                
0000aa0c  pwmDisableNotification              
0000a9c4  pwmEnableNotification               
0000a8e4  pwmGetSignal                        
0000f43c  pwmNotification                     
0000a62c  pwmSetDuty                          
0000a768  pwmSetSignal                        
0000a5c4  pwmStart                            
0000a5f8  pwmStop                             
08002158  pwm_derivative                      
08002148  pwm_error                           
0800215c  pwm_integral                        
08002160  pwm_integralUpdated                 
08002164  pwm_pre_error                       
0800216d  pwm_saturation                      
080023fe  read                                
080023e4  readOxy                             
080023b8  readOxyRAW                          
00011ea9  remove                              
00000000  resetEntry                          
0000476c  reset_sensor                        
080020b0  result_deviceInfo                   
08002098  result_o2                           
0800207c  result_uniqID                       
00011934  rtiCompare0Interrupt                
0000f304  rtiNotification                     
00010515  scalbn                              
00010515  scalbnl                             
000083a0  sciDisableLoopback                  
0000842c  sciDisableNotification              
0000836c  sciEnableLoopback                   
000083c4  sciEnableNotification               
00008494  sciEnterResetState                  
000084b4  sciExitResetState                   
000084d4  sciGetConfigValue                   
0000bf94  sciHighLevelInterrupt               
00007df0  sciInit                             
0000821c  sciIsIdleDetected                   
00008200  sciIsRxReady                        
00008080  sciIsTxReady                        
0000c164  sciLowLevelInterrupt                
0000f3c8  sciNotification                     
00008294  sciReceive                          
00008268  sciReceiveByte                      
00008238  sciRxError                          
000080cc  sciSend                             
0000809c  sciSendByte                         
00007fe4  sciSetBaudrate                      
00007fc4  sciSetFunctional                    
0000cd5c  sciTransmitData                     
0000862c  scilinGetConfigValue                
00000020  selftestFailNotification            
00008e04  setpointUpdate                      
00004960  setupFlash                          
0000488c  setupPLL                            
00010991  setvbuf                             
00011981  snprintf                            
0000f42c  spiEndNotification                  
0000f418  spiNotification                     
00011c85  sprintf                             
000051d8  sramGetConfigValue                  
00011d41  sscanf                              
000025bc  stcGetConfigValue                   
000001b8  stcSelfCheck                        
00000df8  stcSelfCheckFail                    
000041c0  store_data                          
00012001  strcat                              
000120b7  strchr                              
00012087  strcmp                              
000120e3  strcpy                              
00011f9f  strcspn                             
000120cd  strlen                              
00011d79  strncpy                             
0001209f  strrchr                             
00011ed5  strspn                              
0000de8d  strtod                              
00011cc5  strtok                              
0000fc95  strtol                              
0000de8d  strtold                             
0000f4d5  strtoll                             
00010105  strtoul                             
0000f9fd  strtoull                            
00004c18  systemGetConfigValue                
00004b1c  systemInit                          
00004be8  systemPowerDown                     
08002130  tEGCO2Gains                         
000045d4  tcaselect                           
0000502c  tcmflashGetConfigValue              
0001211b  time                                
000048ec  trimLPO                             
080023ec  uniqID                              
00011ea9  unlink                              
0000c9ac  verifyCheckSum                      
00005ff0  vimChannelMap                       
0000625c  vimDisableInterrupt                 
00006094  vimEnableInterrupt                  
00006308  vimGetConfigValue                   
00005f1c  vimInit                             
00000e00  vimParityCheck                      
0000e5c0  vimParityErrorHandler               
0000cdc4  wait                                
00012109  wcslen                              
00011f51  write                               


GLOBAL SYMBOLS: SORTED BY Symbol Address 

address   name                                
-------   ----                                
00000000  __TI_static_base__                  
00000000  resetEntry                          
00000020  selftestFailNotification            
00000030  ccmSelfCheck                        
00000174  memoryInit                          
000001b8  stcSelfCheck                        
00000234  cpuSelfTest                         
000002cc  pbistSelfCheck                      
000004ac  pbistRun                            
00000578  pbistStop                           
000005a8  pbistIsTestCompleted                
000005d4  pbistIsTestPassed                   
00000608  pbistPortTestStatus                 
00000660  efcCheck                            
000006e8  efcStuckZeroTest                    
00000794  efcSelfTest                         
000007bc  checkefcSelfTest                    
00000800  __SYSMEM_SIZE                       
0000085c  fmcBus2Check                        
00000898  fmcECCcheck                         
00000938  checkB0RAMECC                       
00000b28  checkB1RAMECC                       
00000d18  checkFlashECC                       
00000df4  custom_dabort                       
00000df8  stcSelfCheckFail                    
00000dfc  cpuSelfTestFail                     
00000e00  vimParityCheck                      
00000eac  dmaParityCheck                      
00000f58  het1ParityCheck                     
00001004  htu1ParityCheck                     
000010c0  het2ParityCheck                     
000011bc  htu2ParityCheck                     
0000126c  adc1ParityCheck                     
00001358  adc2ParityCheck                     
00001410  can1ParityCheck                     
000014e8  can2ParityCheck                     
000015b0  can3ParityCheck                     
00001684  mibspi1ParityCheck                  
0000178c  mibspi3ParityCheck                  
000018b0  mibspi5ParityCheck                  
000019d0  checkRAMECC                         
00001c18  checkClockMonitor                   
00001cf4  checkFlashEEPROMECC                 
00001e8c  checkPLL1Slip                       
00001f8c  checkPLL2Slip                       
00002050  checkRAMAddrParity                  
0000215c  checkRAMUERRTest                    
000022c4  fmcBus1ParityCheck                  
000023ec  pbistFail                           
00002470  pbistGetConfigValue                 
000025bc  stcGetConfigValue                   
00002660  efcGetConfigValue                   
000026fc  ccmr4GetConfigValue                 
0000276c  errata_PBIST_4                      
00002ad0  enableParity                        
00002b58  disableParity                       
00002cfc  Run_Time_Since_Epoch                
00002d08  SF05_PowerOnFlowSensor              
00002d2c  CO2_sensor_init                     
00002dcc  O2_sensor_init                      
00002e6c  get_avg_CO2_val                     
00002ed8  get_CO2_val                         
00003030  get_O2_val                          
0000308c  calculate_PWM                       
000033f8  calculate_tEGCO2                    
000035b8  calculateConcentration              
0000376c  calculateSweep                      
0000391c  calculate_Heater_PWM                
00003a3c  humidity_control                    
00003b00  Data_Display                        
00003b50  Display_CO2_Level                   
00003c5c  Display_Flow_Level1                 
00003d40  Display_Ambient_Pressure            
00003e64  Display_Pressure_Drop               
00003f68  Display_PID                         
000040d0  modeIsUpdated                       
000041c0  store_data                          
0000440c  merge_file                          
000044f4  config_etPWM_eCAP                   
000045d4  tcaselect                           
0000476c  reset_sensor                        
0000488c  setupPLL                            
000048ec  trimLPO                             
00004960  setupFlash                          
000049a0  periphInit                          
000049f4  mapClocks                           
00004b1c  systemInit                          
00004be8  systemPowerDown                     
00004c18  systemGetConfigValue                
0000502c  tcmflashGetConfigValue              
000051d8  sramGetConfigValue                  
00005314  customTrimLPO                       
000053f1  __TI_scanfi                         
00005f1c  vimInit                             
00005ff0  vimChannelMap                       
00006094  vimEnableInterrupt                  
0000625c  vimDisableInterrupt                 
00006308  vimGetConfigValue                   
00006975  __TI_printfi                        
000073bb  _nop                                
000073bc  SF05_WriteCommand                   
00007540  SF05_ReadCommandResult              
00007694  SF05_GetFlow                        
0000773c  SHTC3_GetTempAndHumi                
000078e8  SHTC3_Sleep                         
000078fc  SHTC3_Wakeup                        
00007910  SHTC3_SoftReset                     
00007924  ABP2_getPressure                    
00007ab0  ABP2_WriteCommand                   
00007c4c  ABP2_ReadCommandResult              
00007df0  sciInit                             
00007fc4  sciSetFunctional                    
00007fe4  sciSetBaudrate                      
00008080  sciIsTxReady                        
0000809c  sciSendByte                         
000080cc  sciSend                             
00008200  sciIsRxReady                        
0000821c  sciIsIdleDetected                   
00008238  sciRxError                          
00008268  sciReceiveByte                      
00008294  sciReceive                          
0000836c  sciEnableLoopback                   
000083a0  sciDisableLoopback                  
000083c4  sciEnableNotification               
0000842c  sciDisableNotification              
00008494  sciEnterResetState                  
000084b4  sciExitResetState                   
000084d4  sciGetConfigValue                   
0000862c  scilinGetConfigValue                
0000881c  Shdlc_GetDeviceInfo                 
00008940  SFC5500_ReadMeasuredValue           
00008a60  SFC5500_SetSetpoint                 
00008b8c  SFC5500_GetSetPoint                 
00008cac  dataReceive                         
00008d54  dataTransmit                        
00008e04  setpointUpdate                      
00008f40  measureCurrentFlows                 
0000905c  calculateSetPoint                   
00009200  co2SensorInit                       
00009254  inletO2Init                         
000092e8  exhaustO2Init                       
000093b4  bloodFlowSensorInit                 
000094ac  FDO2Data                            
00009bc8  ecapInit                            
00009ca4  ecapSetCounter                      
00009cc4  ecapEnableCounterLoadOnSync         
00009cf4  ecapDisableCounterLoadOnSync        
00009d18  ecapSetEventPrescaler               
00009d54  ecapSetCaptureEvent1                
00009da0  ecapSetCaptureEvent2                
00009df0  ecapSetCaptureEvent3                
00009e40  ecapSetCaptureEvent4                
00009e90  ecapSetCaptureMode                  
00009edc  ecapEnableCapture                   
00009efc  ecapDisableCapture                  
00009f20  ecapStartCounter                    
00009f40  ecapStopCounter                     
00009f64  ecapSetSyncOut                      
00009fa0  ecapEnableAPWMmode                  
0000a00c  ecapDisableAPWMMode                 
0000a030  ecapEnableInterrupt                 
0000a058  ecapDisableInterrupt                
0000a088  ecapGetEventStatus                  
0000a0ac  ecapClearFlag                       
0000a0cc  ecapGetCAP1                         
0000a0e4  ecapGetCAP2                         
0000a0fc  ecapGetCAP3                         
0000a114  ecapGetCAP4                         
0000a12c  ecap1GetConfigValue                 
0000a1c0  ecap2GetConfigValue                 
0000a254  ecap3GetConfigValue                 
0000a2e8  ecap4GetConfigValue                 
0000a37c  ecap5GetConfigValue                 
0000a410  ecap6GetConfigValue                 
0000a504  hetInit                             
0000a5c4  pwmStart                            
0000a5f8  pwmStop                             
0000a62c  pwmSetDuty                          
0000a768  pwmSetSignal                        
0000a8e4  pwmGetSignal                        
0000a9c4  pwmEnableNotification               
0000aa0c  pwmDisableNotification              
0000aa3c  edgeResetCounter                    
0000aa68  edgeGetCounter                      
0000aa94  edgeEnableNotification              
0000aad0  edgeDisableNotification             
0000ab10  capGetSignal                        
0000abe8  hetResetTimestamp                   
0000ac04  hetGetTimestamp                     
0000ac1c  het1GetConfigValue                  
0000adfc  i2cInit                             
0000aee8  i2cSetOwnAdd                        
0000af08  i2cSetSlaveAdd                      
0000af28  i2cSetBaudrate                      
0000b028  i2cSetStart                         
0000b048  i2cSetStop                          
0000b068  i2cSetCount                         
0000b088  i2cIsTxReady                        
0000b0a4  i2cSendByte                         
0000b0d4  i2cSend                             
0000b1a0  i2cIsRxReady                        
0000b1bc  i2cIsStopDetected                   
0000b1d8  i2cRxError                          
0000b208  i2cClearSCD                         
0000b224  i2cReceiveByte                      
0000b24c  i2cReceive                          
0000b2ec  i2cEnableLoopback                   
0000b30c  i2cDisableLoopback                  
0000b344  i2cEnableNotification               
0000b380  i2cDisableNotification              
0000b3d0  i2cSetMode                          
0000b408  i2cGetConfigValue                   
0000b5d0  i2cSetDirection                     
0000b608  i2cIsMasterReady                    
0000b648  i2cIsBusBusy                        
0000b6d4  muxInit                             
0000bb88  pinmuxGetConfigValue                
0000bf94  sciHighLevelInterrupt               
0000c164  sciLowLevelInterrupt                
0000c334  linLowLevelInterrupt                
0000c504  linHighLevelInterrupt               
0000c73c  getCheckSum                         
0000c7b0  dataParser                          
0000c9ac  verifyCheckSum                      
0000c9ec  buildData                           
0000cc40  floatToData                         
0000ccc4  dataToFloat                         
0000cd5c  sciTransmitData                     
0000cdc4  wait                                
0000cde8  _errata_SSWF021_45_both_plls        
0000cfdc  _errata_SSWF021_45_pll1             
0000d154  _errata_SSWF021_45_pll2             
0000d44c  esmInit                             
0000d554  esmError                            
0000d570  esmEnableError                      
0000d598  esmDisableError                     
0000d5c0  esmTriggerErrorPinReset             
0000d5d0  esmActivateNormalOperation          
0000d5e0  esmEnableInterrupt                  
0000d608  esmDisableInterrupt                 
0000d630  esmSetInterruptLevel                
0000d6a4  esmClearStatus                      
0000d6e4  esmClearStatusBuffer                
0000d700  esmSetCounterPreloadValue           
0000d720  esmGetStatus                        
0000d7a4  esmGetStatusBuffer                  
0000d7dc  esmEnterSelfTest                    
0000d864  esmSelfTestStatus                   
0000d8b4  esmGetConfigValue                   
0000da08  gioInit                             
0000dad8  gioSetDirection                     
0000daf8  gioSetBit                           
0000db48  gioSetPort                          
0000db68  gioGetBit                           
0000db90  gioGetPort                          
0000dba8  gioToggleBit                        
0000dc00  gioEnableNotification               
0000dc68  gioDisableNotification              
0000dcd0  gioGetConfigValue                   
0000de8d  strtod                              
0000de8d  strtold                             
0000e274  _coreInitRegisters_                 
0000e380  _coreInitStackPointer_              
0000e3cc  _getCPSRValue_                      
0000e3d4  _gotoCPUIdle_                       
0000e3ec  _coreEnableVfp_                     
0000e404  _coreEnableEventBusExport_          
0000e414  _coreDisableEventBusExport_         
0000e424  _coreEnableRamEcc_                  
0000e434  _coreDisableRamEcc_                 
0000e444  _coreEnableFlashEcc_                
0000e458  _coreDisableFlashEcc_               
0000e468  _coreEnableIrqVicOffset_            
0000e478  _coreGetDataFault_                  
0000e480  _coreClearDataFault_                
0000e48c  _coreGetInstructionFault_           
0000e494  _coreClearInstructionFault_         
0000e4a0  _coreGetDataFaultAddress_           
0000e4a8  _coreClearDataFaultAddress_         
0000e4b4  _coreGetInstructionFaultAddress_    
0000e4bc  _coreClearInstructionFaultAddress_  
0000e4c8  _coreGetAuxiliaryDataFault_         
0000e4d0  _coreClearAuxiliaryDataFault_       
0000e4dc  _coreGetAuxiliaryInstructionFault_  
0000e4e4  _coreClearAuxiliaryInstructionFault_
0000e4f0  _disable_interrupt_                 
0000e4f8  _disable_FIQ_interrupt_             
0000e500  _disable_IRQ_interrupt_             
0000e508  _enable_interrupt_                  
0000e510  _esmCcmErrorsClear_                 
0000e598  _errata_CORTEXR4_57_                
0000e5a8  _errata_CORTEXR4_66_                
0000e5b8  __TI_PINIT_Base                     
0000e5bc  __TI_PINIT_Limit                    
0000e5c0  vimParityErrorHandler               
0000e88c  __aeabi_uldivmod                    
0000eb41  __mktime32                          
0000eb41  mktime                              
0000eddc  _c_int00                            
0000f2ac  esmGroup1Notification               
0000f2bc  esmGroup2Notification               
0000f2cc  memoryPort0TestFailNotification     
0000f2e8  memoryPort1TestFailNotification     
0000f304  rtiNotification                     
0000f314  adcNotification                     
0000f328  canErrorNotification                
0000f33c  canStatusChangeNotification         
0000f350  canMessageNotification              
0000f364  dccNotification                     
0000f378  gioNotification                     
0000f38c  i2cNotification                     
0000f3a0  mibspiNotification                  
0000f3b4  mibspiGroupNotification             
0000f3c8  sciNotification                     
0000f418  spiNotification                     
0000f42c  spiEndNotification                  
0000f43c  pwmNotification                     
0000f454  edgeNotification                    
0000f468  hetNotification                     
0000f47c  ecapNotification                    
0000f490  dmaGroupANotification               
0000f4a4  emacTxNotification                  
0000f4b4  emacRxNotification                  
0000f4d5  strtoll                             
0000f6b8  main                                
0000f9fd  strtoull                            
0000fb61  __localtime32                       
0000fb61  localtime                           
0000fc95  strtol                              
0000fdc5  fputs                               
0000fff0  esmHighInterrupt                    
00010105  strtoul                             
00010319  aligned_alloc                       
00010319  memalign                            
00010515  ldexp                               
00010515  ldexpl                              
00010515  scalbn                              
00010515  scalbnl                             
00010604  _dabort                             
000106ed  free                                
000107d1  floor                               
000107d1  floorl                              
000108b0  _pmuInit_                           
000108fc  _pmuEnableCountersGlobal_           
0001090c  _pmuDisableCountersGlobal_          
0001091c  _pmuResetCycleCounter_              
0001092c  _pmuResetEventCounters_             
0001093c  _pmuResetCounters_                  
0001094c  _pmuStartCounters_                  
00010954  _pmuStopCounters_                   
0001095c  _pmuSetCountEvent_                  
00010968  _pmuGetCycleCount_                  
00010970  _pmuGetEventCount_                  
0001097c  _pmuGetOverflow_                    
00010991  setvbuf                             
00010a6d  open                                
00010bd7  __aeabi_idiv0                       
00010bd7  __aeabi_ldiv0                       
00010bd9  fopen                               
00010c79  __TI_buff_read                      
00010d15  __aeabi_memcpy                      
00010d15  __aeabi_memcpy4                     
00010d15  __aeabi_memcpy8                     
00010d15  memcpy                              
00010db0  __aeabi_ldivmod                     
00010e49  atoll                               
00010edd  fputc                               
00010edd  putc                                
00010f6d  fgetc                               
00010f6d  getc                                
0001106b  __aeabi_memclr                      
0001106b  __aeabi_memclr4                     
0001106b  __aeabi_memclr8                     
0001106d  __aeabi_memset                      
0001106d  __aeabi_memset4                     
0001106d  __aeabi_memset8                     
00011073  memset                              
000110e5  __TI_closefile                      
00011159  frexp                               
00011159  frexpl                              
00011241  HOSTrename                          
000112ad  asctime                             
00011319  __TI_decompress_lzss                
00011385  HOSTlseek                           
00011455  printf                              
000114bd  __TI_wrt_ok                         
00011521  fprintf                             
00011585  fseek                               
000115e9  HOSTopen                            
00011645  HOSTread                            
000116a1  HOSTwrite                           
000116f9  close                               
00011751  __TI_ltoa                           
00011849  atoi                                
00011898  __aeabi_uidiv                       
00011898  __aeabi_uidivmod                    
000118e9  __TI_doflush                        
00011934  rtiCompare0Interrupt                
00011981  snprintf                            
000119cd  __TI_rd_ok                          
00011a19  HOSTclock                           
00011a19  clock                               
00011a61  HOSTtime                            
00011aa9  __aeabi_l2f                         
00011af1  HOSTclose                           
00011b35  HOSTunlink                          
00011b79  __TI_auto_init_nobinit_nopinit      
00011bbd  exit                                
00011c01  getdevice                           
00011c85  sprintf                             
00011cc5  strtok                              
00011d05  __TI_writemsg                       
00011d37  C$$IO$$                             
00011d41  sscanf                              
00011d79  strncpy                             
00011db1  __TI_cleanup                        
00011de5  __TI_readmsg                        
00011e19  finddevice                          
00011e7d  fclose                              
00011ea9  remove                              
00011ea9  unlink                              
00011ed5  strspn                              
00011f29  lseek                               
00011f51  write                               
00011f79  memccpy                             
00011f9f  strcspn                             
00011fc1  copysign                            
00011fc1  copysignl                           
00011fe1  memchr                              
00012001  strcat                              
0001206f  __aeabi_lmul                        
00012087  strcmp                              
0001209f  strrchr                             
000120b7  strchr                              
000120cd  strlen                              
000120e3  strcpy                              
00012109  wcslen                              
0001211b  __time32                            
0001211b  time                                
00012129  __TI_decompress_none                
00012137  __TI_zero_init                      
0001214d  __aeabi_errno_addr                  
0001215d  malloc                              
00012165  atof                                
0001217b  C$$EXIT                             
0001217b  abort                               
00012180  phantomInterrupt                    
00012184  handlePLLLockFail                   
00012740  _ctypes_                            
00012a38  __aeabi_CLOCKS_PER_SEC              
00012b04  __TI_Handler_Table_Base             
00012b10  __TI_Handler_Table_Limit            
00012b18  __TI_CINIT_Base                     
00012b28  __TI_CINIT_Limit                    
08001500  __start___llvm_prf_cnts             
08001500  __stop___llvm_prf_cnts              
08001500  _sys_memory                         
08001d00  __CIOBUF_                           
08001e20  dest                                
08001f20  __TI_tmpnams                        
08001fc0  inletO2                             
08001ffc  outletO2                            
0800207c  result_uniqID                       
08002098  result_o2                           
080020b0  result_deviceInfo                   
080020dc  co2PidGains                         
080020e8  co2_buffer                          
080020f4  flowPidGains                        
08002100  heaterPidGains                      
0800210c  mul_buffer                          
08002118  newco2PidGains                      
08002124  newflowPidGains                     
08002130  tEGCO2Gains                         
0800213c  parmbuf                             
08002144  Time                                
08002148  pwm_error                           
08002150  currentFlags                        
08002157  Data_Display_Disabled               
08002158  pwm_derivative                      
0800215c  pwm_integral                        
08002160  pwm_integralUpdated                 
08002164  pwm_pre_error                       
08002168  MODE                                
08002169  STATUS                              
0800216a  dataReceiveFlag                     
0800216b  dataReceivedFlag                    
0800216c  o2ReceivedFlag                      
0800216d  pwm_saturation                      
08002170  _ftable                             
08002260  _device                             
080022d8  _stream                             
08002328  currentCommand                      
08002330  flow_moisture_flush                 
0800238c  _tz                                 
0800239c  __TI_ft_end                         
080023a0  __aeabi_stdin                       
080023a4  __aeabi_stdout                      
080023a8  __aeabi_stderr                      
080023ac  __TI_cleanup_ptr                    
080023b0  __TI_dtors_ptr                      
080023b4  __TI_enable_exit_profile_output     
080023b8  readOxyRAW                          
080023c4  _lock                               
080023c8  _unlock                             
080023d4  deviceInfo                          
080023dc  measure_oxygen                      
080023e4  readOxy                             
080023ec  uniqID                              
080023f4  mode                                
080023fa  multiplier                          
080023fe  read                                
08002404  errno                               
ffffffff  __TI_pprof_out_hndl                 
ffffffff  __TI_prof_data_size                 
ffffffff  __TI_prof_data_start                
ffffffff  __binit__                           
ffffffff  __c_args__                          
ffffffff  binit                               
UNDEFED   SHT$$INIT_ARRAY$$Base               
UNDEFED   SHT$$INIT_ARRAY$$Limit              
UNDEFED   _system_post_cinit                  

[521 symbols]
