<?xml version="1.0" encoding="ISO-8859-1" ?>
<link_info>
   <banner>TI ARM Linker PC v20.2.7.LTS</banner>
   <copyright>Copyright (c) 1996-2018 Texas Instruments Incorporated</copyright>
   <link_time>0x648089c6</link_time>
   <link_errors>0x0</link_errors>
   <output_file>SL_Lib.out</output_file>
   <entry_point>
      <name>_c_int00</name>
      <address>0xf4c0</address>
   </entry_point>
   <input_file_list>
      <input_file id="fl-2">
         <path>.\SL_Lib\source\</path>
         <kind>object</kind>
         <file>SFC5500Device.obj</file>
         <name>SFC5500Device.obj</name>
      </input_file>
      <input_file id="fl-3">
         <path>.\SL_Lib\source\</path>
         <kind>object</kind>
         <file>SmartLungGasSensing.obj</file>
         <name>SmartLungGasSensing.obj</name>
      </input_file>
      <input_file id="fl-4">
         <path>.\SL_Lib\source\</path>
         <kind>object</kind>
         <file>adc.obj</file>
         <name>adc.obj</name>
      </input_file>
      <input_file id="fl-5">
         <path>.\SL_Lib\source\</path>
         <kind>object</kind>
         <file>can.obj</file>
         <name>can.obj</name>
      </input_file>
      <input_file id="fl-6">
         <path>.\SL_Lib\source\</path>
         <kind>object</kind>
         <file>crc.obj</file>
         <name>crc.obj</name>
      </input_file>
      <input_file id="fl-7">
         <path>.\SL_Lib\source\</path>
         <kind>object</kind>
         <file>dabort.obj</file>
         <name>dabort.obj</name>
      </input_file>
      <input_file id="fl-8">
         <path>.\SL_Lib\source\</path>
         <kind>object</kind>
         <file>dcc.obj</file>
         <name>dcc.obj</name>
      </input_file>
      <input_file id="fl-9">
         <path>.\SL_Lib\source\</path>
         <kind>object</kind>
         <file>ecap.obj</file>
         <name>ecap.obj</name>
      </input_file>
      <input_file id="fl-a">
         <path>.\SL_Lib\source\</path>
         <kind>object</kind>
         <file>emac.obj</file>
         <name>emac.obj</name>
      </input_file>
      <input_file id="fl-b">
         <path>.\SL_Lib\source\</path>
         <kind>object</kind>
         <file>eqep.obj</file>
         <name>eqep.obj</name>
      </input_file>
      <input_file id="fl-c">
         <path>.\SL_Lib\source\</path>
         <kind>object</kind>
         <file>errata_SSWF021_45.obj</file>
         <name>errata_SSWF021_45.obj</name>
      </input_file>
      <input_file id="fl-d">
         <path>.\SL_Lib\source\</path>
         <kind>object</kind>
         <file>esm.obj</file>
         <name>esm.obj</name>
      </input_file>
      <input_file id="fl-e">
         <path>.\SL_Lib\source\</path>
         <kind>object</kind>
         <file>etpwm.obj</file>
         <name>etpwm.obj</name>
      </input_file>
      <input_file id="fl-f">
         <path>.\SL_Lib\source\</path>
         <kind>object</kind>
         <file>gio.obj</file>
         <name>gio.obj</name>
      </input_file>
      <input_file id="fl-10">
         <path>.\SL_Lib\source\</path>
         <kind>object</kind>
         <file>het.obj</file>
         <name>het.obj</name>
      </input_file>
      <input_file id="fl-11">
         <path>.\SL_Lib\source\</path>
         <kind>object</kind>
         <file>i2c.obj</file>
         <name>i2c.obj</name>
      </input_file>
      <input_file id="fl-12">
         <path>.\SL_Lib\source\</path>
         <kind>object</kind>
         <file>lin.obj</file>
         <name>lin.obj</name>
      </input_file>
      <input_file id="fl-13">
         <path>.\SL_Lib\source\</path>
         <kind>object</kind>
         <file>mdio.obj</file>
         <name>mdio.obj</name>
      </input_file>
      <input_file id="fl-14">
         <path>.\SL_Lib\source\</path>
         <kind>object</kind>
         <file>mibspi.obj</file>
         <name>mibspi.obj</name>
      </input_file>
      <input_file id="fl-15">
         <path>.\SL_Lib\source\</path>
         <kind>object</kind>
         <file>notification.obj</file>
         <name>notification.obj</name>
      </input_file>
      <input_file id="fl-16">
         <path>.\SL_Lib\source\</path>
         <kind>object</kind>
         <file>phy_dp83640.obj</file>
         <name>phy_dp83640.obj</name>
      </input_file>
      <input_file id="fl-17">
         <path>.\SL_Lib\source\</path>
         <kind>object</kind>
         <file>pinmux.obj</file>
         <name>pinmux.obj</name>
      </input_file>
      <input_file id="fl-18">
         <path>.\SL_Lib\source\</path>
         <kind>object</kind>
         <file>pom.obj</file>
         <name>pom.obj</name>
      </input_file>
      <input_file id="fl-19">
         <path>.\SL_Lib\source\</path>
         <kind>object</kind>
         <file>rti.obj</file>
         <name>rti.obj</name>
      </input_file>
      <input_file id="fl-1a">
         <path>.\SL_Lib\source\</path>
         <kind>object</kind>
         <file>sci.obj</file>
         <name>sci.obj</name>
      </input_file>
      <input_file id="fl-1b">
         <path>.\SL_Lib\source\</path>
         <kind>object</kind>
         <file>serial.obj</file>
         <name>serial.obj</name>
      </input_file>
      <input_file id="fl-1c">
         <path>.\SL_Lib\source\</path>
         <kind>object</kind>
         <file>servo_functions.obj</file>
         <name>servo_functions.obj</name>
      </input_file>
      <input_file id="fl-1d">
         <path>.\SL_Lib\source\</path>
         <kind>object</kind>
         <file>servo_sensirion.obj</file>
         <name>servo_sensirion.obj</name>
      </input_file>
      <input_file id="fl-1e">
         <path>.\SL_Lib\source\</path>
         <kind>object</kind>
         <file>servo_ventilation.obj</file>
         <name>servo_ventilation.obj</name>
      </input_file>
      <input_file id="fl-1f">
         <path>.\SL_Lib\source\</path>
         <kind>object</kind>
         <file>sfc5500_commands.obj</file>
         <name>sfc5500_commands.obj</name>
      </input_file>
      <input_file id="fl-20">
         <path>.\SL_Lib\source\</path>
         <kind>object</kind>
         <file>sfc5500_data.obj</file>
         <name>sfc5500_data.obj</name>
      </input_file>
      <input_file id="fl-21">
         <path>.\SL_Lib\source\</path>
         <kind>object</kind>
         <file>spi.obj</file>
         <name>spi.obj</name>
      </input_file>
      <input_file id="fl-22">
         <path>.\SL_Lib\source\</path>
         <kind>object</kind>
         <file>sys_core.obj</file>
         <name>sys_core.obj</name>
      </input_file>
      <input_file id="fl-23">
         <path>.\SL_Lib\source\</path>
         <kind>object</kind>
         <file>sys_dma.obj</file>
         <name>sys_dma.obj</name>
      </input_file>
      <input_file id="fl-24">
         <path>.\SL_Lib\source\</path>
         <kind>object</kind>
         <file>sys_intvecs.obj</file>
         <name>sys_intvecs.obj</name>
      </input_file>
      <input_file id="fl-25">
         <path>.\SL_Lib\source\</path>
         <kind>object</kind>
         <file>sys_main.obj</file>
         <name>sys_main.obj</name>
      </input_file>
      <input_file id="fl-26">
         <path>.\SL_Lib\source\</path>
         <kind>object</kind>
         <file>sys_mpu.obj</file>
         <name>sys_mpu.obj</name>
      </input_file>
      <input_file id="fl-27">
         <path>.\SL_Lib\source\</path>
         <kind>object</kind>
         <file>sys_pcr.obj</file>
         <name>sys_pcr.obj</name>
      </input_file>
      <input_file id="fl-28">
         <path>.\SL_Lib\source\</path>
         <kind>object</kind>
         <file>sys_phantom.obj</file>
         <name>sys_phantom.obj</name>
      </input_file>
      <input_file id="fl-29">
         <path>.\SL_Lib\source\</path>
         <kind>object</kind>
         <file>sys_pmm.obj</file>
         <name>sys_pmm.obj</name>
      </input_file>
      <input_file id="fl-2a">
         <path>.\SL_Lib\source\</path>
         <kind>object</kind>
         <file>sys_pmu.obj</file>
         <name>sys_pmu.obj</name>
      </input_file>
      <input_file id="fl-2b">
         <path>.\SL_Lib\source\</path>
         <kind>object</kind>
         <file>sys_selftest.obj</file>
         <name>sys_selftest.obj</name>
      </input_file>
      <input_file id="fl-2c">
         <path>.\SL_Lib\source\</path>
         <kind>object</kind>
         <file>sys_startup.obj</file>
         <name>sys_startup.obj</name>
      </input_file>
      <input_file id="fl-2d">
         <path>.\SL_Lib\source\</path>
         <kind>object</kind>
         <file>sys_vim.obj</file>
         <name>sys_vim.obj</name>
      </input_file>
      <input_file id="fl-2e">
         <path>.\SL_Lib\source\</path>
         <kind>object</kind>
         <file>system.obj</file>
         <name>system.obj</name>
      </input_file>
      <input_file id="fl-32">
         <kind>object</kind>
         <file>&lt;internal&gt;</file>
         <name>&lt;internal&gt;</name>
      </input_file>
      <input_file id="fl-33">
         <path>C:\ti\ccs1230\ccs\tools\compiler\ti-cgt-arm_20.2.7.LTS\lib\</path>
         <kind>archive</kind>
         <file>rtsv7R4_T_le_v3D16_eabi.lib</file>
         <name>s_floor.c.obj</name>
      </input_file>
      <input_file id="fl-34">
         <path>C:\ti\ccs1230\ccs\tools\compiler\ti-cgt-arm_20.2.7.LTS\lib\</path>
         <kind>archive</kind>
         <file>rtsv7R4_T_le_v3D16_eabi.lib</file>
         <name>printf.c.obj</name>
      </input_file>
      <input_file id="fl-35">
         <path>C:\ti\ccs1230\ccs\tools\compiler\ti-cgt-arm_20.2.7.LTS\lib\</path>
         <kind>archive</kind>
         <file>rtsv7R4_T_le_v3D16_eabi.lib</file>
         <name>fprintf.c.obj</name>
      </input_file>
      <input_file id="fl-36">
         <path>C:\ti\ccs1230\ccs\tools\compiler\ti-cgt-arm_20.2.7.LTS\lib\</path>
         <kind>archive</kind>
         <file>rtsv7R4_T_le_v3D16_eabi.lib</file>
         <name>_printfi.c.obj</name>
      </input_file>
      <input_file id="fl-37">
         <path>C:\ti\ccs1230\ccs\tools\compiler\ti-cgt-arm_20.2.7.LTS\lib\</path>
         <kind>archive</kind>
         <file>rtsv7R4_T_le_v3D16_eabi.lib</file>
         <name>sprintf.c.obj</name>
      </input_file>
      <input_file id="fl-38">
         <path>C:\ti\ccs1230\ccs\tools\compiler\ti-cgt-arm_20.2.7.LTS\lib\</path>
         <kind>archive</kind>
         <file>rtsv7R4_T_le_v3D16_eabi.lib</file>
         <name>sscanf.c.obj</name>
      </input_file>
      <input_file id="fl-39">
         <path>C:\ti\ccs1230\ccs\tools\compiler\ti-cgt-arm_20.2.7.LTS\lib\</path>
         <kind>archive</kind>
         <file>rtsv7R4_T_le_v3D16_eabi.lib</file>
         <name>fclose.c.obj</name>
      </input_file>
      <input_file id="fl-3a">
         <path>C:\ti\ccs1230\ccs\tools\compiler\ti-cgt-arm_20.2.7.LTS\lib\</path>
         <kind>archive</kind>
         <file>rtsv7R4_T_le_v3D16_eabi.lib</file>
         <name>fflush.c.obj</name>
      </input_file>
      <input_file id="fl-3b">
         <path>C:\ti\ccs1230\ccs\tools\compiler\ti-cgt-arm_20.2.7.LTS\lib\</path>
         <kind>archive</kind>
         <file>rtsv7R4_T_le_v3D16_eabi.lib</file>
         <name>fgetc.c.obj</name>
      </input_file>
      <input_file id="fl-3c">
         <path>C:\ti\ccs1230\ccs\tools\compiler\ti-cgt-arm_20.2.7.LTS\lib\</path>
         <kind>archive</kind>
         <file>rtsv7R4_T_le_v3D16_eabi.lib</file>
         <name>fopen.c.obj</name>
      </input_file>
      <input_file id="fl-3d">
         <path>C:\ti\ccs1230\ccs\tools\compiler\ti-cgt-arm_20.2.7.LTS\lib\</path>
         <kind>archive</kind>
         <file>rtsv7R4_T_le_v3D16_eabi.lib</file>
         <name>fputc.c.obj</name>
      </input_file>
      <input_file id="fl-3e">
         <path>C:\ti\ccs1230\ccs\tools\compiler\ti-cgt-arm_20.2.7.LTS\lib\</path>
         <kind>archive</kind>
         <file>rtsv7R4_T_le_v3D16_eabi.lib</file>
         <name>fputs.c.obj</name>
      </input_file>
      <input_file id="fl-3f">
         <path>C:\ti\ccs1230\ccs\tools\compiler\ti-cgt-arm_20.2.7.LTS\lib\</path>
         <kind>archive</kind>
         <file>rtsv7R4_T_le_v3D16_eabi.lib</file>
         <name>_bufread.c.obj</name>
      </input_file>
      <input_file id="fl-40">
         <path>C:\ti\ccs1230\ccs\tools\compiler\ti-cgt-arm_20.2.7.LTS\lib\</path>
         <kind>archive</kind>
         <file>rtsv7R4_T_le_v3D16_eabi.lib</file>
         <name>_io_perm.c.obj</name>
      </input_file>
      <input_file id="fl-41">
         <path>C:\ti\ccs1230\ccs\tools\compiler\ti-cgt-arm_20.2.7.LTS\lib\</path>
         <kind>archive</kind>
         <file>rtsv7R4_T_le_v3D16_eabi.lib</file>
         <name>setvbuf.c.obj</name>
      </input_file>
      <input_file id="fl-42">
         <path>C:\ti\ccs1230\ccs\tools\compiler\ti-cgt-arm_20.2.7.LTS\lib\</path>
         <kind>archive</kind>
         <file>rtsv7R4_T_le_v3D16_eabi.lib</file>
         <name>ll_tofs_t2.asm.obj</name>
      </input_file>
      <input_file id="fl-43">
         <path>C:\ti\ccs1230\ccs\tools\compiler\ti-cgt-arm_20.2.7.LTS\lib\</path>
         <kind>archive</kind>
         <file>rtsv7R4_T_le_v3D16_eabi.lib</file>
         <name>memcpy_t2.asm.obj</name>
      </input_file>
      <input_file id="fl-44">
         <path>C:\ti\ccs1230\ccs\tools\compiler\ti-cgt-arm_20.2.7.LTS\lib\</path>
         <kind>archive</kind>
         <file>rtsv7R4_T_le_v3D16_eabi.lib</file>
         <name>memset_t2.asm.obj</name>
      </input_file>
      <input_file id="fl-45">
         <path>C:\ti\ccs1230\ccs\tools\compiler\ti-cgt-arm_20.2.7.LTS\lib\</path>
         <kind>archive</kind>
         <file>rtsv7R4_T_le_v3D16_eabi.lib</file>
         <name>u_div32.asm.obj</name>
      </input_file>
      <input_file id="fl-46">
         <path>C:\ti\ccs1230\ccs\tools\compiler\ti-cgt-arm_20.2.7.LTS\lib\</path>
         <kind>archive</kind>
         <file>rtsv7R4_T_le_v3D16_eabi.lib</file>
         <name>ull_div32.asm.obj</name>
      </input_file>
      <input_file id="fl-47">
         <path>C:\ti\ccs1230\ccs\tools\compiler\ti-cgt-arm_20.2.7.LTS\lib\</path>
         <kind>archive</kind>
         <file>rtsv7R4_T_le_v3D16_eabi.lib</file>
         <name>autoinit.c.obj</name>
      </input_file>
      <input_file id="fl-48">
         <path>C:\ti\ccs1230\ccs\tools\compiler\ti-cgt-arm_20.2.7.LTS\lib\</path>
         <kind>archive</kind>
         <file>rtsv7R4_T_le_v3D16_eabi.lib</file>
         <name>cpy_tbl.c.obj</name>
      </input_file>
      <input_file id="fl-49">
         <path>C:\ti\ccs1230\ccs\tools\compiler\ti-cgt-arm_20.2.7.LTS\lib\</path>
         <kind>archive</kind>
         <file>rtsv7R4_T_le_v3D16_eabi.lib</file>
         <name>copy_zero_init.c.obj</name>
      </input_file>
      <input_file id="fl-4a">
         <path>C:\ti\ccs1230\ccs\tools\compiler\ti-cgt-arm_20.2.7.LTS\lib\</path>
         <kind>archive</kind>
         <file>rtsv7R4_T_le_v3D16_eabi.lib</file>
         <name>copy_decompress_none.c.obj</name>
      </input_file>
      <input_file id="fl-4b">
         <path>C:\ti\ccs1230\ccs\tools\compiler\ti-cgt-arm_20.2.7.LTS\lib\</path>
         <kind>archive</kind>
         <file>rtsv7R4_T_le_v3D16_eabi.lib</file>
         <name>copy_decompress_lzss.c.obj</name>
      </input_file>
      <input_file id="fl-4c">
         <path>C:\ti\ccs1230\ccs\tools\compiler\ti-cgt-arm_20.2.7.LTS\lib\</path>
         <kind>archive</kind>
         <file>rtsv7R4_T_le_v3D16_eabi.lib</file>
         <name>exit.c.obj</name>
      </input_file>
      <input_file id="fl-4d">
         <path>C:\ti\ccs1230\ccs\tools\compiler\ti-cgt-arm_20.2.7.LTS\lib\</path>
         <kind>archive</kind>
         <file>rtsv7R4_T_le_v3D16_eabi.lib</file>
         <name>_lock.c.obj</name>
      </input_file>
      <input_file id="fl-4e">
         <path>C:\ti\ccs1230\ccs\tools\compiler\ti-cgt-arm_20.2.7.LTS\lib\</path>
         <kind>archive</kind>
         <file>rtsv7R4_T_le_v3D16_eabi.lib</file>
         <name>_ltoa.c.obj</name>
      </input_file>
      <input_file id="fl-4f">
         <path>C:\ti\ccs1230\ccs\tools\compiler\ti-cgt-arm_20.2.7.LTS\lib\</path>
         <kind>archive</kind>
         <file>rtsv7R4_T_le_v3D16_eabi.lib</file>
         <name>asctime.c.obj</name>
      </input_file>
      <input_file id="fl-50">
         <path>C:\ti\ccs1230\ccs\tools\compiler\ti-cgt-arm_20.2.7.LTS\lib\</path>
         <kind>archive</kind>
         <file>rtsv7R4_T_le_v3D16_eabi.lib</file>
         <name>atof.c.obj</name>
      </input_file>
      <input_file id="fl-51">
         <path>C:\ti\ccs1230\ccs\tools\compiler\ti-cgt-arm_20.2.7.LTS\lib\</path>
         <kind>archive</kind>
         <file>rtsv7R4_T_le_v3D16_eabi.lib</file>
         <name>atoi.c.obj</name>
      </input_file>
      <input_file id="fl-52">
         <path>C:\ti\ccs1230\ccs\tools\compiler\ti-cgt-arm_20.2.7.LTS\lib\</path>
         <kind>archive</kind>
         <file>rtsv7R4_T_le_v3D16_eabi.lib</file>
         <name>atoll.c.obj</name>
      </input_file>
      <input_file id="fl-53">
         <path>C:\ti\ccs1230\ccs\tools\compiler\ti-cgt-arm_20.2.7.LTS\lib\</path>
         <kind>archive</kind>
         <file>rtsv7R4_T_le_v3D16_eabi.lib</file>
         <name>ctype.c.obj</name>
      </input_file>
      <input_file id="fl-54">
         <path>C:\ti\ccs1230\ccs\tools\compiler\ti-cgt-arm_20.2.7.LTS\lib\</path>
         <kind>archive</kind>
         <file>rtsv7R4_T_le_v3D16_eabi.lib</file>
         <name>defs.c.obj</name>
      </input_file>
      <input_file id="fl-55">
         <path>C:\ti\ccs1230\ccs\tools\compiler\ti-cgt-arm_20.2.7.LTS\lib\</path>
         <kind>archive</kind>
         <file>rtsv7R4_T_le_v3D16_eabi.lib</file>
         <name>localtim.c.obj</name>
      </input_file>
      <input_file id="fl-56">
         <path>C:\ti\ccs1230\ccs\tools\compiler\ti-cgt-arm_20.2.7.LTS\lib\</path>
         <kind>archive</kind>
         <file>rtsv7R4_T_le_v3D16_eabi.lib</file>
         <name>memccpy.c.obj</name>
      </input_file>
      <input_file id="fl-57">
         <path>C:\ti\ccs1230\ccs\tools\compiler\ti-cgt-arm_20.2.7.LTS\lib\</path>
         <kind>archive</kind>
         <file>rtsv7R4_T_le_v3D16_eabi.lib</file>
         <name>memchr.c.obj</name>
      </input_file>
      <input_file id="fl-58">
         <path>C:\ti\ccs1230\ccs\tools\compiler\ti-cgt-arm_20.2.7.LTS\lib\</path>
         <kind>archive</kind>
         <file>rtsv7R4_T_le_v3D16_eabi.lib</file>
         <name>memory.c.obj</name>
      </input_file>
      <input_file id="fl-59">
         <path>C:\ti\ccs1230\ccs\tools\compiler\ti-cgt-arm_20.2.7.LTS\lib\</path>
         <kind>archive</kind>
         <file>rtsv7R4_T_le_v3D16_eabi.lib</file>
         <name>mktime.c.obj</name>
      </input_file>
      <input_file id="fl-5a">
         <path>C:\ti\ccs1230\ccs\tools\compiler\ti-cgt-arm_20.2.7.LTS\lib\</path>
         <kind>archive</kind>
         <file>rtsv7R4_T_le_v3D16_eabi.lib</file>
         <name>strcat.c.obj</name>
      </input_file>
      <input_file id="fl-5b">
         <path>C:\ti\ccs1230\ccs\tools\compiler\ti-cgt-arm_20.2.7.LTS\lib\</path>
         <kind>archive</kind>
         <file>rtsv7R4_T_le_v3D16_eabi.lib</file>
         <name>strchr.c.obj</name>
      </input_file>
      <input_file id="fl-5c">
         <path>C:\ti\ccs1230\ccs\tools\compiler\ti-cgt-arm_20.2.7.LTS\lib\</path>
         <kind>archive</kind>
         <file>rtsv7R4_T_le_v3D16_eabi.lib</file>
         <name>strcmp.c.obj</name>
      </input_file>
      <input_file id="fl-5d">
         <path>C:\ti\ccs1230\ccs\tools\compiler\ti-cgt-arm_20.2.7.LTS\lib\</path>
         <kind>archive</kind>
         <file>rtsv7R4_T_le_v3D16_eabi.lib</file>
         <name>strcpy.c.obj</name>
      </input_file>
      <input_file id="fl-5e">
         <path>C:\ti\ccs1230\ccs\tools\compiler\ti-cgt-arm_20.2.7.LTS\lib\</path>
         <kind>archive</kind>
         <file>rtsv7R4_T_le_v3D16_eabi.lib</file>
         <name>strlen.c.obj</name>
      </input_file>
      <input_file id="fl-5f">
         <path>C:\ti\ccs1230\ccs\tools\compiler\ti-cgt-arm_20.2.7.LTS\lib\</path>
         <kind>archive</kind>
         <file>rtsv7R4_T_le_v3D16_eabi.lib</file>
         <name>strtod.c.obj</name>
      </input_file>
      <input_file id="fl-60">
         <path>C:\ti\ccs1230\ccs\tools\compiler\ti-cgt-arm_20.2.7.LTS\lib\</path>
         <kind>archive</kind>
         <file>rtsv7R4_T_le_v3D16_eabi.lib</file>
         <name>strtok.c.obj</name>
      </input_file>
      <input_file id="fl-61">
         <path>C:\ti\ccs1230\ccs\tools\compiler\ti-cgt-arm_20.2.7.LTS\lib\</path>
         <kind>archive</kind>
         <file>rtsv7R4_T_le_v3D16_eabi.lib</file>
         <name>tmzone.c.obj</name>
      </input_file>
      <input_file id="fl-62">
         <path>C:\ti\ccs1230\ccs\tools\compiler\ti-cgt-arm_20.2.7.LTS\lib\</path>
         <kind>archive</kind>
         <file>rtsv7R4_T_le_v3D16_eabi.lib</file>
         <name>write.c.obj</name>
      </input_file>
      <input_file id="fl-63">
         <path>C:\ti\ccs1230\ccs\tools\compiler\ti-cgt-arm_20.2.7.LTS\lib\</path>
         <kind>archive</kind>
         <file>rtsv7R4_T_le_v3D16_eabi.lib</file>
         <name>host_device.c.obj</name>
      </input_file>
      <input_file id="fl-64">
         <path>C:\ti\ccs1230\ccs\tools\compiler\ti-cgt-arm_20.2.7.LTS\lib\</path>
         <kind>archive</kind>
         <file>rtsv7R4_T_le_v3D16_eabi.lib</file>
         <name>time.c.obj</name>
      </input_file>
      <input_file id="fl-65">
         <path>C:\ti\ccs1230\ccs\tools\compiler\ti-cgt-arm_20.2.7.LTS\lib\</path>
         <kind>archive</kind>
         <file>rtsv7R4_T_le_v3D16_eabi.lib</file>
         <name>remove.c.obj</name>
      </input_file>
      <input_file id="fl-66">
         <path>C:\ti\ccs1230\ccs\tools\compiler\ti-cgt-arm_20.2.7.LTS\lib\</path>
         <kind>archive</kind>
         <file>rtsv7R4_T_le_v3D16_eabi.lib</file>
         <name>open.c.obj</name>
      </input_file>
      <input_file id="fl-67">
         <path>C:\ti\ccs1230\ccs\tools\compiler\ti-cgt-arm_20.2.7.LTS\lib\</path>
         <kind>archive</kind>
         <file>rtsv7R4_T_le_v3D16_eabi.lib</file>
         <name>close.c.obj</name>
      </input_file>
      <input_file id="fl-68">
         <path>C:\ti\ccs1230\ccs\tools\compiler\ti-cgt-arm_20.2.7.LTS\lib\</path>
         <kind>archive</kind>
         <file>rtsv7R4_T_le_v3D16_eabi.lib</file>
         <name>clock.c.obj</name>
      </input_file>
      <input_file id="fl-69">
         <path>C:\ti\ccs1230\ccs\tools\compiler\ti-cgt-arm_20.2.7.LTS\lib\</path>
         <kind>archive</kind>
         <file>rtsv7R4_T_le_v3D16_eabi.lib</file>
         <name>errno.c.obj</name>
      </input_file>
      <input_file id="fl-6a">
         <path>C:\ti\ccs1230\ccs\tools\compiler\ti-cgt-arm_20.2.7.LTS\lib\</path>
         <kind>archive</kind>
         <file>rtsv7R4_T_le_v3D16_eabi.lib</file>
         <name>wcslen.c.obj</name>
      </input_file>
      <input_file id="fl-6b">
         <path>C:\ti\ccs1230\ccs\tools\compiler\ti-cgt-arm_20.2.7.LTS\lib\</path>
         <kind>archive</kind>
         <file>rtsv7R4_T_le_v3D16_eabi.lib</file>
         <name>s_frexp.c.obj</name>
      </input_file>
      <input_file id="fl-6c">
         <path>C:\ti\ccs1230\ccs\tools\compiler\ti-cgt-arm_20.2.7.LTS\lib\</path>
         <kind>archive</kind>
         <file>rtsv7R4_T_le_v3D16_eabi.lib</file>
         <name>s_scalbn.c.obj</name>
      </input_file>
      <input_file id="fl-6d">
         <path>C:\ti\ccs1230\ccs\tools\compiler\ti-cgt-arm_20.2.7.LTS\lib\</path>
         <kind>archive</kind>
         <file>rtsv7R4_T_le_v3D16_eabi.lib</file>
         <name>snprintf.c.obj</name>
      </input_file>
      <input_file id="fl-6e">
         <path>C:\ti\ccs1230\ccs\tools\compiler\ti-cgt-arm_20.2.7.LTS\lib\</path>
         <kind>archive</kind>
         <file>rtsv7R4_T_le_v3D16_eabi.lib</file>
         <name>_scanfi.c.obj</name>
      </input_file>
      <input_file id="fl-6f">
         <path>C:\ti\ccs1230\ccs\tools\compiler\ti-cgt-arm_20.2.7.LTS\lib\</path>
         <kind>archive</kind>
         <file>rtsv7R4_T_le_v3D16_eabi.lib</file>
         <name>fseek.c.obj</name>
      </input_file>
      <input_file id="fl-70">
         <path>C:\ti\ccs1230\ccs\tools\compiler\ti-cgt-arm_20.2.7.LTS\lib\</path>
         <kind>archive</kind>
         <file>rtsv7R4_T_le_v3D16_eabi.lib</file>
         <name>getdevice.c.obj</name>
      </input_file>
      <input_file id="fl-71">
         <path>C:\ti\ccs1230\ccs\tools\compiler\ti-cgt-arm_20.2.7.LTS\lib\</path>
         <kind>archive</kind>
         <file>rtsv7R4_T_le_v3D16_eabi.lib</file>
         <name>div0.asm.obj</name>
      </input_file>
      <input_file id="fl-72">
         <path>C:\ti\ccs1230\ccs\tools\compiler\ti-cgt-arm_20.2.7.LTS\lib\</path>
         <kind>archive</kind>
         <file>rtsv7R4_T_le_v3D16_eabi.lib</file>
         <name>ll_div32.asm.obj</name>
      </input_file>
      <input_file id="fl-73">
         <path>C:\ti\ccs1230\ccs\tools\compiler\ti-cgt-arm_20.2.7.LTS\lib\</path>
         <kind>archive</kind>
         <file>rtsv7R4_T_le_v3D16_eabi.lib</file>
         <name>strcspn.c.obj</name>
      </input_file>
      <input_file id="fl-74">
         <path>C:\ti\ccs1230\ccs\tools\compiler\ti-cgt-arm_20.2.7.LTS\lib\</path>
         <kind>archive</kind>
         <file>rtsv7R4_T_le_v3D16_eabi.lib</file>
         <name>strncpy.c.obj</name>
      </input_file>
      <input_file id="fl-75">
         <path>C:\ti\ccs1230\ccs\tools\compiler\ti-cgt-arm_20.2.7.LTS\lib\</path>
         <kind>archive</kind>
         <file>rtsv7R4_T_le_v3D16_eabi.lib</file>
         <name>strrchr.c.obj</name>
      </input_file>
      <input_file id="fl-76">
         <path>C:\ti\ccs1230\ccs\tools\compiler\ti-cgt-arm_20.2.7.LTS\lib\</path>
         <kind>archive</kind>
         <file>rtsv7R4_T_le_v3D16_eabi.lib</file>
         <name>strspn.c.obj</name>
      </input_file>
      <input_file id="fl-77">
         <path>C:\ti\ccs1230\ccs\tools\compiler\ti-cgt-arm_20.2.7.LTS\lib\</path>
         <kind>archive</kind>
         <file>rtsv7R4_T_le_v3D16_eabi.lib</file>
         <name>strtol.c.obj</name>
      </input_file>
      <input_file id="fl-78">
         <path>C:\ti\ccs1230\ccs\tools\compiler\ti-cgt-arm_20.2.7.LTS\lib\</path>
         <kind>archive</kind>
         <file>rtsv7R4_T_le_v3D16_eabi.lib</file>
         <name>strtoll.c.obj</name>
      </input_file>
      <input_file id="fl-79">
         <path>C:\ti\ccs1230\ccs\tools\compiler\ti-cgt-arm_20.2.7.LTS\lib\</path>
         <kind>archive</kind>
         <file>rtsv7R4_T_le_v3D16_eabi.lib</file>
         <name>strtoul.c.obj</name>
      </input_file>
      <input_file id="fl-7a">
         <path>C:\ti\ccs1230\ccs\tools\compiler\ti-cgt-arm_20.2.7.LTS\lib\</path>
         <kind>archive</kind>
         <file>rtsv7R4_T_le_v3D16_eabi.lib</file>
         <name>strtoull.c.obj</name>
      </input_file>
      <input_file id="fl-7b">
         <path>C:\ti\ccs1230\ccs\tools\compiler\ti-cgt-arm_20.2.7.LTS\lib\</path>
         <kind>archive</kind>
         <file>rtsv7R4_T_le_v3D16_eabi.lib</file>
         <name>unlink.c.obj</name>
      </input_file>
      <input_file id="fl-7c">
         <path>C:\ti\ccs1230\ccs\tools\compiler\ti-cgt-arm_20.2.7.LTS\lib\</path>
         <kind>archive</kind>
         <file>rtsv7R4_T_le_v3D16_eabi.lib</file>
         <name>hostclock.c.obj</name>
      </input_file>
      <input_file id="fl-7d">
         <path>C:\ti\ccs1230\ccs\tools\compiler\ti-cgt-arm_20.2.7.LTS\lib\</path>
         <kind>archive</kind>
         <file>rtsv7R4_T_le_v3D16_eabi.lib</file>
         <name>hostclose.c.obj</name>
      </input_file>
      <input_file id="fl-7e">
         <path>C:\ti\ccs1230\ccs\tools\compiler\ti-cgt-arm_20.2.7.LTS\lib\</path>
         <kind>archive</kind>
         <file>rtsv7R4_T_le_v3D16_eabi.lib</file>
         <name>hostlseek.c.obj</name>
      </input_file>
      <input_file id="fl-7f">
         <path>C:\ti\ccs1230\ccs\tools\compiler\ti-cgt-arm_20.2.7.LTS\lib\</path>
         <kind>archive</kind>
         <file>rtsv7R4_T_le_v3D16_eabi.lib</file>
         <name>hostopen.c.obj</name>
      </input_file>
      <input_file id="fl-80">
         <path>C:\ti\ccs1230\ccs\tools\compiler\ti-cgt-arm_20.2.7.LTS\lib\</path>
         <kind>archive</kind>
         <file>rtsv7R4_T_le_v3D16_eabi.lib</file>
         <name>hostread.c.obj</name>
      </input_file>
      <input_file id="fl-81">
         <path>C:\ti\ccs1230\ccs\tools\compiler\ti-cgt-arm_20.2.7.LTS\lib\</path>
         <kind>archive</kind>
         <file>rtsv7R4_T_le_v3D16_eabi.lib</file>
         <name>hostrename.c.obj</name>
      </input_file>
      <input_file id="fl-82">
         <path>C:\ti\ccs1230\ccs\tools\compiler\ti-cgt-arm_20.2.7.LTS\lib\</path>
         <kind>archive</kind>
         <file>rtsv7R4_T_le_v3D16_eabi.lib</file>
         <name>hosttime.c.obj</name>
      </input_file>
      <input_file id="fl-83">
         <path>C:\ti\ccs1230\ccs\tools\compiler\ti-cgt-arm_20.2.7.LTS\lib\</path>
         <kind>archive</kind>
         <file>rtsv7R4_T_le_v3D16_eabi.lib</file>
         <name>hostunlink.c.obj</name>
      </input_file>
      <input_file id="fl-84">
         <path>C:\ti\ccs1230\ccs\tools\compiler\ti-cgt-arm_20.2.7.LTS\lib\</path>
         <kind>archive</kind>
         <file>rtsv7R4_T_le_v3D16_eabi.lib</file>
         <name>hostwrite.c.obj</name>
      </input_file>
      <input_file id="fl-85">
         <path>C:\ti\ccs1230\ccs\tools\compiler\ti-cgt-arm_20.2.7.LTS\lib\</path>
         <kind>archive</kind>
         <file>rtsv7R4_T_le_v3D16_eabi.lib</file>
         <name>trgmsg.c.obj</name>
      </input_file>
      <input_file id="fl-86">
         <path>C:\ti\ccs1230\ccs\tools\compiler\ti-cgt-arm_20.2.7.LTS\lib\</path>
         <kind>archive</kind>
         <file>rtsv7R4_T_le_v3D16_eabi.lib</file>
         <name>lseek.c.obj</name>
      </input_file>
      <input_file id="fl-87">
         <path>C:\ti\ccs1230\ccs\tools\compiler\ti-cgt-arm_20.2.7.LTS\lib\</path>
         <kind>archive</kind>
         <file>rtsv7R4_T_le_v3D16_eabi.lib</file>
         <name>s_copysign.c.obj</name>
      </input_file>
      <input_file id="fl-88">
         <path>C:\ti\ccs1230\ccs\tools\compiler\ti-cgt-arm_20.2.7.LTS\lib\</path>
         <kind>archive</kind>
         <file>rtsv7R4_T_le_v3D16_eabi.lib</file>
         <name>ll_mul_t2.asm.obj</name>
      </input_file>
   </input_file_list>
   <object_component_list>
      <object_component id="oc-37">
         <name>.intvecs</name>
         <load_address>0x0</load_address>
         <run_address>0x0</run_address>
         <size>0x20</size>
         <input_file_ref idref="fl-24"/>
      </object_component>
      <object_component id="oc-8b">
         <name>.text</name>
         <load_address>0x20</load_address>
         <run_address>0x20</run_address>
         <size>0x2cdc</size>
         <input_file_ref idref="fl-2b"/>
      </object_component>
      <object_component id="oc-151">
         <name>.text</name>
         <load_address>0x2cfc</load_address>
         <run_address>0x2cfc</run_address>
         <size>0x1b90</size>
         <input_file_ref idref="fl-1c"/>
      </object_component>
      <object_component id="oc-85">
         <name>.text</name>
         <load_address>0x488c</load_address>
         <run_address>0x488c</run_address>
         <size>0xb64</size>
         <input_file_ref idref="fl-2e"/>
      </object_component>
      <object_component id="oc-43f">
         <name>.text:__TI_scanfi</name>
         <load_address>0x53f0</load_address>
         <run_address>0x53f0</run_address>
         <size>0xb2c</size>
         <input_file_ref idref="fl-6e"/>
      </object_component>
      <object_component id="oc-43">
         <name>.text</name>
         <load_address>0x5f1c</load_address>
         <run_address>0x5f1c</run_address>
         <size>0xa58</size>
         <input_file_ref idref="fl-2d"/>
      </object_component>
      <object_component id="oc-32c">
         <name>.text:__TI_printfi</name>
         <load_address>0x6974</load_address>
         <run_address>0x6974</run_address>
         <size>0xa46</size>
         <input_file_ref idref="fl-36"/>
      </object_component>
      <object_component id="oc-559">
         <name>.text:_nop</name>
         <load_address>0x73ba</load_address>
         <run_address>0x73ba</run_address>
         <size>0x2</size>
         <input_file_ref idref="fl-4d"/>
      </object_component>
      <object_component id="oc-2a0">
         <name>.text</name>
         <load_address>0x73bc</load_address>
         <run_address>0x73bc</run_address>
         <size>0xa34</size>
         <input_file_ref idref="fl-1d"/>
      </object_component>
      <object_component id="oc-139">
         <name>.text</name>
         <load_address>0x7df0</load_address>
         <run_address>0x7df0</run_address>
         <size>0xa2c</size>
         <input_file_ref idref="fl-1a"/>
      </object_component>
      <object_component id="oc-157">
         <name>.text</name>
         <load_address>0x881c</load_address>
         <run_address>0x881c</run_address>
         <size>0x9e4</size>
         <input_file_ref idref="fl-1f"/>
      </object_component>
      <object_component id="oc-14b">
         <name>.text</name>
         <load_address>0x9200</load_address>
         <run_address>0x9200</run_address>
         <size>0x9c8</size>
         <input_file_ref idref="fl-3"/>
      </object_component>
      <object_component id="oc-30f">
         <name>.text</name>
         <load_address>0x9bc8</load_address>
         <run_address>0x9bc8</run_address>
         <size>0x93c</size>
         <input_file_ref idref="fl-9"/>
      </object_component>
      <object_component id="oc-145">
         <name>.text</name>
         <load_address>0xa504</load_address>
         <run_address>0xa504</run_address>
         <size>0x8f8</size>
         <input_file_ref idref="fl-10"/>
      </object_component>
      <object_component id="oc-315">
         <name>.text</name>
         <load_address>0xadfc</load_address>
         <run_address>0xadfc</run_address>
         <size>0x8d8</size>
         <input_file_ref idref="fl-11"/>
      </object_component>
      <object_component id="oc-f3">
         <name>.text</name>
         <load_address>0xb6d4</load_address>
         <run_address>0xb6d4</run_address>
         <size>0x8c0</size>
         <input_file_ref idref="fl-17"/>
      </object_component>
      <object_component id="oc-31">
         <name>.text:retain</name>
         <load_address>0xbf94</load_address>
         <run_address>0xbf94</run_address>
         <size>0x7a8</size>
         <input_file_ref idref="fl-1a"/>
      </object_component>
      <object_component id="oc-98">
         <name>.text</name>
         <load_address>0xc73c</load_address>
         <run_address>0xc73c</run_address>
         <size>0x6e4</size>
         <input_file_ref idref="fl-25"/>
      </object_component>
      <object_component id="oc-325">
         <name>.text</name>
         <load_address>0xce20</load_address>
         <run_address>0xce20</run_address>
         <size>0x6ac</size>
         <input_file_ref idref="fl-20"/>
      </object_component>
      <object_component id="oc-79">
         <name>.text</name>
         <load_address>0xd4cc</load_address>
         <run_address>0xd4cc</run_address>
         <size>0x664</size>
         <input_file_ref idref="fl-c"/>
      </object_component>
      <object_component id="oc-91">
         <name>.text</name>
         <load_address>0xdb30</load_address>
         <run_address>0xdb30</run_address>
         <size>0x5bc</size>
         <input_file_ref idref="fl-d"/>
      </object_component>
      <object_component id="oc-13f">
         <name>.text</name>
         <load_address>0xe0ec</load_address>
         <run_address>0xe0ec</run_address>
         <size>0x484</size>
         <input_file_ref idref="fl-f"/>
      </object_component>
      <object_component id="oc-426">
         <name>.text:strtod</name>
         <load_address>0xe570</load_address>
         <run_address>0xe570</run_address>
         <size>0x3e8</size>
         <input_file_ref idref="fl-5f"/>
      </object_component>
      <object_component id="oc-74">
         <name>.text</name>
         <load_address>0xe958</load_address>
         <run_address>0xe958</run_address>
         <size>0x34c</size>
         <input_file_ref idref="fl-22"/>
      </object_component>
      <object_component id="oc-42">
         <name>.text:retain</name>
         <load_address>0xeca4</load_address>
         <run_address>0xeca4</run_address>
         <size>0x2cc</size>
         <input_file_ref idref="fl-2d"/>
      </object_component>
      <object_component id="oc-6c4">
         <name>.text</name>
         <load_address>0xef70</load_address>
         <run_address>0xef70</run_address>
         <size>0x2b4</size>
         <input_file_ref idref="fl-46"/>
      </object_component>
      <object_component id="oc-494">
         <name>.text:__mktime32</name>
         <load_address>0xf224</load_address>
         <run_address>0xf224</run_address>
         <size>0x29c</size>
         <input_file_ref idref="fl-59"/>
      </object_component>
      <object_component id="oc-1c">
         <name>.text:retain</name>
         <load_address>0xf4c0</load_address>
         <run_address>0xf4c0</run_address>
         <size>0x288</size>
         <input_file_ref idref="fl-2c"/>
      </object_component>
      <object_component id="oc-535">
         <name>.text:_pconv_a</name>
         <load_address>0xf748</load_address>
         <run_address>0xf748</run_address>
         <size>0x248</size>
         <input_file_ref idref="fl-36"/>
      </object_component>
      <object_component id="oc-a0">
         <name>.text</name>
         <load_address>0xf990</load_address>
         <run_address>0xf990</run_address>
         <size>0x228</size>
         <input_file_ref idref="fl-15"/>
      </object_component>
      <object_component id="oc-5f2">
         <name>.text:strtoll</name>
         <load_address>0xfbb8</load_address>
         <run_address>0xfbb8</run_address>
         <size>0x1e4</size>
         <input_file_ref idref="fl-78"/>
      </object_component>
      <object_component id="oc-523">
         <name>.text:_pconv_g</name>
         <load_address>0xfd9c</load_address>
         <run_address>0xfd9c</run_address>
         <size>0x1a0</size>
         <input_file_ref idref="fl-36"/>
      </object_component>
      <object_component id="oc-5e6">
         <name>.text:strtoull</name>
         <load_address>0xff3c</load_address>
         <run_address>0xff3c</run_address>
         <size>0x164</size>
         <input_file_ref idref="fl-7a"/>
      </object_component>
      <object_component id="oc-2de">
         <name>.text:__localtime32</name>
         <load_address>0x100a0</load_address>
         <run_address>0x100a0</run_address>
         <size>0x134</size>
         <input_file_ref idref="fl-55"/>
      </object_component>
      <object_component id="oc-5ec">
         <name>.text:strtol</name>
         <load_address>0x101d4</load_address>
         <run_address>0x101d4</run_address>
         <size>0x130</size>
         <input_file_ref idref="fl-77"/>
      </object_component>
      <object_component id="oc-567">
         <name>.text:fputs</name>
         <load_address>0x10304</load_address>
         <run_address>0x10304</run_address>
         <size>0x118</size>
         <input_file_ref idref="fl-3e"/>
      </object_component>
      <object_component id="oc-4b6">
         <name>.text:_openfile</name>
         <load_address>0x1041c</load_address>
         <run_address>0x1041c</run_address>
         <size>0x114</size>
         <input_file_ref idref="fl-3c"/>
      </object_component>
      <object_component id="oc-22">
         <name>.text:retain</name>
         <load_address>0x10530</load_address>
         <run_address>0x10530</run_address>
         <size>0x114</size>
         <input_file_ref idref="fl-d"/>
      </object_component>
      <object_component id="oc-5e0">
         <name>.text:strtoul</name>
         <load_address>0x10644</load_address>
         <run_address>0x10644</run_address>
         <size>0x110</size>
         <input_file_ref idref="fl-79"/>
      </object_component>
      <object_component id="oc-52f">
         <name>.text:_pconv_e</name>
         <load_address>0x10754</load_address>
         <run_address>0x10754</run_address>
         <size>0x104</size>
         <input_file_ref idref="fl-36"/>
      </object_component>
      <object_component id="oc-480">
         <name>.text:aligned_alloc</name>
         <load_address>0x10858</load_address>
         <run_address>0x10858</run_address>
         <size>0x100</size>
         <input_file_ref idref="fl-58"/>
      </object_component>
      <object_component id="oc-6dd">
         <name>.text:fcvt</name>
         <load_address>0x10958</load_address>
         <run_address>0x10958</run_address>
         <size>0xfc</size>
         <input_file_ref idref="fl-36"/>
      </object_component>
      <object_component id="oc-5c6">
         <name>.text:scalbn</name>
         <load_address>0x10a54</load_address>
         <run_address>0x10a54</run_address>
         <size>0xf0</size>
         <input_file_ref idref="fl-6c"/>
      </object_component>
      <object_component id="oc-b4">
         <name>.text</name>
         <load_address>0x10b44</load_address>
         <run_address>0x10b44</run_address>
         <size>0xe8</size>
         <input_file_ref idref="fl-7"/>
      </object_component>
      <object_component id="oc-2fc">
         <name>.text:free</name>
         <load_address>0x10c2c</load_address>
         <run_address>0x10c2c</run_address>
         <size>0xe4</size>
         <input_file_ref idref="fl-58"/>
      </object_component>
      <object_component id="oc-23e">
         <name>.text:floor</name>
         <load_address>0x10d10</load_address>
         <run_address>0x10d10</run_address>
         <size>0xe0</size>
         <input_file_ref idref="fl-33"/>
      </object_component>
      <object_component id="oc-fb">
         <name>.text</name>
         <load_address>0x10df0</load_address>
         <run_address>0x10df0</run_address>
         <size>0xe0</size>
         <input_file_ref idref="fl-2a"/>
      </object_component>
      <object_component id="oc-698">
         <name>.text:setvbuf</name>
         <load_address>0x10ed0</load_address>
         <run_address>0x10ed0</run_address>
         <size>0xdc</size>
         <input_file_ref idref="fl-41"/>
      </object_component>
      <object_component id="oc-66b">
         <name>.text:open</name>
         <load_address>0x10fac</load_address>
         <run_address>0x10fac</run_address>
         <size>0xbc</size>
         <input_file_ref idref="fl-66"/>
      </object_component>
      <object_component id="oc-51d">
         <name>.text:_ltostr</name>
         <load_address>0x11068</load_address>
         <run_address>0x11068</run_address>
         <size>0xad</size>
         <input_file_ref idref="fl-36"/>
      </object_component>
      <object_component id="oc-3f0">
         <name>.text</name>
         <load_address>0x11116</load_address>
         <run_address>0x11116</run_address>
         <size>0x2</size>
         <input_file_ref idref="fl-71"/>
      </object_component>
      <object_component id="oc-2ea">
         <name>.text:fopen</name>
         <load_address>0x11118</load_address>
         <run_address>0x11118</run_address>
         <size>0xa0</size>
         <input_file_ref idref="fl-3c"/>
      </object_component>
      <object_component id="oc-4ff">
         <name>.text:__TI_buff_read</name>
         <load_address>0x111b8</load_address>
         <run_address>0x111b8</run_address>
         <size>0x9c</size>
         <input_file_ref idref="fl-3f"/>
      </object_component>
      <object_component id="oc-5c">
         <name>.text</name>
         <load_address>0x11254</load_address>
         <run_address>0x11254</run_address>
         <size>0x9c</size>
         <input_file_ref idref="fl-43"/>
      </object_component>
      <object_component id="oc-631">
         <name>.text</name>
         <load_address>0x112f0</load_address>
         <run_address>0x112f0</run_address>
         <size>0x98</size>
         <input_file_ref idref="fl-72"/>
      </object_component>
      <object_component id="oc-277">
         <name>.text:atoll</name>
         <load_address>0x11388</load_address>
         <run_address>0x11388</run_address>
         <size>0x94</size>
         <input_file_ref idref="fl-52"/>
      </object_component>
      <object_component id="oc-303">
         <name>.text:fputc</name>
         <load_address>0x1141c</load_address>
         <run_address>0x1141c</run_address>
         <size>0x90</size>
         <input_file_ref idref="fl-3d"/>
      </object_component>
      <object_component id="oc-309">
         <name>.text:fgetc</name>
         <load_address>0x114ac</load_address>
         <run_address>0x114ac</run_address>
         <size>0x84</size>
         <input_file_ref idref="fl-3b"/>
      </object_component>
      <object_component id="oc-6d6">
         <name>.text:_mcpy</name>
         <load_address>0x11530</load_address>
         <run_address>0x11530</run_address>
         <size>0x7a</size>
         <input_file_ref idref="fl-36"/>
      </object_component>
      <object_component id="oc-e5">
         <name>.text</name>
         <load_address>0x115aa</load_address>
         <run_address>0x115aa</run_address>
         <size>0x7a</size>
         <input_file_ref idref="fl-44"/>
      </object_component>
      <object_component id="oc-4d0">
         <name>.text:__TI_closefile</name>
         <load_address>0x11624</load_address>
         <run_address>0x11624</run_address>
         <size>0x74</size>
         <input_file_ref idref="fl-39"/>
      </object_component>
      <object_component id="oc-6eb">
         <name>.text:frexp</name>
         <load_address>0x11698</load_address>
         <run_address>0x11698</run_address>
         <size>0x74</size>
         <input_file_ref idref="fl-6b"/>
      </object_component>
      <object_component id="oc-61a">
         <name>.text:split</name>
         <load_address>0x1170c</load_address>
         <run_address>0x1170c</run_address>
         <size>0x74</size>
         <input_file_ref idref="fl-58"/>
      </object_component>
      <object_component id="oc-812">
         <name>.text:HOSTrename</name>
         <load_address>0x11780</load_address>
         <run_address>0x11780</run_address>
         <size>0x6c</size>
         <input_file_ref idref="fl-81"/>
      </object_component>
      <object_component id="oc-2e4">
         <name>.text:asctime</name>
         <load_address>0x117ec</load_address>
         <run_address>0x117ec</run_address>
         <size>0x6c</size>
         <input_file_ref idref="fl-4f"/>
      </object_component>
      <object_component id="oc-f">
         <name>.text:decompress:lzss:__TI_decompress_lzss</name>
         <load_address>0x11858</load_address>
         <run_address>0x11858</run_address>
         <size>0x6c</size>
         <input_file_ref idref="fl-4b"/>
      </object_component>
      <object_component id="oc-806">
         <name>.text:HOSTlseek</name>
         <load_address>0x118c4</load_address>
         <run_address>0x118c4</run_address>
         <size>0x68</size>
         <input_file_ref idref="fl-7e"/>
      </object_component>
      <object_component id="oc-451">
         <name>.text:_chkmbc</name>
         <load_address>0x1192c</load_address>
         <run_address>0x1192c</run_address>
         <size>0x68</size>
         <input_file_ref idref="fl-38"/>
      </object_component>
      <object_component id="oc-15d">
         <name>.text:printf</name>
         <load_address>0x11994</load_address>
         <run_address>0x11994</run_address>
         <size>0x68</size>
         <input_file_ref idref="fl-34"/>
      </object_component>
      <object_component id="oc-4e5">
         <name>.text:__TI_wrt_ok</name>
         <load_address>0x119fc</load_address>
         <run_address>0x119fc</run_address>
         <size>0x64</size>
         <input_file_ref idref="fl-40"/>
      </object_component>
      <object_component id="oc-2f0">
         <name>.text:fprintf</name>
         <load_address>0x11a60</load_address>
         <run_address>0x11a60</run_address>
         <size>0x64</size>
         <input_file_ref idref="fl-35"/>
      </object_component>
      <object_component id="oc-692">
         <name>.text:fseek</name>
         <load_address>0x11ac4</load_address>
         <run_address>0x11ac4</run_address>
         <size>0x64</size>
         <input_file_ref idref="fl-6f"/>
      </object_component>
      <object_component id="oc-7ee">
         <name>.text:HOSTopen</name>
         <load_address>0x11b28</load_address>
         <run_address>0x11b28</run_address>
         <size>0x5c</size>
         <input_file_ref idref="fl-7f"/>
      </object_component>
      <object_component id="oc-7fa">
         <name>.text:HOSTread</name>
         <load_address>0x11b84</load_address>
         <run_address>0x11b84</run_address>
         <size>0x5c</size>
         <input_file_ref idref="fl-80"/>
      </object_component>
      <object_component id="oc-800">
         <name>.text:HOSTwrite</name>
         <load_address>0x11be0</load_address>
         <run_address>0x11be0</run_address>
         <size>0x58</size>
         <input_file_ref idref="fl-84"/>
      </object_component>
      <object_component id="oc-680">
         <name>.text:close</name>
         <load_address>0x11c38</load_address>
         <run_address>0x11c38</run_address>
         <size>0x58</size>
         <input_file_ref idref="fl-67"/>
      </object_component>
      <object_component id="oc-6ca">
         <name>.text:__TI_ltoa</name>
         <load_address>0x11c90</load_address>
         <run_address>0x11c90</run_address>
         <size>0x54</size>
         <input_file_ref idref="fl-4e"/>
      </object_component>
      <object_component id="oc-6d0">
         <name>.text:_ecpy</name>
         <load_address>0x11ce4</load_address>
         <run_address>0x11ce4</run_address>
         <size>0x52</size>
         <input_file_ref idref="fl-36"/>
      </object_component>
      <object_component id="oc-529">
         <name>.text:_pconv_f</name>
         <load_address>0x11d36</load_address>
         <run_address>0x11d36</run_address>
         <size>0x50</size>
         <input_file_ref idref="fl-36"/>
      </object_component>
      <object_component id="oc-517">
         <name>.text:atoi</name>
         <load_address>0x11d88</load_address>
         <run_address>0x11d88</run_address>
         <size>0x50</size>
         <input_file_ref idref="fl-51"/>
      </object_component>
      <object_component id="oc-247">
         <name>.text</name>
         <load_address>0x11dd8</load_address>
         <run_address>0x11dd8</run_address>
         <size>0x50</size>
         <input_file_ref idref="fl-45"/>
      </object_component>
      <object_component id="oc-4eb">
         <name>.text:__TI_doflush</name>
         <load_address>0x11e28</load_address>
         <run_address>0x11e28</run_address>
         <size>0x4c</size>
         <input_file_ref idref="fl-3a"/>
      </object_component>
      <object_component id="oc-2b">
         <name>.text:retain</name>
         <load_address>0x11e74</load_address>
         <run_address>0x11e74</run_address>
         <size>0x4c</size>
         <input_file_ref idref="fl-19"/>
      </object_component>
      <object_component id="oc-4a7">
         <name>.text:snprintf</name>
         <load_address>0x11ec0</load_address>
         <run_address>0x11ec0</run_address>
         <size>0x4c</size>
         <input_file_ref idref="fl-6d"/>
      </object_component>
      <object_component id="oc-4f9">
         <name>.text:__TI_rd_ok</name>
         <load_address>0x11f0c</load_address>
         <run_address>0x11f0c</run_address>
         <size>0x4a</size>
         <input_file_ref idref="fl-40"/>
      </object_component>
      <object_component id="oc-259">
         <name>.text:HOSTclock</name>
         <load_address>0x11f58</load_address>
         <run_address>0x11f58</run_address>
         <size>0x48</size>
         <input_file_ref idref="fl-7c"/>
      </object_component>
      <object_component id="oc-487">
         <name>.text:HOSTtime</name>
         <load_address>0x11fa0</load_address>
         <run_address>0x11fa0</run_address>
         <size>0x48</size>
         <input_file_ref idref="fl-82"/>
      </object_component>
      <object_component id="oc-27d">
         <name>.text</name>
         <load_address>0x11fe8</load_address>
         <run_address>0x11fe8</run_address>
         <size>0x48</size>
         <input_file_ref idref="fl-42"/>
      </object_component>
      <object_component id="oc-7f4">
         <name>.text:HOSTclose</name>
         <load_address>0x12030</load_address>
         <run_address>0x12030</run_address>
         <size>0x44</size>
         <input_file_ref idref="fl-7d"/>
      </object_component>
      <object_component id="oc-80c">
         <name>.text:HOSTunlink</name>
         <load_address>0x12074</load_address>
         <run_address>0x12074</run_address>
         <size>0x44</size>
         <input_file_ref idref="fl-83"/>
      </object_component>
      <object_component id="oc-109">
         <name>.text:__TI_auto_init_nobinit_nopinit:__TI_auto_init_nobinit_nopinit</name>
         <load_address>0x120b8</load_address>
         <run_address>0x120b8</run_address>
         <size>0x44</size>
         <input_file_ref idref="fl-47"/>
      </object_component>
      <object_component id="oc-189">
         <name>.text:exit</name>
         <load_address>0x120fc</load_address>
         <run_address>0x120fc</run_address>
         <size>0x44</size>
         <input_file_ref idref="fl-4c"/>
      </object_component>
      <object_component id="oc-760">
         <name>.text:getdevice</name>
         <load_address>0x12140</load_address>
         <run_address>0x12140</run_address>
         <size>0x44</size>
         <input_file_ref idref="fl-70"/>
      </object_component>
      <object_component id="oc-6e3">
         <name>.text:_fcpy</name>
         <load_address>0x12184</load_address>
         <run_address>0x12184</run_address>
         <size>0x40</size>
         <input_file_ref idref="fl-36"/>
      </object_component>
      <object_component id="oc-2a6">
         <name>.text:sprintf</name>
         <load_address>0x121c4</load_address>
         <run_address>0x121c4</run_address>
         <size>0x40</size>
         <input_file_ref idref="fl-37"/>
      </object_component>
      <object_component id="oc-25f">
         <name>.text:strtok</name>
         <load_address>0x12204</load_address>
         <run_address>0x12204</run_address>
         <size>0x40</size>
         <input_file_ref idref="fl-60"/>
      </object_component>
      <object_component id="oc-3fc">
         <name>.text:__TI_writemsg</name>
         <load_address>0x12244</load_address>
         <run_address>0x12244</run_address>
         <size>0x3c</size>
         <input_file_ref idref="fl-85"/>
      </object_component>
      <object_component id="oc-29a">
         <name>.text:sscanf</name>
         <load_address>0x12280</load_address>
         <run_address>0x12280</run_address>
         <size>0x38</size>
         <input_file_ref idref="fl-38"/>
      </object_component>
      <object_component id="oc-7cf">
         <name>.text:strncpy</name>
         <load_address>0x122b8</load_address>
         <run_address>0x122b8</run_address>
         <size>0x36</size>
         <input_file_ref idref="fl-74"/>
      </object_component>
      <object_component id="oc-671">
         <name>.text:__TI_cleanup</name>
         <load_address>0x122f0</load_address>
         <run_address>0x122f0</run_address>
         <size>0x34</size>
         <input_file_ref idref="fl-3c"/>
      </object_component>
      <object_component id="oc-402">
         <name>.text:__TI_readmsg</name>
         <load_address>0x12324</load_address>
         <run_address>0x12324</run_address>
         <size>0x34</size>
         <input_file_ref idref="fl-85"/>
      </object_component>
      <object_component id="oc-7d5">
         <name>.text:finddevice</name>
         <load_address>0x12358</load_address>
         <run_address>0x12358</run_address>
         <size>0x34</size>
         <input_file_ref idref="fl-70"/>
      </object_component>
      <object_component id="oc-647">
         <name>.text:_outs</name>
         <load_address>0x1238c</load_address>
         <run_address>0x1238c</run_address>
         <size>0x30</size>
         <input_file_ref idref="fl-6d"/>
      </object_component>
      <object_component id="oc-2f6">
         <name>.text:fclose</name>
         <load_address>0x123bc</load_address>
         <run_address>0x123bc</run_address>
         <size>0x2c</size>
         <input_file_ref idref="fl-39"/>
      </object_component>
      <object_component id="oc-686">
         <name>.text:unlink</name>
         <load_address>0x123e8</load_address>
         <run_address>0x123e8</run_address>
         <size>0x2c</size>
         <input_file_ref idref="fl-7b"/>
      </object_component>
      <object_component id="oc-411">
         <name>.text:strspn</name>
         <load_address>0x12414</load_address>
         <run_address>0x12414</run_address>
         <size>0x2a</size>
         <input_file_ref idref="fl-76"/>
      </object_component>
      <object_component id="oc-4de">
         <name>.text:free_list_insert</name>
         <load_address>0x12440</load_address>
         <run_address>0x12440</run_address>
         <size>0x28</size>
         <input_file_ref idref="fl-58"/>
      </object_component>
      <object_component id="oc-76e">
         <name>.text:lseek</name>
         <load_address>0x12468</load_address>
         <run_address>0x12468</run_address>
         <size>0x28</size>
         <input_file_ref idref="fl-86"/>
      </object_component>
      <object_component id="oc-4f1">
         <name>.text:write</name>
         <load_address>0x12490</load_address>
         <run_address>0x12490</run_address>
         <size>0x28</size>
         <input_file_ref idref="fl-62"/>
      </object_component>
      <object_component id="oc-53b">
         <name>.text:memccpy</name>
         <load_address>0x124b8</load_address>
         <run_address>0x124b8</run_address>
         <size>0x26</size>
         <input_file_ref idref="fl-56"/>
      </object_component>
      <object_component id="oc-417">
         <name>.text:strcspn</name>
         <load_address>0x124de</load_address>
         <run_address>0x124de</run_address>
         <size>0x22</size>
         <input_file_ref idref="fl-73"/>
      </object_component>
      <object_component id="oc-728">
         <name>.text:copysign</name>
         <load_address>0x12500</load_address>
         <run_address>0x12500</run_address>
         <size>0x20</size>
         <input_file_ref idref="fl-87"/>
      </object_component>
      <object_component id="oc-711">
         <name>.text:memchr</name>
         <load_address>0x12520</load_address>
         <run_address>0x12520</run_address>
         <size>0x20</size>
         <input_file_ref idref="fl-57"/>
      </object_component>
      <object_component id="oc-2ac">
         <name>.text:strcat</name>
         <load_address>0x12540</load_address>
         <run_address>0x12540</run_address>
         <size>0x1e</size>
         <input_file_ref idref="fl-5a"/>
      </object_component>
      <object_component id="oc-4d8">
         <name>.text:free_list_remove</name>
         <load_address>0x12560</load_address>
         <run_address>0x12560</run_address>
         <size>0x1c</size>
         <input_file_ref idref="fl-58"/>
      </object_component>
      <object_component id="oc-462">
         <name>.text:_outs</name>
         <load_address>0x1257c</load_address>
         <run_address>0x1257c</run_address>
         <size>0x1a</size>
         <input_file_ref idref="fl-37"/>
      </object_component>
      <object_component id="oc-64d">
         <name>.text:_outc</name>
         <load_address>0x12596</load_address>
         <run_address>0x12596</run_address>
         <size>0x18</size>
         <input_file_ref idref="fl-6d"/>
      </object_component>
      <object_component id="oc-73d">
         <name>.text</name>
         <load_address>0x125ae</load_address>
         <run_address>0x125ae</run_address>
         <size>0x18</size>
         <input_file_ref idref="fl-88"/>
      </object_component>
      <object_component id="oc-265">
         <name>.text:strcmp</name>
         <load_address>0x125c6</load_address>
         <run_address>0x125c6</run_address>
         <size>0x18</size>
         <input_file_ref idref="fl-5c"/>
      </object_component>
      <object_component id="oc-5f8">
         <name>.text:strrchr</name>
         <load_address>0x125de</load_address>
         <run_address>0x125de</run_address>
         <size>0x18</size>
         <input_file_ref idref="fl-75"/>
      </object_component>
      <object_component id="oc-5fe">
         <name>.text:strchr</name>
         <load_address>0x125f6</load_address>
         <run_address>0x125f6</run_address>
         <size>0x16</size>
         <input_file_ref idref="fl-5b"/>
      </object_component>
      <object_component id="oc-511">
         <name>.text:strlen</name>
         <load_address>0x1260c</load_address>
         <run_address>0x1260c</run_address>
         <size>0x16</size>
         <input_file_ref idref="fl-5e"/>
      </object_component>
      <object_component id="oc-26b">
         <name>.text:strcpy</name>
         <load_address>0x12622</load_address>
         <run_address>0x12622</run_address>
         <size>0x14</size>
         <input_file_ref idref="fl-5d"/>
      </object_component>
      <object_component id="oc-445">
         <name>.text:_inpchar</name>
         <load_address>0x12636</load_address>
         <run_address>0x12636</run_address>
         <size>0x12</size>
         <input_file_ref idref="fl-38"/>
      </object_component>
      <object_component id="oc-541">
         <name>.text:wcslen</name>
         <load_address>0x12648</load_address>
         <run_address>0x12648</run_address>
         <size>0x12</size>
         <input_file_ref idref="fl-6a"/>
      </object_component>
      <object_component id="oc-2d8">
         <name>.text:__time32</name>
         <load_address>0x1265a</load_address>
         <run_address>0x1265a</run_address>
         <size>0xe</size>
         <input_file_ref idref="fl-64"/>
      </object_component>
      <object_component id="oc-15">
         <name>.text:decompress:none:__TI_decompress_none</name>
         <load_address>0x12668</load_address>
         <run_address>0x12668</run_address>
         <size>0xe</size>
         <input_file_ref idref="fl-4a"/>
      </object_component>
      <object_component id="oc-6e">
         <name>.text:decompress:ZI:__TI_zero_init</name>
         <load_address>0x12676</load_address>
         <run_address>0x12676</run_address>
         <size>0xc</size>
         <input_file_ref idref="fl-49"/>
      </object_component>
      <object_component id="oc-468">
         <name>.text:_outc</name>
         <load_address>0x12682</load_address>
         <run_address>0x12682</run_address>
         <size>0xa</size>
         <input_file_ref idref="fl-37"/>
      </object_component>
      <object_component id="oc-547">
         <name>.text:__aeabi_errno_addr</name>
         <load_address>0x1268c</load_address>
         <run_address>0x1268c</run_address>
         <size>0x8</size>
         <input_file_ref idref="fl-69"/>
      </object_component>
      <object_component id="oc-44b">
         <name>.text:_uninpchar</name>
         <load_address>0x12694</load_address>
         <run_address>0x12694</run_address>
         <size>0x8</size>
         <input_file_ref idref="fl-38"/>
      </object_component>
      <object_component id="oc-2d2">
         <name>.text:malloc</name>
         <load_address>0x1269c</load_address>
         <run_address>0x1269c</run_address>
         <size>0x8</size>
         <input_file_ref idref="fl-58"/>
      </object_component>
      <object_component id="oc-271">
         <name>.text:atof</name>
         <load_address>0x126a4</load_address>
         <run_address>0x126a4</run_address>
         <size>0x6</size>
         <input_file_ref idref="fl-50"/>
      </object_component>
      <object_component id="oc-4c8">
         <name>.text:_outc</name>
         <load_address>0x126aa</load_address>
         <run_address>0x126aa</run_address>
         <size>0x4</size>
         <input_file_ref idref="fl-35"/>
      </object_component>
      <object_component id="oc-33e">
         <name>.text:_outc</name>
         <load_address>0x126ae</load_address>
         <run_address>0x126ae</run_address>
         <size>0x4</size>
         <input_file_ref idref="fl-34"/>
      </object_component>
      <object_component id="oc-4c2">
         <name>.text:_outs</name>
         <load_address>0x126b2</load_address>
         <run_address>0x126b2</run_address>
         <size>0x4</size>
         <input_file_ref idref="fl-35"/>
      </object_component>
      <object_component id="oc-338">
         <name>.text:_outs</name>
         <load_address>0x126b6</load_address>
         <run_address>0x126b6</run_address>
         <size>0x4</size>
         <input_file_ref idref="fl-34"/>
      </object_component>
      <object_component id="oc-183">
         <name>.text:abort:abort</name>
         <load_address>0x126ba</load_address>
         <run_address>0x126ba</run_address>
         <size>0x4</size>
         <input_file_ref idref="fl-4c"/>
      </object_component>
      <object_component id="oc-3c">
         <name>.text:retain</name>
         <load_address>0x126c0</load_address>
         <run_address>0x126c0</run_address>
         <size>0x4</size>
         <input_file_ref idref="fl-28"/>
      </object_component>
      <object_component id="oc-7f">
         <name>.text</name>
         <load_address>0x126c4</load_address>
         <run_address>0x126c4</run_address>
         <size>0x4</size>
         <input_file_ref idref="fl-2c"/>
      </object_component>
      <object_component id="oc-86f">
         <name>.tramp.__aeabi_idiv0.1</name>
         <load_address>0x126c8</load_address>
         <run_address>0x126c8</run_address>
         <size>0xc</size>
         <input_file_ref idref="fl-71"/>
      </object_component>
      <object_component id="oc-86e">
         <name>.tramp.$.data:read:servo_functions.obj$0x0.1</name>
         <load_address>0x126d4</load_address>
         <run_address>0x126d4</run_address>
         <size>0x8</size>
         <input_file_ref idref="fl-1c"/>
      </object_component>
      <object_component id="oc-24c">
         <name>.const:het1PROGRAM</name>
         <load_address>0x126e0</load_address>
         <run_address>0x126e0</run_address>
         <size>0x3a0</size>
         <input_file_ref idref="fl-10"/>
      </object_component>
      <object_component id="oc-28">
         <name>.const:s_vim_init</name>
         <load_address>0x12a80</load_address>
         <run_address>0x12a80</run_address>
         <size>0x200</size>
         <input_file_ref idref="fl-2d"/>
      </object_component>
      <object_component id="oc-42e">
         <name>.const:.string:_ctypes_</name>
         <load_address>0x12c80</load_address>
         <run_address>0x12c80</run_address>
         <size>0x101</size>
         <input_file_ref idref="fl-53"/>
      </object_component>
      <object_component id="oc-290">
         <name>.const:.string:$P$T1$2</name>
         <load_address>0x12d81</load_address>
         <run_address>0x12d81</run_address>
         <size>0x6</size>
         <input_file_ref idref="fl-3"/>
      </object_component>
      <object_component id="oc-5cc">
         <name>.const:$O1$$</name>
         <load_address>0x12d88</load_address>
         <run_address>0x12d88</run_address>
         <size>0xc8</size>
         <input_file_ref idref="fl-5f"/>
      </object_component>
      <object_component id="oc-636">
         <name>.const:$O1$$</name>
         <load_address>0x12e50</load_address>
         <run_address>0x12e50</run_address>
         <size>0x60</size>
         <input_file_ref idref="fl-59"/>
      </object_component>
      <object_component id="oc-4ad">
         <name>.const:$O1$$</name>
         <load_address>0x12eb0</load_address>
         <run_address>0x12eb0</run_address>
         <size>0x4c</size>
         <input_file_ref idref="fl-4f"/>
      </object_component>
      <object_component id="oc-65f">
         <name>.const:.string</name>
         <load_address>0x12efc</load_address>
         <run_address>0x12efc</run_address>
         <size>0x4c</size>
         <input_file_ref idref="fl-4f"/>
      </object_component>
      <object_component id="oc-24f">
         <name>.const:s_het1pwmPolarity</name>
         <load_address>0x12f48</load_address>
         <run_address>0x12f48</run_address>
         <size>0x20</size>
         <input_file_ref idref="fl-10"/>
      </object_component>
      <object_component id="oc-604">
         <name>.const:$O1$$</name>
         <load_address>0x12f68</load_address>
         <run_address>0x12f68</run_address>
         <size>0x10</size>
         <input_file_ref idref="fl-6e"/>
      </object_component>
      <object_component id="oc-286">
         <name>.const</name>
         <load_address>0x12f78</load_address>
         <run_address>0x12f78</run_address>
         <size>0x4</size>
         <input_file_ref idref="fl-68"/>
      </object_component>
      <object_component id="oc-459">
         <name>.const:.string:$P$T0$1</name>
         <load_address>0x12f7c</load_address>
         <run_address>0x12f7c</run_address>
         <size>0x3</size>
         <input_file_ref idref="fl-1d"/>
      </object_component>
      <object_component id="oc-28d">
         <name>.const:.string:$P$T0$1</name>
         <load_address>0x12f7f</load_address>
         <run_address>0x12f7f</run_address>
         <size>0x2</size>
         <input_file_ref idref="fl-3"/>
      </object_component>
      <object_component id="oc-86b">
         <name>.cinit..data.load</name>
         <load_address>0x12f88</load_address>
         <run_address>0x12f88</run_address>
         <size>0xba</size>
      </object_component>
      <object_component id="oc-868">
         <name>__TI_handler_table</name>
         <load_address>0x13044</load_address>
         <run_address>0x13044</run_address>
         <size>0xc</size>
      </object_component>
      <object_component id="oc-86a">
         <name>.cinit..bss.load</name>
         <load_address>0x13050</load_address>
         <run_address>0x13050</run_address>
         <size>0x8</size>
      </object_component>
      <object_component id="oc-869">
         <name>__TI_cinit_table</name>
         <load_address>0x13058</load_address>
         <run_address>0x13058</run_address>
         <size>0x10</size>
      </object_component>
      <object_component id="oc-509">
         <name>.bss:g_i2cTransfer_t</name>
         <uninitialized>true</uninitialized>
         <run_address>0x80020c4</run_address>
         <size>0xc</size>
         <input_file_ref idref="fl-11"/>
      </object_component>
      <object_component id="oc-b0">
         <name>.bss:g_sciTransfer_t</name>
         <uninitialized>true</uninitialized>
         <run_address>0x8002038</run_address>
         <size>0x28</size>
         <input_file_ref idref="fl-1a"/>
      </object_component>
      <object_component id="oc-31b">
         <name>.bss</name>
         <uninitialized>true</uninitialized>
         <run_address>0x80020d0</run_address>
         <size>0xc</size>
         <input_file_ref idref="fl-1c"/>
      </object_component>
      <object_component id="oc-4b0">
         <name>.bss:time_buf</name>
         <uninitialized>true</uninitialized>
         <run_address>0x8002060</run_address>
         <size>0x1c</size>
         <input_file_ref idref="fl-4f"/>
      </object_component>
      <object_component id="oc-5ad">
         <name>.bss:_CIOBUF_</name>
         <uninitialized>true</uninitialized>
         <run_address>0x8001d00</run_address>
         <size>0x120</size>
         <input_file_ref idref="fl-85"/>
      </object_component>
      <object_component id="oc-170">
         <name>.common:MODE</name>
         <uninitialized>true</uninitialized>
         <run_address>0x800216c</run_address>
         <size>0x1</size>
      </object_component>
      <object_component id="oc-163">
         <name>.common:STATUS</name>
         <uninitialized>true</uninitialized>
         <run_address>0x800216d</run_address>
         <size>0x1</size>
      </object_component>
      <object_component id="oc-2cd">
         <name>.common:currentFlags</name>
         <uninitialized>true</uninitialized>
         <run_address>0x8002150</run_address>
         <size>0x7</size>
      </object_component>
      <object_component id="oc-2ce">
         <name>.common:co2PidGains</name>
         <uninitialized>true</uninitialized>
         <run_address>0x80020dc</run_address>
         <size>0xc</size>
      </object_component>
      <object_component id="oc-2cf">
         <name>.common:newco2PidGains</name>
         <uninitialized>true</uninitialized>
         <run_address>0x8002118</run_address>
         <size>0xc</size>
      </object_component>
      <object_component id="oc-2d0">
         <name>.common:flowPidGains</name>
         <uninitialized>true</uninitialized>
         <run_address>0x80020f4</run_address>
         <size>0xc</size>
      </object_component>
      <object_component id="oc-2d1">
         <name>.common:newflowPidGains</name>
         <uninitialized>true</uninitialized>
         <run_address>0x8002124</run_address>
         <size>0xc</size>
      </object_component>
      <object_component id="oc-31c">
         <name>.common:heaterPidGains</name>
         <uninitialized>true</uninitialized>
         <run_address>0x8002100</run_address>
         <size>0xc</size>
      </object_component>
      <object_component id="oc-302">
         <name>.common:tEGCO2Gains</name>
         <uninitialized>true</uninitialized>
         <run_address>0x8002130</run_address>
         <size>0xc</size>
      </object_component>
      <object_component id="oc-31e">
         <name>.common:Time</name>
         <uninitialized>true</uninitialized>
         <run_address>0x8002144</run_address>
         <size>0x4</size>
      </object_component>
      <object_component id="oc-2b8">
         <name>.common:co2_buffer</name>
         <uninitialized>true</uninitialized>
         <run_address>0x80020e8</run_address>
         <size>0xc</size>
      </object_component>
      <object_component id="oc-2be">
         <name>.common:result_deviceInfo</name>
         <uninitialized>true</uninitialized>
         <run_address>0x80020b0</run_address>
         <size>0x14</size>
      </object_component>
      <object_component id="oc-2c2">
         <name>.common:result_uniqID</name>
         <uninitialized>true</uninitialized>
         <run_address>0x800207c</run_address>
         <size>0x1c</size>
      </object_component>
      <object_component id="oc-2c9">
         <name>.common:result_o2</name>
         <uninitialized>true</uninitialized>
         <run_address>0x8002098</run_address>
         <size>0x18</size>
      </object_component>
      <object_component id="oc-2bc">
         <name>.common:mul_buffer</name>
         <uninitialized>true</uninitialized>
         <run_address>0x800210c</run_address>
         <size>0xc</size>
      </object_component>
      <object_component id="oc-177">
         <name>.common:pCO2</name>
         <uninitialized>true</uninitialized>
         <run_address>0x8002158</run_address>
         <size>0x4</size>
      </object_component>
      <object_component id="oc-2bd">
         <name>.common:o2ReceivedFlag</name>
         <uninitialized>true</uninitialized>
         <run_address>0x8002170</run_address>
         <size>0x1</size>
      </object_component>
      <object_component id="oc-171">
         <name>.common:pwm_pre_error</name>
         <uninitialized>true</uninitialized>
         <run_address>0x8002168</run_address>
         <size>0x4</size>
      </object_component>
      <object_component id="oc-172">
         <name>.common:pwm_integral</name>
         <uninitialized>true</uninitialized>
         <run_address>0x8002160</run_address>
         <size>0x4</size>
      </object_component>
      <object_component id="oc-173">
         <name>.common:pwm_integralUpdated</name>
         <uninitialized>true</uninitialized>
         <run_address>0x8002164</run_address>
         <size>0x4</size>
      </object_component>
      <object_component id="oc-174">
         <name>.common:pwm_saturation</name>
         <uninitialized>true</uninitialized>
         <run_address>0x8002171</run_address>
         <size>0x1</size>
      </object_component>
      <object_component id="oc-175">
         <name>.common:pwm_error</name>
         <uninitialized>true</uninitialized>
         <run_address>0x8002148</run_address>
         <size>0x8</size>
      </object_component>
      <object_component id="oc-176">
         <name>.common:pwm_derivative</name>
         <uninitialized>true</uninitialized>
         <run_address>0x800215c</run_address>
         <size>0x4</size>
      </object_component>
      <object_component id="oc-18f">
         <name>.common:dataReceiveFlag</name>
         <uninitialized>true</uninitialized>
         <run_address>0x800216e</run_address>
         <size>0x1</size>
      </object_component>
      <object_component id="oc-293">
         <name>.common:dest</name>
         <uninitialized>true</uninitialized>
         <run_address>0x8001e20</run_address>
         <size>0x100</size>
      </object_component>
      <object_component id="oc-285">
         <name>.common:inletO2</name>
         <uninitialized>true</uninitialized>
         <run_address>0x8001fc0</run_address>
         <size>0x3c</size>
      </object_component>
      <object_component id="oc-289">
         <name>.common:outletO2</name>
         <uninitialized>true</uninitialized>
         <run_address>0x8001ffc</run_address>
         <size>0x3c</size>
      </object_component>
      <object_component id="oc-31d">
         <name>.common:Data_Display_Disabled</name>
         <uninitialized>true</uninitialized>
         <run_address>0x8002157</run_address>
         <size>0x1</size>
      </object_component>
      <object_component id="oc-192">
         <name>.common:dataReceivedFlag</name>
         <uninitialized>true</uninitialized>
         <run_address>0x800216f</run_address>
         <size>0x1</size>
      </object_component>
      <object_component id="oc-68c">
         <name>.common:__TI_tmpnams</name>
         <uninitialized>true</uninitialized>
         <run_address>0x8001f20</run_address>
         <size>0xa0</size>
      </object_component>
      <object_component id="oc-408">
         <name>.common:parmbuf</name>
         <uninitialized>true</uninitialized>
         <run_address>0x800213c</run_address>
         <size>0x8</size>
      </object_component>
      <object_component id="oc-28a">
         <name>.data:readOxy</name>
         <load_address>0x80023e8</load_address>
         <run_address>0x80023e8</run_address>
         <size>0x8</size>
         <input_file_ref idref="fl-3"/>
      </object_component>
      <object_component id="oc-282">
         <name>.data:readOxyRAW</name>
         <load_address>0x80023bc</load_address>
         <run_address>0x80023bc</run_address>
         <size>0x9</size>
         <input_file_ref idref="fl-3"/>
      </object_component>
      <object_component id="oc-2b5">
         <name>.data:mode</name>
         <load_address>0x80023f8</load_address>
         <run_address>0x80023f8</run_address>
         <size>0x6</size>
         <input_file_ref idref="fl-1c"/>
      </object_component>
[...]
         <name>__TI_doflush</name>
         <value>0x11e29</value>
         <object_component_ref idref="oc-4eb"/>
      </symbol>
      <symbol id="sm-e7d">
         <name>getc</name>
         <value>0x114ad</value>
         <object_component_ref idref="oc-309"/>
      </symbol>
      <symbol id="sm-e7e">
         <name>fgetc</name>
         <value>0x114ad</value>
         <object_component_ref idref="oc-309"/>
      </symbol>
      <symbol id="sm-eca">
         <name>__TI_cleanup</name>
         <value>0x122f1</value>
         <object_component_ref idref="oc-671"/>
      </symbol>
      <symbol id="sm-ecb">
         <name>fopen</name>
         <value>0x11119</value>
         <object_component_ref idref="oc-2ea"/>
      </symbol>
      <symbol id="sm-ee0">
         <name>putc</name>
         <value>0x1141d</value>
         <object_component_ref idref="oc-303"/>
      </symbol>
      <symbol id="sm-ee1">
         <name>fputc</name>
         <value>0x1141d</value>
         <object_component_ref idref="oc-303"/>
      </symbol>
      <symbol id="sm-eff">
         <name>fputs</name>
         <value>0x10305</value>
         <object_component_ref idref="oc-567"/>
      </symbol>
      <symbol id="sm-f18">
         <name>__TI_buff_read</name>
         <value>0x111b9</value>
         <object_component_ref idref="oc-4ff"/>
      </symbol>
      <symbol id="sm-f3d">
         <name>__TI_wrt_ok</name>
         <value>0x119fd</value>
         <object_component_ref idref="oc-4e5"/>
      </symbol>
      <symbol id="sm-f3e">
         <name>__TI_rd_ok</name>
         <value>0x11f0d</value>
         <object_component_ref idref="oc-4f9"/>
      </symbol>
      <symbol id="sm-f5a">
         <name>setvbuf</name>
         <value>0x10ed1</value>
         <object_component_ref idref="oc-698"/>
      </symbol>
      <symbol id="sm-f65">
         <name>__aeabi_l2f</name>
         <value>0x11fe9</value>
         <object_component_ref idref="oc-27d"/>
      </symbol>
      <symbol id="sm-f80">
         <name>memcpy</name>
         <value>0x11255</value>
         <object_component_ref idref="oc-5c"/>
      </symbol>
      <symbol id="sm-f81">
         <name>__aeabi_memcpy</name>
         <value>0x11255</value>
         <object_component_ref idref="oc-5c"/>
      </symbol>
      <symbol id="sm-f82">
         <name>__aeabi_memcpy8</name>
         <value>0x11255</value>
         <object_component_ref idref="oc-5c"/>
      </symbol>
      <symbol id="sm-f83">
         <name>__aeabi_memcpy4</name>
         <value>0x11255</value>
         <object_component_ref idref="oc-5c"/>
      </symbol>
      <symbol id="sm-f92">
         <name>__aeabi_memset</name>
         <value>0x115ad</value>
         <object_component_ref idref="oc-e5"/>
      </symbol>
      <symbol id="sm-f93">
         <name>memset</name>
         <value>0x115b3</value>
         <object_component_ref idref="oc-e5"/>
      </symbol>
      <symbol id="sm-f94">
         <name>__aeabi_memset8</name>
         <value>0x115ad</value>
         <object_component_ref idref="oc-e5"/>
      </symbol>
      <symbol id="sm-f95">
         <name>__aeabi_memset4</name>
         <value>0x115ad</value>
         <object_component_ref idref="oc-e5"/>
      </symbol>
      <symbol id="sm-f96">
         <name>__aeabi_memclr8</name>
         <value>0x115ab</value>
         <object_component_ref idref="oc-e5"/>
      </symbol>
      <symbol id="sm-f97">
         <name>__aeabi_memclr4</name>
         <value>0x115ab</value>
         <object_component_ref idref="oc-e5"/>
      </symbol>
      <symbol id="sm-f98">
         <name>__aeabi_memclr</name>
         <value>0x115ab</value>
         <object_component_ref idref="oc-e5"/>
      </symbol>
      <symbol id="sm-fa4">
         <name>__aeabi_uidivmod</name>
         <value>0x11dd8</value>
         <object_component_ref idref="oc-247"/>
      </symbol>
      <symbol id="sm-fa5">
         <name>__aeabi_uidiv</name>
         <value>0x11dd8</value>
         <object_component_ref idref="oc-247"/>
      </symbol>
      <symbol id="sm-fc0">
         <name>__aeabi_uldivmod</name>
         <value>0xef70</value>
         <object_component_ref idref="oc-6c4"/>
      </symbol>
      <symbol id="sm-fe8">
         <name>__TI_auto_init_nobinit_nopinit</name>
         <value>0x120b9</value>
         <object_component_ref idref="oc-109"/>
      </symbol>
      <symbol id="sm-ffb">
         <name>__TI_zero_init</name>
         <value>0x12677</value>
         <object_component_ref idref="oc-6e"/>
      </symbol>
      <symbol id="sm-1012">
         <name>__TI_decompress_none</name>
         <value>0x12669</value>
         <object_component_ref idref="oc-15"/>
      </symbol>
      <symbol id="sm-1035">
         <name>__TI_decompress_lzss</name>
         <value>0x11859</value>
         <object_component_ref idref="oc-f"/>
      </symbol>
      <symbol id="sm-105b">
         <name>C$$EXIT</name>
         <value>0x126bb</value>
         <object_component_ref idref="oc-183"/>
      </symbol>
      <symbol id="sm-105c">
         <name>abort</name>
         <value>0x126bb</value>
         <object_component_ref idref="oc-183"/>
      </symbol>
      <symbol id="sm-105d">
         <name>__TI_dtors_ptr</name>
         <value>0x80023b4</value>
         <object_component_ref idref="oc-38f"/>
      </symbol>
      <symbol id="sm-105e">
         <name>__TI_cleanup_ptr</name>
         <value>0x80023b0</value>
         <object_component_ref idref="oc-38f"/>
      </symbol>
      <symbol id="sm-105f">
         <name>__TI_enable_exit_profile_output</name>
         <value>0x80023b8</value>
         <object_component_ref idref="oc-38f"/>
      </symbol>
      <symbol id="sm-1060">
         <name>exit</name>
         <value>0x120fd</value>
         <object_component_ref idref="oc-189"/>
      </symbol>
      <symbol id="sm-1075">
         <name>_nop</name>
         <value>0x73bb</value>
         <object_component_ref idref="oc-559"/>
      </symbol>
      <symbol id="sm-1076">
         <name>_lock</name>
         <value>0x80023c8</value>
         <object_component_ref idref="oc-332"/>
      </symbol>
      <symbol id="sm-1077">
         <name>_unlock</name>
         <value>0x80023cc</value>
         <object_component_ref idref="oc-332"/>
      </symbol>
      <symbol id="sm-1086">
         <name>__TI_ltoa</name>
         <value>0x11c91</value>
         <object_component_ref idref="oc-6ca"/>
      </symbol>
      <symbol id="sm-10c2">
         <name>asctime</name>
         <value>0x117ed</value>
         <object_component_ref idref="oc-2e4"/>
      </symbol>
      <symbol id="sm-10cf">
         <name>atof</name>
         <value>0x126a5</value>
         <object_component_ref idref="oc-271"/>
      </symbol>
      <symbol id="sm-10e4">
         <name>atoi</name>
         <value>0x11d89</value>
         <object_component_ref idref="oc-517"/>
      </symbol>
      <symbol id="sm-10f9">
         <name>atoll</name>
         <value>0x11389</value>
         <object_component_ref idref="oc-277"/>
      </symbol>
      <symbol id="sm-1104">
         <name>_ctypes_</name>
         <value>0x12c80</value>
         <object_component_ref idref="oc-42e"/>
      </symbol>
      <symbol id="sm-1119">
         <name>__TI_tmpnams</name>
         <value>0x8001f20</value>
      </symbol>
      <symbol id="sm-111a">
         <name>__aeabi_stdout</name>
         <value>0x80023a8</value>
         <object_component_ref idref="oc-4bd"/>
      </symbol>
      <symbol id="sm-111b">
         <name>__aeabi_stderr</name>
         <value>0x80023ac</value>
         <object_component_ref idref="oc-4bd"/>
      </symbol>
      <symbol id="sm-111c">
         <name>__aeabi_stdin</name>
         <value>0x80023a4</value>
         <object_component_ref idref="oc-4bd"/>
      </symbol>
      <symbol id="sm-111d">
         <name>_ftable</name>
         <value>0x8002174</value>
         <object_component_ref idref="oc-335"/>
      </symbol>
      <symbol id="sm-111e">
         <name>__TI_ft_end</name>
         <value>0x80023a0</value>
         <object_component_ref idref="oc-4bd"/>
      </symbol>
      <symbol id="sm-114b">
         <name>__localtime32</name>
         <value>0x100a1</value>
         <object_component_ref idref="oc-2de"/>
      </symbol>
      <symbol id="sm-114c">
         <name>localtime</name>
         <value>0x100a1</value>
         <object_component_ref idref="oc-2de"/>
      </symbol>
      <symbol id="sm-115c">
         <name>memccpy</name>
         <value>0x124b9</value>
         <object_component_ref idref="oc-53b"/>
      </symbol>
      <symbol id="sm-116c">
         <name>memchr</name>
         <value>0x12521</value>
         <object_component_ref idref="oc-711"/>
      </symbol>
      <symbol id="sm-11ef">
         <name>_sys_memory</name>
         <value>0x8001500</value>
         <object_component_ref idref="oc-4e"/>
      </symbol>
      <symbol id="sm-11f0">
         <name>free</name>
         <value>0x10c2d</value>
         <object_component_ref idref="oc-2fc"/>
      </symbol>
      <symbol id="sm-11f1">
         <name>memalign</name>
         <value>0x10859</value>
         <object_component_ref idref="oc-480"/>
      </symbol>
      <symbol id="sm-11f2">
         <name>malloc</name>
         <value>0x1269d</value>
         <object_component_ref idref="oc-2d2"/>
      </symbol>
      <symbol id="sm-11f3">
         <name>aligned_alloc</name>
         <value>0x10859</value>
         <object_component_ref idref="oc-480"/>
      </symbol>
      <symbol id="sm-1225">
         <name>mktime</name>
         <value>0xf225</value>
         <object_component_ref idref="oc-494"/>
      </symbol>
      <symbol id="sm-1226">
         <name>__mktime32</name>
         <value>0xf225</value>
         <object_component_ref idref="oc-494"/>
      </symbol>
      <symbol id="sm-1236">
         <name>strcat</name>
         <value>0x12541</value>
         <object_component_ref idref="oc-2ac"/>
      </symbol>
      <symbol id="sm-1246">
         <name>strchr</name>
         <value>0x125f7</value>
         <object_component_ref idref="oc-5fe"/>
      </symbol>
      <symbol id="sm-1255">
         <name>strcmp</name>
         <value>0x125c7</value>
         <object_component_ref idref="oc-265"/>
      </symbol>
      <symbol id="sm-1263">
         <name>strcpy</name>
         <value>0x12623</value>
         <object_component_ref idref="oc-26b"/>
      </symbol>
      <symbol id="sm-1271">
         <name>strlen</name>
         <value>0x1260d</value>
         <object_component_ref idref="oc-511"/>
      </symbol>
      <symbol id="sm-12c6">
         <name>strtold</name>
         <value>0xe571</value>
         <object_component_ref idref="oc-426"/>
      </symbol>
      <symbol id="sm-12c7">
         <name>strtod</name>
         <value>0xe571</value>
         <object_component_ref idref="oc-426"/>
      </symbol>
      <symbol id="sm-12df">
         <name>strtok</name>
         <value>0x12205</value>
         <object_component_ref idref="oc-25f"/>
      </symbol>
      <symbol id="sm-12ef">
         <name>_tz</name>
         <value>0x8002390</value>
         <object_component_ref idref="oc-49a"/>
      </symbol>
      <symbol id="sm-1309">
         <name>write</name>
         <value>0x12491</value>
         <object_component_ref idref="oc-4f1"/>
      </symbol>
      <symbol id="sm-131a">
         <name>_stream</name>
         <value>0x80022dc</value>
         <object_component_ref idref="oc-6a2"/>
      </symbol>
      <symbol id="sm-131b">
         <name>_device</name>
         <value>0x8002264</value>
         <object_component_ref idref="oc-781"/>
      </symbol>
      <symbol id="sm-132e">
         <name>__time32</name>
         <value>0x1265b</value>
         <object_component_ref idref="oc-2d8"/>
      </symbol>
      <symbol id="sm-132f">
         <name>time</name>
         <value>0x1265b</value>
         <object_component_ref idref="oc-2d8"/>
      </symbol>
      <symbol id="sm-134c">
         <name>open</name>
         <value>0x10fad</value>
         <object_component_ref idref="oc-66b"/>
      </symbol>
      <symbol id="sm-1360">
         <name>close</name>
         <value>0x11c39</value>
         <object_component_ref idref="oc-680"/>
      </symbol>
      <symbol id="sm-1375">
         <name>__aeabi_CLOCKS_PER_SEC</name>
         <value>0x12f78</value>
         <object_component_ref idref="oc-286"/>
      </symbol>
      <symbol id="sm-138b">
         <name>__aeabi_errno_addr</name>
         <value>0x1268d</value>
         <object_component_ref idref="oc-547"/>
      </symbol>
      <symbol id="sm-138c">
         <name>errno</name>
         <value>0x8002408</value>
         <object_component_ref idref="oc-6fb"/>
      </symbol>
      <symbol id="sm-13a5">
         <name>wcslen</name>
         <value>0x12649</value>
         <object_component_ref idref="oc-541"/>
      </symbol>
      <symbol id="sm-13c3">
         <name>frexpl</name>
         <value>0x11699</value>
         <object_component_ref idref="oc-6eb"/>
      </symbol>
      <symbol id="sm-13c4">
         <name>frexp</name>
         <value>0x11699</value>
         <object_component_ref idref="oc-6eb"/>
      </symbol>
      <symbol id="sm-13e1">
         <name>scalbn</name>
         <value>0x10a55</value>
         <object_component_ref idref="oc-5c6"/>
      </symbol>
      <symbol id="sm-13e2">
         <name>scalbnl</name>
         <value>0x10a55</value>
         <object_component_ref idref="oc-5c6"/>
      </symbol>
      <symbol id="sm-13e3">
         <name>ldexpl</name>
         <value>0x10a55</value>
         <object_component_ref idref="oc-5c6"/>
      </symbol>
      <symbol id="sm-13e4">
         <name>ldexp</name>
         <value>0x10a55</value>
         <object_component_ref idref="oc-5c6"/>
      </symbol>
      <symbol id="sm-140e">
         <name>snprintf</name>
         <value>0x11ec1</value>
         <object_component_ref idref="oc-4a7"/>
      </symbol>
      <symbol id="sm-14c6">
         <name>__TI_scanfi</name>
         <value>0x53f1</value>
         <object_component_ref idref="oc-43f"/>
      </symbol>
      <symbol id="sm-14d8">
         <name>fseek</name>
         <value>0x11ac5</value>
         <object_component_ref idref="oc-692"/>
      </symbol>
      <symbol id="sm-14fb">
         <name>finddevice</name>
         <value>0x12359</value>
         <object_component_ref idref="oc-7d5"/>
      </symbol>
      <symbol id="sm-14fc">
         <name>getdevice</name>
         <value>0x12141</value>
         <object_component_ref idref="oc-760"/>
      </symbol>
      <symbol id="sm-1506">
         <name>__aeabi_idiv0</name>
         <value>0x11117</value>
         <object_component_ref idref="oc-3f0"/>
      </symbol>
      <symbol id="sm-1507">
         <name>__aeabi_ldiv0</name>
         <value>0x11117</value>
         <object_component_ref idref="oc-3f0"/>
      </symbol>
      <symbol id="sm-1518">
         <name>__aeabi_ldivmod</name>
         <value>0x112f0</value>
         <object_component_ref idref="oc-631"/>
      </symbol>
      <symbol id="sm-1529">
         <name>strcspn</name>
         <value>0x124df</value>
         <object_component_ref idref="oc-417"/>
      </symbol>
      <symbol id="sm-1539">
         <name>strncpy</name>
         <value>0x122b9</value>
         <object_component_ref idref="oc-7cf"/>
      </symbol>
      <symbol id="sm-1547">
         <name>strrchr</name>
         <value>0x125df</value>
         <object_component_ref idref="oc-5f8"/>
      </symbol>
      <symbol id="sm-1559">
         <name>strspn</name>
         <value>0x12415</value>
         <object_component_ref idref="oc-411"/>
      </symbol>
      <symbol id="sm-157b">
         <name>strtol</name>
         <value>0x101d5</value>
         <object_component_ref idref="oc-5ec"/>
      </symbol>
      <symbol id="sm-15a1">
         <name>strtoll</name>
         <value>0xfbb9</value>
         <object_component_ref idref="oc-5f2"/>
      </symbol>
      <symbol id="sm-15c1">
         <name>strtoul</name>
         <value>0x10645</value>
         <object_component_ref idref="oc-5e0"/>
      </symbol>
      <symbol id="sm-15e4">
         <name>strtoull</name>
         <value>0xff3d</value>
         <object_component_ref idref="oc-5e6"/>
      </symbol>
      <symbol id="sm-15f4">
         <name>unlink</name>
         <value>0x123e9</value>
         <object_component_ref idref="oc-686"/>
      </symbol>
      <symbol id="sm-1607">
         <name>HOSTclock</name>
         <value>0x11f59</value>
         <object_component_ref idref="oc-259"/>
      </symbol>
      <symbol id="sm-1618">
         <name>HOSTclose</name>
         <value>0x12031</value>
         <object_component_ref idref="oc-7f4"/>
      </symbol>
      <symbol id="sm-1629">
         <name>HOSTlseek</name>
         <value>0x118c5</value>
         <object_component_ref idref="oc-806"/>
      </symbol>
      <symbol id="sm-163b">
         <name>parmbuf</name>
         <value>0x800213c</value>
      </symbol>
      <symbol id="sm-163c">
         <name>HOSTopen</name>
         <value>0x11b29</value>
         <object_component_ref idref="oc-7ee"/>
      </symbol>
      <symbol id="sm-164d">
         <name>HOSTread</name>
         <value>0x11b85</value>
         <object_component_ref idref="oc-7fa"/>
      </symbol>
      <symbol id="sm-165e">
         <name>HOSTrename</name>
         <value>0x11781</value>
         <object_component_ref idref="oc-812"/>
      </symbol>
      <symbol id="sm-1676">
         <name>HOSTtime</name>
         <value>0x11fa1</value>
         <object_component_ref idref="oc-487"/>
      </symbol>
      <symbol id="sm-1687">
         <name>HOSTunlink</name>
         <value>0x12075</value>
         <object_component_ref idref="oc-80c"/>
      </symbol>
      <symbol id="sm-1698">
         <name>HOSTwrite</name>
         <value>0x11be1</value>
         <object_component_ref idref="oc-800"/>
      </symbol>
      <symbol id="sm-16bc">
         <name>__TI_readmsg</name>
         <value>0x12325</value>
         <object_component_ref idref="oc-402"/>
      </symbol>
      <symbol id="sm-16bd">
         <name>C$$IO$$</name>
         <value>0x12277</value>
         <object_component_ref idref="oc-3fc"/>
      </symbol>
      <symbol id="sm-16be">
         <name>__CIOBUF_</name>
         <value>0x8001d00</value>
         <object_component_ref idref="oc-5ad"/>
      </symbol>
      <symbol id="sm-16bf">
         <name>__TI_writemsg</name>
         <value>0x12245</value>
         <object_component_ref idref="oc-3fc"/>
      </symbol>
      <symbol id="sm-16cf">
         <name>lseek</name>
         <value>0x12469</value>
         <object_component_ref idref="oc-76e"/>
      </symbol>
      <symbol id="sm-16d9">
         <name>copysign</name>
         <value>0x12501</value>
         <object_component_ref idref="oc-728"/>
      </symbol>
      <symbol id="sm-16da">
         <name>copysignl</name>
         <value>0x12501</value>
         <object_component_ref idref="oc-728"/>
      </symbol>
      <symbol id="sm-16e3">
         <name>__aeabi_lmul</name>
         <value>0x125af</value>
         <object_component_ref idref="oc-73d"/>
      </symbol>
      <symbol id="sm-16e4">
         <name>__TI_static_base__</name>
         <value>0x0</value>
      </symbol>
      <symbol id="sm-16e9">
         <name>SHT$$INIT_ARRAY$$Base</name>
         <value>0x0</value>
      </symbol>
      <symbol id="sm-16ea">
         <name>SHT$$INIT_ARRAY$$Limit</name>
         <value>0x0</value>
      </symbol>
      <symbol id="sm-16eb">
         <name>_system_post_cinit</name>
         <value>0x0</value>
      </symbol>
      <symbol id="sm-16ec">
         <name>remove</name>
         <value>0x123e9</value>
      </symbol>
      <symbol id="sm-16ed">
         <name>clock</name>
         <value>0x11f59</value>
      </symbol>
   </symbol_table>
   <title>Link successful</title>
</link_info>
